../Core/ADBMS6830/src/adBms_Application.c:86:6:adbms_init_loop	8	static
../Core/ADBMS6830/src/adBms_Application.c:91:6:adbms_readCell_loop	8	static
../Core/ADBMS6830/src/adBms_Application.c:96:6:adbms_startCellConv_loop	16	static
../Core/ADBMS6830/src/adBms_Application.c:101:6:adbms_readTempToggle	8	static
../Core/ADBMS6830/src/adBms_Application.c:106:6:testOpenWire	8	static
../Core/ADBMS6830/src/adBms_Application.c:116:6:adbmsReinit	24	static
../Core/ADBMS6830/src/adBms_Application.c:132:6:adbmsReinitMain	8	static
../Core/ADBMS6830/src/adBms_Application.c:143:6:adBms6830_init_config	40	static
../Core/ADBMS6830/src/adBms_Application.c:179:6:adBms6830_write_read_config	24	static
../Core/ADBMS6830/src/adBms_Application.c:195:6:adBms6830_write_config	24	static
../Core/ADBMS6830/src/adBms_Application.c:208:6:adBms6830_read_config	24	static
../Core/ADBMS6830/src/adBms_Application.c:221:6:adBms6830_start_adc_cell_voltage_measurment	32	static
../Core/ADBMS6830/src/adBms_Application.c:239:6:adBms6830_read_cell_voltages	24	static
../Core/ADBMS6830/src/adBms_Application.c:256:6:adBms6830_start_adc_s_voltage_measurment	16	static
../Core/ADBMS6830/src/adBms_Application.c:274:6:adBms6830_read_s_voltages	24	static
../Core/ADBMS6830/src/adBms_Application.c:291:6:adBms6830_start_avgcell_voltage_measurment	24	static
../Core/ADBMS6830/src/adBms_Application.c:309:6:adBms6830_read_avgcell_voltages	24	static
../Core/ADBMS6830/src/adBms_Application.c:333:6:adBms6830_read_fcell_voltages	24	static
../Core/ADBMS6830/src/adBms_Application.c:350:6:adBms6830_start_aux_voltage_measurment	32	static
../Core/ADBMS6830/src/adBms_Application.c:375:6:adBms6830_read_aux_voltages	24	static
../Core/ADBMS6830/src/adBms_Application.c:390:6:adBms6830_start_raux_voltage_measurment	32	static
../Core/ADBMS6830/src/adBms_Application.c:415:6:adBms6830_read_raux_voltages	24	static
../Core/ADBMS6830/src/adBms_Application.c:430:6:adBms6830_read_status_registers	32	static
../Core/ADBMS6830/src/adBms_Application.c:458:6:adBms6830_clear_cell_measurement	16	static
../Core/ADBMS6830/src/adBms_Application.c:474:6:adBms6830_clear_aux_measurement	16	static
../Core/ADBMS6830/src/adBms_Application.c:490:6:adBms6830_clear_spin_measurement	16	static
../Core/ADBMS6830/src/adBms_Application.c:506:6:adBms6830_clear_fcell_measurement	16	static
../Core/ADBMS6830/src/adBms_Application.c:520:6:adBms6830_setgpo_69	48	static
