../Core/ADBMS6830/src/adBms6830ParseCreate.c:44:10:SetOverVoltageThreshold	24	static
../Core/ADBMS6830/src/adBms6830ParseCreate.c:70:10:SetUnderVoltageThreshold	24	static
../Core/ADBMS6830/src/adBms6830ParseCreate.c:98:9:ConfigA_Flag	24	static
../Core/ADBMS6830/src/adBms6830ParseCreate.c:129:10:ConfigA_Gpo	24	static
../Core/ADBMS6830/src/adBms6830ParseCreate.c:160:10:ConfigB_DccBit	24	static
../Core/ADBMS6830/src/adBms6830ParseCreate.c:195:6:SetConfigB_DischargeTimeOutValue	24	static
../Core/ADBMS6830/src/adBms6830ParseCreate.c:230:6:SetPwmDutyCycle	24	static
../Core/ADBMS6830/src/adBms6830ParseCreate.c:265:6:adBms6830ParseConfiga	32	static
../Core/ADBMS6830/src/adBms6830ParseCreate.c:310:6:adBms6830ParseConfigb	32	static
../Core/ADBMS6830/src/adBms6830ParseCreate.c:348:6:adBms6830ParseConfig	24	static
../Core/ADBMS6830/src/adBms6830ParseCreate.c:387:6:adBms6830ParseCell	32	static
../Core/ADBMS6830/src/adBms6830ParseCreate.c:491:6:adBms6830ParseAverageCell	32	static
../Core/ADBMS6830/src/adBms6830ParseCreate.c:594:6:adBms6830ParseSCell	32	static
../Core/ADBMS6830/src/adBms6830ParseCreate.c:696:6:adBms6830ParseFCell	32	static
../Core/ADBMS6830/src/adBms6830ParseCreate.c:798:6:adBms6830ParseAux	32	static
../Core/ADBMS6830/src/adBms6830ParseCreate.c:886:6:adBms6830ParseRAux	32	static
../Core/ADBMS6830/src/adBms6830ParseCreate.c:968:6:adBms6830ParseStatusA	32	static
../Core/ADBMS6830/src/adBms6830ParseCreate.c:1000:6:adBms6830ParseStatusB	32	static
../Core/ADBMS6830/src/adBms6830ParseCreate.c:1032:6:adBms6830ParseStatusC	32	static
../Core/ADBMS6830/src/adBms6830ParseCreate.c:1078:6:adBms6830ParseStatusD	32	static
../Core/ADBMS6830/src/adBms6830ParseCreate.c:1148:6:adBms6830ParseStatusE	32	static
../Core/ADBMS6830/src/adBms6830ParseCreate.c:1179:6:adBms6830ParseStatus	40	static
../Core/ADBMS6830/src/adBms6830ParseCreate.c:1247:6:adBms6830ParseComm	32	static
../Core/ADBMS6830/src/adBms6830ParseCreate.c:1285:6:adBms6830ParseSID	32	static
../Core/ADBMS6830/src/adBms6830ParseCreate.c:1320:6:adBms6830ParsePwma	32	static
../Core/ADBMS6830/src/adBms6830ParseCreate.c:1361:6:adBms6830ParsePwmb	32	static
../Core/ADBMS6830/src/adBms6830ParseCreate.c:1394:6:adBms6830ParsePwm	24	static
../Core/ADBMS6830/src/adBms6830ParseCreate.c:1428:6:adBms6830CreateConfiga	24	static
../Core/ADBMS6830/src/adBms6830ParseCreate.c:1458:6:adBms6830CreateConfigb	24	static
../Core/ADBMS6830/src/adBms6830ParseCreate.c:1488:6:adBms6830CreateClrflagData	24	static
../Core/ADBMS6830/src/adBms6830ParseCreate.c:1520:6:adBms6830CreateComm	24	static
../Core/ADBMS6830/src/adBms6830ParseCreate.c:1550:6:adBms6830CreatePwma	24	static
../Core/ADBMS6830/src/adBms6830ParseCreate.c:1579:6:adBms6830CreatePwmb	24	static
