../Core/ADBMS6830/src/adBms6830GenericType.c:104:10:Pec15_Calc	24	static
../Core/ADBMS6830/src/adBms6830GenericType.c:120:10:pec10_calc	32	static
../Core/ADBMS6830/src/adBms6830GenericType.c:170:10:adi_pec10_calc_table	24	static
../Core/ADBMS6830/src/adBms6830GenericType.c:210:10:CalcPEC10	48	static
../Core/ADBMS6830/src/adBms6830GenericType.c:248:6:spiSendCmd	24	static
../Core/ADBMS6830/src/adBms6830GenericType.c:283:6:spiReadData	56	static
../Core/ADBMS6830/src/adBms6830GenericType.c:369:6:adBmsReadData	72	static
../Core/ADBMS6830/src/adBms6830GenericType.c:625:6:spiWriteData	48	static
../Core/ADBMS6830/src/adBms6830GenericType.c:703:6:adBmsWriteData	48	static
../Core/ADBMS6830/src/adBms6830GenericType.c:820:10:adBmsPollAdc	32	static
../Core/ADBMS6830/src/adBms6830GenericType.c:867:6:adBms6830_Adcv	32	static
../Core/ADBMS6830/src/adBms6830GenericType.c:901:6:adBms6830_Adsv	24	static
../Core/ADBMS6830/src/adBms6830GenericType.c:933:6:adBms6830_Adax	24	static
../Core/ADBMS6830/src/adBms6830GenericType.c:960:6:adBms6830_Adax2	24	static
