../Core/ADBMS6830/src/adBms_Application.c:92:6:adbms_init_loop	8	static
../Core/ADBMS6830/src/adBms_Application.c:97:6:adbms_readCell_loop	8	static
../Core/ADBMS6830/src/adBms_Application.c:102:6:adbms_startCellConv_loop	16	static
../Core/ADBMS6830/src/adBms_Application.c:107:6:adbms_readTempToggle	8	static
../Core/ADBMS6830/src/adBms_Application.c:112:6:testOpenWire	8	static
../Core/ADBMS6830/src/adBms_Application.c:122:6:adbmsReinit	24	static
../Core/ADBMS6830/src/adBms_Application.c:138:6:adbmsReinitMain	8	static
../Core/ADBMS6830/src/adBms_Application.c:149:6:adBms6830_init_config	40	static
../Core/ADBMS6830/src/adBms_Application.c:189:6:adBms6830_write_read_config	24	static
../Core/ADBMS6830/src/adBms_Application.c:205:6:adBms6830_write_config	24	static
../Core/ADBMS6830/src/adBms_Application.c:218:6:adBms6830_read_config	24	static
../Core/ADBMS6830/src/adBms_Application.c:231:6:adBms6830_start_adc_cell_voltage_measurment	32	static
../Core/ADBMS6830/src/adBms_Application.c:245:6:adBms6830_read_cell_voltages	24	static
../Core/ADBMS6830/src/adBms_Application.c:262:6:adBms6830_start_adc_s_voltage_measurment	16	static
../Core/ADBMS6830/src/adBms_Application.c:276:6:adBms6830_read_s_voltages	24	static
../Core/ADBMS6830/src/adBms_Application.c:293:6:adBms6830_start_avgcell_voltage_measurment	24	static
../Core/ADBMS6830/src/adBms_Application.c:305:6:adBms6830_read_avgcell_voltages	24	static
../Core/ADBMS6830/src/adBms_Application.c:329:6:adBms6830_read_fcell_voltages	24	static
../Core/ADBMS6830/src/adBms_Application.c:346:6:adBms6830_start_aux_voltage_measurment	32	static
../Core/ADBMS6830/src/adBms_Application.c:366:6:adBms6830_read_aux_voltages	24	static
../Core/ADBMS6830/src/adBms_Application.c:381:6:adBms6830_start_raux_voltage_measurment	32	static
../Core/ADBMS6830/src/adBms_Application.c:401:6:adBms6830_read_raux_voltages	24	static
../Core/ADBMS6830/src/adBms_Application.c:416:6:adBms6830_read_status_registers	32	static
../Core/ADBMS6830/src/adBms_Application.c:444:6:adBms6830_clear_cell_measurement	16	static
../Core/ADBMS6830/src/adBms_Application.c:455:6:adBms6830_clear_aux_measurement	16	static
../Core/ADBMS6830/src/adBms_Application.c:466:6:adBms6830_clear_spin_measurement	16	static
../Core/ADBMS6830/src/adBms_Application.c:477:6:adBms6830_clear_fcell_measurement	16	static
../Core/ADBMS6830/src/adBms_Application.c:496:6:adBms6830_setgpo_69	48	static
../Core/ADBMS6830/src/adBms_Application.c:544:6:cellDischarge	24	static
../Core/ADBMS6830/src/adBms_Application.c:561:6:cellDisc	16	static
