../Core/ADBMS6830/src/adBms6830ParseCreate.c:46:10:SetOverVoltageThreshold	24	static
../Core/ADBMS6830/src/adBms6830ParseCreate.c:72:10:SetUnderVoltageThreshold	24	static
../Core/ADBMS6830/src/adBms6830ParseCreate.c:100:9:ConfigA_Flag	24	static
../Core/ADBMS6830/src/adBms6830ParseCreate.c:131:10:ConfigA_Gpo	24	static
../Core/ADBMS6830/src/adBms6830ParseCreate.c:162:10:ConfigB_DccBit	24	static
../Core/ADBMS6830/src/adBms6830ParseCreate.c:197:6:SetConfigB_DischargeTimeOutValue	24	static
../Core/ADBMS6830/src/adBms6830ParseCreate.c:232:6:SetPwmDutyCycle	24	static
../Core/ADBMS6830/src/adBms6830ParseCreate.c:267:6:adBms6830ParseConfiga	32	static
../Core/ADBMS6830/src/adBms6830ParseCreate.c:312:6:adBms6830ParseConfigb	32	static
../Core/ADBMS6830/src/adBms6830ParseCreate.c:350:6:adBms6830ParseConfig	24	static
../Core/ADBMS6830/src/adBms6830ParseCreate.c:389:6:adBms6830ParseCell	32	static
../Core/ADBMS6830/src/adBms6830ParseCreate.c:493:6:adBms6830ParseAverageCell	32	static
../Core/ADBMS6830/src/adBms6830ParseCreate.c:596:6:adBms6830ParseSCell	32	static
../Core/ADBMS6830/src/adBms6830ParseCreate.c:698:6:adBms6830ParseFCell	32	static
../Core/ADBMS6830/src/adBms6830ParseCreate.c:800:6:adBms6830ParseAux	32	static
../Core/ADBMS6830/src/adBms6830ParseCreate.c:888:6:adBms6830ParseRAux	32	static
../Core/ADBMS6830/src/adBms6830ParseCreate.c:970:6:adBms6830ParseStatusA	32	static
../Core/ADBMS6830/src/adBms6830ParseCreate.c:1002:6:adBms6830ParseStatusB	32	static
../Core/ADBMS6830/src/adBms6830ParseCreate.c:1034:6:adBms6830ParseStatusC	32	static
../Core/ADBMS6830/src/adBms6830ParseCreate.c:1080:6:adBms6830ParseStatusD	32	static
../Core/ADBMS6830/src/adBms6830ParseCreate.c:1150:6:adBms6830ParseStatusE	32	static
../Core/ADBMS6830/src/adBms6830ParseCreate.c:1181:6:adBms6830ParseStatus	40	static
../Core/ADBMS6830/src/adBms6830ParseCreate.c:1249:6:adBms6830ParseComm	32	static
../Core/ADBMS6830/src/adBms6830ParseCreate.c:1287:6:adBms6830ParseSID	32	static
../Core/ADBMS6830/src/adBms6830ParseCreate.c:1322:6:adBms6830ParsePwma	32	static
../Core/ADBMS6830/src/adBms6830ParseCreate.c:1363:6:adBms6830ParsePwmb	32	static
../Core/ADBMS6830/src/adBms6830ParseCreate.c:1396:6:adBms6830ParsePwm	24	static
../Core/ADBMS6830/src/adBms6830ParseCreate.c:1430:6:adBms6830CreateConfiga	24	static
../Core/ADBMS6830/src/adBms6830ParseCreate.c:1460:6:adBms6830CreateConfigb	24	static
../Core/ADBMS6830/src/adBms6830ParseCreate.c:1490:6:adBms6830CreateClrflagData	24	static
../Core/ADBMS6830/src/adBms6830ParseCreate.c:1522:6:adBms6830CreateComm	24	static
../Core/ADBMS6830/src/adBms6830ParseCreate.c:1552:6:adBms6830CreatePwma	24	static
../Core/ADBMS6830/src/adBms6830ParseCreate.c:1581:6:adBms6830CreatePwmb	24	static
