../Core/ADBMS6830/src/adBms_Application.c:92:6:adbms_init_loop	8	static
../Core/ADBMS6830/src/adBms_Application.c:97:6:adbms_readCell_loop	8	static
../Core/ADBMS6830/src/adBms_Application.c:102:6:adbms_startCellConv_loop	16	static
../Core/ADBMS6830/src/adBms_Application.c:107:6:adbms_readTempToggle	8	static
../Core/ADBMS6830/src/adBms_Application.c:112:6:testOpenWire	8	static
../Core/ADBMS6830/src/adBms_Application.c:122:6:adbmsReinit	24	static
../Core/ADBMS6830/src/adBms_Application.c:138:6:adbmsReinitMain	8	static
../Core/ADBMS6830/src/adBms_Application.c:149:6:adBms6830_init_config	40	static
../Core/ADBMS6830/src/adBms_Application.c:186:6:adBms6830_write_read_config	24	static
../Core/ADBMS6830/src/adBms_Application.c:202:6:adBms6830_write_config	24	static
../Core/ADBMS6830/src/adBms_Application.c:215:6:adBms6830_read_config	24	static
../Core/ADBMS6830/src/adBms_Application.c:228:6:adBms6830_start_adc_cell_voltage_measurment	32	static
../Core/ADBMS6830/src/adBms_Application.c:242:6:adBms6830_read_cell_voltages	24	static
../Core/ADBMS6830/src/adBms_Application.c:259:6:adBms6830_start_adc_s_voltage_measurment	16	static
../Core/ADBMS6830/src/adBms_Application.c:273:6:adBms6830_read_s_voltages	24	static
../Core/ADBMS6830/src/adBms_Application.c:290:6:adBms6830_start_avgcell_voltage_measurment	24	static
../Core/ADBMS6830/src/adBms_Application.c:302:6:adBms6830_read_avgcell_voltages	24	static
../Core/ADBMS6830/src/adBms_Application.c:326:6:adBms6830_read_fcell_voltages	24	static
../Core/ADBMS6830/src/adBms_Application.c:343:6:adBms6830_start_aux_voltage_measurment	32	static
../Core/ADBMS6830/src/adBms_Application.c:363:6:adBms6830_read_aux_voltages	24	static
../Core/ADBMS6830/src/adBms_Application.c:378:6:adBms6830_start_raux_voltage_measurment	32	static
../Core/ADBMS6830/src/adBms_Application.c:398:6:adBms6830_read_raux_voltages	24	static
../Core/ADBMS6830/src/adBms_Application.c:413:6:adBms6830_read_status_registers	32	static
../Core/ADBMS6830/src/adBms_Application.c:441:6:adBms6830_clear_cell_measurement	16	static
../Core/ADBMS6830/src/adBms_Application.c:452:6:adBms6830_clear_aux_measurement	16	static
../Core/ADBMS6830/src/adBms_Application.c:463:6:adBms6830_clear_spin_measurement	16	static
../Core/ADBMS6830/src/adBms_Application.c:474:6:adBms6830_clear_fcell_measurement	16	static
../Core/ADBMS6830/src/adBms_Application.c:493:6:adBms6830_setgpo_69	48	static
