../Core/ADBMS6830/src/serialPrintResult.c:68:6:printWriteConfig	24	static
../Core/ADBMS6830/src/serialPrintResult.c:138:6:printReadConfig	24	static
../Core/ADBMS6830/src/serialPrintResult.c:237:6:printVoltages	40	static
../Core/ADBMS6830/src/serialPrintResult.c:377:6:printStatus	24	static
../Core/ADBMS6830/src/serialPrintResult.c:597:6:printDeviceSID	24	static
../Core/ADBMS6830/src/serialPrintResult.c:638:6:printWritePwmDutyCycle	24	static
../Core/ADBMS6830/src/serialPrintResult.c:697:6:printReadPwmDutyCycle	24	static
../Core/ADBMS6830/src/serialPrintResult.c:776:6:printWriteCommData	24	static
../Core/ADBMS6830/src/serialPrintResult.c:813:6:printReadCommData	24	static
../Core/ADBMS6830/src/serialPrintResult.c:855:6:printDiagnosticTestResult	24	static
../Core/ADBMS6830/src/serialPrintResult.c:939:6:diagnosticTestResultPrint	16	static
../Core/ADBMS6830/src/serialPrintResult.c:969:6:printOpenWireTestResult	24	static
../Core/ADBMS6830/src/serialPrintResult.c:1030:6:openWireResultPrint	16	static
../Core/ADBMS6830/src/serialPrintResult.c:1053:6:printPollAdcConvTime	16	static
../Core/ADBMS6830/src/serialPrintResult.c:1069:6:printMenu	8	static
../Core/ADBMS6830/src/serialPrintResult.c:1114:7:getVoltage	24	static
