../Core/ADBMS6830/src/serialPrintResult.c:68:6:printWriteConfig	24	static
../Core/ADBMS6830/src/serialPrintResult.c:138:6:printReadConfig	24	static
../Core/ADBMS6830/src/serialPrintResult.c:237:6:printVoltages	40	static
../Core/ADBMS6830/src/serialPrintResult.c:386:6:printStatus	24	static
../Core/ADBMS6830/src/serialPrintResult.c:606:6:printDeviceSID	24	static
../Core/ADBMS6830/src/serialPrintResult.c:647:6:printWritePwmDutyCycle	24	static
../Core/ADBMS6830/src/serialPrintResult.c:706:6:printReadPwmDutyCycle	24	static
../Core/ADBMS6830/src/serialPrintResult.c:785:6:printWriteCommData	24	static
../Core/ADBMS6830/src/serialPrintResult.c:822:6:printReadCommData	24	static
../Core/ADBMS6830/src/serialPrintResult.c:864:6:printDiagnosticTestResult	24	static
../Core/ADBMS6830/src/serialPrintResult.c:948:6:diagnosticTestResultPrint	16	static
../Core/ADBMS6830/src/serialPrintResult.c:978:6:printOpenWireTestResult	24	static
../Core/ADBMS6830/src/serialPrintResult.c:1039:6:openWireResultPrint	16	static
../Core/ADBMS6830/src/serialPrintResult.c:1062:6:printPollAdcConvTime	16	static
../Core/ADBMS6830/src/serialPrintResult.c:1078:6:printMenu	8	static
../Core/ADBMS6830/src/serialPrintResult.c:1123:7:getVoltage	24	static
