../Core/ADBMS6830/src/serialPrintResult.c:64:6:printWriteConfig	24	static
../Core/ADBMS6830/src/serialPrintResult.c:134:6:printReadConfig	24	static
../Core/ADBMS6830/src/serialPrintResult.c:232:6:printVoltages	40	static
../Core/ADBMS6830/src/serialPrintResult.c:351:6:printStatus	24	static
../Core/ADBMS6830/src/serialPrintResult.c:571:6:printDeviceSID	24	static
../Core/ADBMS6830/src/serialPrintResult.c:612:6:printWritePwmDutyCycle	24	static
../Core/ADBMS6830/src/serialPrintResult.c:671:6:printReadPwmDutyCycle	24	static
../Core/ADBMS6830/src/serialPrintResult.c:750:6:printWriteCommData	24	static
../Core/ADBMS6830/src/serialPrintResult.c:787:6:printReadCommData	24	static
../Core/ADBMS6830/src/serialPrintResult.c:829:6:printDiagnosticTestResult	24	static
../Core/ADBMS6830/src/serialPrintResult.c:913:6:diagnosticTestResultPrint	16	static
../Core/ADBMS6830/src/serialPrintResult.c:943:6:printOpenWireTestResult	24	static
../Core/ADBMS6830/src/serialPrintResult.c:1004:6:openWireResultPrint	16	static
../Core/ADBMS6830/src/serialPrintResult.c:1027:6:printPollAdcConvTime	16	static
../Core/ADBMS6830/src/serialPrintResult.c:1043:6:printMenu	8	static
../Core/ADBMS6830/src/serialPrintResult.c:1088:7:getVoltage	24	static
