../Core/ADBMS2950/src/adi_bms_2950data.c:48:6:adBms2950_Adi1	24	static
../Core/ADBMS2950/src/adi_bms_2950data.c:76:6:adBms2950_Adi2	32	static
../Core/ADBMS2950/src/adi_bms_2950data.c:103:6:adBms2950_Adv	24	static
../Core/ADBMS2950/src/adi_bms_2950data.c:149:6:adBms2950_Stcomm	16	static
../Core/ADBMS2950/src/adi_bms_2950data.c:174:9:adBms2950ConfigA_Gpio	24	static
../Core/ADBMS2950/src/adi_bms_2950data.c:205:9:adBms2950ConfigA_Gpo	24	static
../Core/ADBMS2950/src/adi_bms_2950data.c:238:6:adBms2950ParseConfiga	32	static
../Core/ADBMS2950/src/adi_bms_2950data.c:310:6:adBms2950ParseConfigb	32	static
../Core/ADBMS2950/src/adi_bms_2950data.c:370:6:adBms2950ParseConfig	24	static
../Core/ADBMS2950/src/adi_bms_2950data.c:406:6:adBms2950ParseCurrentRegData	32	static
../Core/ADBMS2950/src/adi_bms_2950data.c:442:6:adBms2950ParseVbatRegData	32	static
../Core/ADBMS2950/src/adi_bms_2950data.c:473:6:adBms2950ParseIVbatRegData	32	static
../Core/ADBMS2950/src/adi_bms_2950data.c:504:6:adBms2950ParseOcRegData	32	static
../Core/ADBMS2950/src/adi_bms_2950data.c:555:6:adBms2950ParseAccCurrentRegData	32	static
../Core/ADBMS2950/src/adi_bms_2950data.c:586:6:adBms2950ParseAccVbatRegData	32	static
../Core/ADBMS2950/src/adi_bms_2950data.c:617:6:adBms2950ParseAccIVbatRegData	32	static
../Core/ADBMS2950/src/adi_bms_2950data.c:650:6:adBms2950V1ParseData	32	static
../Core/ADBMS2950/src/adi_bms_2950data.c:732:6:adBms2950V2ParseData	32	static
../Core/ADBMS2950/src/adi_bms_2950data.c:816:6:adBms2950ParseAuxA	32	static
../Core/ADBMS2950/src/adi_bms_2950data.c:848:6:adBms2950ParseAuxB	32	static
../Core/ADBMS2950/src/adi_bms_2950data.c:881:6:adBms2950ParseAuxC	32	static
../Core/ADBMS2950/src/adi_bms_2950data.c:914:6:adBms2950ParseAux	24	static
../Core/ADBMS2950/src/adi_bms_2950data.c:958:6:adBms2950ParseFlag	32	static
../Core/ADBMS2950/src/adi_bms_2950data.c:1062:6:adBms2950ParseStatus	32	static
../Core/ADBMS2950/src/adi_bms_2950data.c:1118:6:adBms2950ParseRdalli	32	static
../Core/ADBMS2950/src/adi_bms_2950data.c:1169:6:adBms2950ParseRdalla	32	static
../Core/ADBMS2950/src/adi_bms_2950data.c:1217:6:adBms2950ParseRdallc	32	static
../Core/ADBMS2950/src/adi_bms_2950data.c:1273:6:adBms2950ParseRdallv	32	static
../Core/ADBMS2950/src/adi_bms_2950data.c:1316:6:adBms2950ParseRdallr	32	static
../Core/ADBMS2950/src/adi_bms_2950data.c:1359:6:adBms2950ParseRdallx	32	static
../Core/ADBMS2950/src/adi_bms_2950data.c:1404:6:adBms2950ParseComm	32	static
../Core/ADBMS2950/src/adi_bms_2950data.c:1442:6:adBms2950ParseSID	32	static
../Core/ADBMS2950/src/adi_bms_2950data.c:1475:6:adBms2950CreateConfiga	24	static
../Core/ADBMS2950/src/adi_bms_2950data.c:1512:6:adBms2950CreateConfigb	24	static
../Core/ADBMS2950/src/adi_bms_2950data.c:1549:6:adBms2950CreateClrflagData	24	static
../Core/ADBMS2950/src/adi_bms_2950data.c:1586:6:adBms2950_IncCalCmdCounter	24	static
../Core/ADBMS2950/src/adi_bms_2950data.c:1614:6:adBms2950CreateComm	24	static
