../Core/ADBMS2950/src/print_result.c:54:6:ad29printWriteConfig	24	static
../Core/ADBMS2950/src/print_result.c:139:6:ad29printReadConfig	24	static
../Core/ADBMS2950/src/print_result.c:232:6:ad29printDeviceSID	24	static
../Core/ADBMS2950/src/print_result.c:271:6:ad29printWriteCommData	24	static
../Core/ADBMS2950/src/print_result.c:308:6:ad29printReadCommData	24	static
../Core/ADBMS2950/src/print_result.c:348:6:ad29printCr	24	static
../Core/ADBMS2950/src/print_result.c:380:6:ad29printVoltages	40	static
../Core/ADBMS2950/src/print_result.c:446:6:ad29printVbat	24	static
../Core/ADBMS2950/src/print_result.c:475:6:ad29printIvbat	24	static
../Core/ADBMS2950/src/print_result.c:506:6:ad29printAccVbat	24	static
../Core/ADBMS2950/src/print_result.c:535:6:ad29printAccIVbat	24	static
../Core/ADBMS2950/src/print_result.c:564:6:ad29printAccCr	24	static
../Core/ADBMS2950/src/print_result.c:593:6:ad29printOc	24	static
../Core/ADBMS2950/src/print_result.c:625:6:ad29printRdallv	24	static
../Core/ADBMS2950/src/print_result.c:672:6:ad29printRdallr	24	static
../Core/ADBMS2950/src/print_result.c:719:6:ad29printRdallx	24	static
../Core/ADBMS2950/src/print_result.c:764:6:ad29printGpV1	40	static
../Core/ADBMS2950/src/print_result.c:806:6:ad29printGpV2	40	static
../Core/ADBMS2950/src/print_result.c:876:6:ad29printFlag	24	static
../Core/ADBMS2950/src/print_result.c:960:6:ad29printStatus	24	static
../Core/ADBMS2950/src/print_result.c:1022:6:ad29printAux	24	static
../Core/ADBMS2950/src/print_result.c:1107:6:ad29printMenu	8	static
../Core/ADBMS2950/src/print_result.c:1155:6:ad29printMsg	16	static
../Core/ADBMS2950/src/print_result.c:1175:6:ad29printPollAdcConvTime	16	static
../Core/ADBMS2950/src/print_result.c:1195:6:ad29printResultCount	16	static
../Core/ADBMS2950/src/print_result.c:1215:6:ad29readUserInupt	16	static
../Core/ADBMS2950/src/print_result.c:1240:7:ad29getVoltage	24	static
../Core/ADBMS2950/src/print_result.c:1261:7:getCurrent	24	static
../Core/ADBMS2950/src/print_result.c:1284:7:getAccCurrent	24	static
../Core/ADBMS2950/src/print_result.c:1306:7:getAccVbat	24	static
../Core/ADBMS2950/src/print_result.c:1327:7:getOverCurrent	24	static
