Archive member included to satisfy reference by file (symbol)

/Applications/STM32CubeIDE.app/Contents/Eclipse/plugins/com.st.stm32cube.ide.mcu.externaltools.gnu-tools-for-stm32.12.3.rel1.macos64_1.1.100.202509120712/tools/bin/../lib/gcc/arm-none-eabi/12.3.1/../../../../arm-none-eabi/lib/thumb/v8-m.main+fp/hard/libc_nano.a(libc_a-calloc.o)
                              ./Core/ADBMS2950/src/adi_bms_2950data.o (calloc)
/Applications/STM32CubeIDE.app/Contents/Eclipse/plugins/com.st.stm32cube.ide.mcu.externaltools.gnu-tools-for-stm32.12.3.rel1.macos64_1.1.100.202509120712/tools/bin/../lib/gcc/arm-none-eabi/12.3.1/../../../../arm-none-eabi/lib/thumb/v8-m.main+fp/hard/libc_nano.a(libc_a-callocr.o)
                              /Applications/STM32CubeIDE.app/Contents/Eclipse/plugins/com.st.stm32cube.ide.mcu.externaltools.gnu-tools-for-stm32.12.3.rel1.macos64_1.1.100.202509120712/tools/bin/../lib/gcc/arm-none-eabi/12.3.1/../../../../arm-none-eabi/lib/thumb/v8-m.main+fp/hard/libc_nano.a(libc_a-calloc.o) (_calloc_r)
/Applications/STM32CubeIDE.app/Contents/Eclipse/plugins/com.st.stm32cube.ide.mcu.externaltools.gnu-tools-for-stm32.12.3.rel1.macos64_1.1.100.202509120712/tools/bin/../lib/gcc/arm-none-eabi/12.3.1/../../../../arm-none-eabi/lib/thumb/v8-m.main+fp/hard/libc_nano.a(libc_a-exit.o)
                              /Applications/STM32CubeIDE.app/Contents/Eclipse/plugins/com.st.stm32cube.ide.mcu.externaltools.gnu-tools-for-stm32.12.3.rel1.macos64_1.1.100.202509120712/tools/bin/../lib/gcc/arm-none-eabi/12.3.1/../../../../arm-none-eabi/lib/thumb/v8-m.main+fp/hard/crt0.o (exit)
/Applications/STM32CubeIDE.app/Contents/Eclipse/plugins/com.st.stm32cube.ide.mcu.externaltools.gnu-tools-for-stm32.12.3.rel1.macos64_1.1.100.202509120712/tools/bin/../lib/gcc/arm-none-eabi/12.3.1/../../../../arm-none-eabi/lib/thumb/v8-m.main+fp/hard/libc_nano.a(libc_a-nano-vfprintf_float.o)
                              (_printf_float)
/Applications/STM32CubeIDE.app/Contents/Eclipse/plugins/com.st.stm32cube.ide.mcu.externaltools.gnu-tools-for-stm32.12.3.rel1.macos64_1.1.100.202509120712/tools/bin/../lib/gcc/arm-none-eabi/12.3.1/../../../../arm-none-eabi/lib/thumb/v8-m.main+fp/hard/libc_nano.a(libc_a-malloc.o)
                              ./Core/ADBMS2950/src/adi_bms_2950data.o (free)
/Applications/STM32CubeIDE.app/Contents/Eclipse/plugins/com.st.stm32cube.ide.mcu.externaltools.gnu-tools-for-stm32.12.3.rel1.macos64_1.1.100.202509120712/tools/bin/../lib/gcc/arm-none-eabi/12.3.1/../../../../arm-none-eabi/lib/thumb/v8-m.main+fp/hard/libc_nano.a(libc_a-mallocr.o)
                              /Applications/STM32CubeIDE.app/Contents/Eclipse/plugins/com.st.stm32cube.ide.mcu.externaltools.gnu-tools-for-stm32.12.3.rel1.macos64_1.1.100.202509120712/tools/bin/../lib/gcc/arm-none-eabi/12.3.1/../../../../arm-none-eabi/lib/thumb/v8-m.main+fp/hard/libc_nano.a(libc_a-callocr.o) (_malloc_r)
/Applications/STM32CubeIDE.app/Contents/Eclipse/plugins/com.st.stm32cube.ide.mcu.externaltools.gnu-tools-for-stm32.12.3.rel1.macos64_1.1.100.202509120712/tools/bin/../lib/gcc/arm-none-eabi/12.3.1/../../../../arm-none-eabi/lib/thumb/v8-m.main+fp/hard/libc_nano.a(libc_a-nano-vfprintf_i.o)
                              /Applications/STM32CubeIDE.app/Contents/Eclipse/plugins/com.st.stm32cube.ide.mcu.externaltools.gnu-tools-for-stm32.12.3.rel1.macos64_1.1.100.202509120712/tools/bin/../lib/gcc/arm-none-eabi/12.3.1/../../../../arm-none-eabi/lib/thumb/v8-m.main+fp/hard/libc_nano.a(libc_a-nano-vfprintf_float.o) (_printf_common)
/Applications/STM32CubeIDE.app/Contents/Eclipse/plugins/com.st.stm32cube.ide.mcu.externaltools.gnu-tools-for-stm32.12.3.rel1.macos64_1.1.100.202509120712/tools/bin/../lib/gcc/arm-none-eabi/12.3.1/../../../../arm-none-eabi/lib/thumb/v8-m.main+fp/hard/libc_nano.a(libc_a-mlock.o)
                              /Applications/STM32CubeIDE.app/Contents/Eclipse/plugins/com.st.stm32cube.ide.mcu.externaltools.gnu-tools-for-stm32.12.3.rel1.macos64_1.1.100.202509120712/tools/bin/../lib/gcc/arm-none-eabi/12.3.1/../../../../arm-none-eabi/lib/thumb/v8-m.main+fp/hard/libc_nano.a(libc_a-mallocr.o) (__malloc_lock)
/Applications/STM32CubeIDE.app/Contents/Eclipse/plugins/com.st.stm32cube.ide.mcu.externaltools.gnu-tools-for-stm32.12.3.rel1.macos64_1.1.100.202509120712/tools/bin/../lib/gcc/arm-none-eabi/12.3.1/../../../../arm-none-eabi/lib/thumb/v8-m.main+fp/hard/libc_nano.a(libc_a-findfp.o)
                              /Applications/STM32CubeIDE.app/Contents/Eclipse/plugins/com.st.stm32cube.ide.mcu.externaltools.gnu-tools-for-stm32.12.3.rel1.macos64_1.1.100.202509120712/tools/bin/../lib/gcc/arm-none-eabi/12.3.1/../../../../arm-none-eabi/lib/thumb/v8-m.main+fp/hard/libc_nano.a(libc_a-exit.o) (__stdio_exit_handler)
[...]
Memory Configuration

Name             Origin             Length             Attributes
RAM              0x20000000         0x00044000         xrw
FLASH            0x08000000         0x00080000         xr
*default*        0x00000000         0xffffffff

Linker script and memory map

LOAD /Applications/STM32CubeIDE.app/Contents/Eclipse/plugins/com.st.stm32cube.ide.mcu.externaltools.gnu-tools-for-stm32.12.3.rel1.macos64_1.1.100.202509120712/tools/bin/../lib/gcc/arm-none-eabi/12.3.1/thumb/v8-m.main+fp/hard/crti.o
LOAD /Applications/STM32CubeIDE.app/Contents/Eclipse/plugins/com.st.stm32cube.ide.mcu.externaltools.gnu-tools-for-stm32.12.3.rel1.macos64_1.1.100.202509120712/tools/bin/../lib/gcc/arm-none-eabi/12.3.1/thumb/v8-m.main+fp/hard/crtbegin.o
LOAD /Applications/STM32CubeIDE.app/Contents/Eclipse/plugins/com.st.stm32cube.ide.mcu.externaltools.gnu-tools-for-stm32.12.3.rel1.macos64_1.1.100.202509120712/tools/bin/../lib/gcc/arm-none-eabi/12.3.1/../../../../arm-none-eabi/lib/thumb/v8-m.main+fp/hard/crt0.o
LOAD ./Core/ADBMS2950/src/adBms2950TestHelper.o
LOAD ./Core/ADBMS2950/src/adbms_2950.o
LOAD ./Core/ADBMS2950/src/adi_bms_2950cmdlist.o
LOAD ./Core/ADBMS2950/src/adi_bms_2950data.o
LOAD ./Core/ADBMS2950/src/adi_bms_utility.o
LOAD ./Core/ADBMS2950/src/application.o
LOAD ./Core/ADBMS2950/src/pal.o
LOAD ./Core/ADBMS2950/src/print_result.o
LOAD ./Core/ADBMS6830/src/adBms6830GenericType.o
LOAD ./Core/ADBMS6830/src/adBms6830ParseCreate.o
LOAD ./Core/ADBMS6830/src/adBms_Application.o
LOAD ./Core/ADBMS6830/src/custom_calc_func.o
LOAD ./Core/ADBMS6830/src/mcuWrapper.o
LOAD ./Core/ADBMS6830/src/serialPrintResult.o
LOAD ./Core/Src/adc.o
LOAD ./Core/Src/fdcan.o
LOAD ./Core/Src/gpdma.o
LOAD ./Core/Src/gpio.o
LOAD ./Core/Src/main.o
LOAD ./Core/Src/spi.o
LOAD ./Core/Src/stm32h5xx_hal_msp.o
LOAD ./Core/Src/stm32h5xx_it.o
LOAD ./Core/Src/syscalls.o
LOAD ./Core/Src/sysmem.o
LOAD ./Core/Src/system_stm32h5xx.o
LOAD ./Core/Src/tim.o
LOAD ./Core/Src/usart.o
LOAD ./Core/Startup/startup_stm32h523cetx.o
LOAD ./Drivers/STM32H5xx_HAL_Driver/Src/stm32h5xx_hal.o
LOAD ./Drivers/STM32H5xx_HAL_Driver/Src/stm32h5xx_hal_adc.o
LOAD ./Drivers/STM32H5xx_HAL_Driver/Src/stm32h5xx_hal_adc_ex.o
LOAD ./Drivers/STM32H5xx_HAL_Driver/Src/stm32h5xx_hal_cortex.o
LOAD ./Drivers/STM32H5xx_HAL_Driver/Src/stm32h5xx_hal_dma.o
LOAD ./Drivers/STM32H5xx_HAL_Driver/Src/stm32h5xx_hal_dma_ex.o
LOAD ./Drivers/STM32H5xx_HAL_Driver/Src/stm32h5xx_hal_exti.o
LOAD ./Drivers/STM32H5xx_HAL_Driver/Src/stm32h5xx_hal_fdcan.o
LOAD ./Drivers/STM32H5xx_HAL_Driver/Src/stm32h5xx_hal_flash.o
LOAD ./Drivers/STM32H5xx_HAL_Driver/Src/stm32h5xx_hal_flash_ex.o
LOAD ./Drivers/STM32H5xx_HAL_Driver/Src/stm32h5xx_hal_gpio.o
LOAD ./Drivers/STM32H5xx_HAL_Driver/Src/stm32h5xx_hal_pwr.o
LOAD ./Drivers/STM32H5xx_HAL_Driver/Src/stm32h5xx_hal_pwr_ex.o
LOAD ./Drivers/STM32H5xx_HAL_Driver/Src/stm32h5xx_hal_rcc.o
LOAD ./Drivers/STM32H5xx_HAL_Driver/Src/stm32h5xx_hal_rcc_ex.o
LOAD ./Drivers/STM32H5xx_HAL_Driver/Src/stm32h5xx_hal_spi.o
LOAD ./Drivers/STM32H5xx_HAL_Driver/Src/stm32h5xx_hal_spi_ex.o
LOAD ./Drivers/STM32H5xx_HAL_Driver/Src/stm32h5xx_hal_tim.o
LOAD ./Drivers/STM32H5xx_HAL_Driver/Src/stm32h5xx_hal_tim_ex.o
LOAD ./Drivers/STM32H5xx_HAL_Driver/Src/stm32h5xx_hal_uart.o
LOAD ./Drivers/STM32H5xx_HAL_Driver/Src/stm32h5xx_hal_uart_ex.o
START GROUP
LOAD /Applications/STM32CubeIDE.app/Contents/Eclipse/plugins/com.st.stm32cube.ide.mcu.externaltools.gnu-tools-for-stm32.12.3.rel1.macos64_1.1.100.202509120712/tools/bin/../lib/gcc/arm-none-eabi/12.3.1/../../../../arm-none-eabi/lib/thumb/v8-m.main+fp/hard/libc_nano.a
LOAD /Applications/STM32CubeIDE.app/Contents/Eclipse/plugins/com.st.stm32cube.ide.mcu.externaltools.gnu-tools-for-stm32.12.3.rel1.macos64_1.1.100.202509120712/tools/bin/../lib/gcc/arm-none-eabi/12.3.1/../../../../arm-none-eabi/lib/thumb/v8-m.main+fp/hard/libm.a
END GROUP
START GROUP
LOAD /Applications/STM32CubeIDE.app/Contents/Eclipse/plugins/com.st.stm32cube.ide.mcu.externaltools.gnu-tools-for-stm32.12.3.rel1.macos64_1.1.100.202509120712/tools/bin/../lib/gcc/arm-none-eabi/12.3.1/thumb/v8-m.main+fp/hard/libgcc.a
LOAD /Applications/STM32CubeIDE.app/Contents/Eclipse/plugins/com.st.stm32cube.ide.mcu.externaltools.gnu-tools-for-stm32.12.3.rel1.macos64_1.1.100.202509120712/tools/bin/../lib/gcc/arm-none-eabi/12.3.1/../../../../arm-none-eabi/lib/thumb/v8-m.main+fp/hard/libc_nano.a
END GROUP
START GROUP
LOAD /Applications/STM32CubeIDE.app/Contents/Eclipse/plugins/com.st.stm32cube.ide.mcu.externaltools.gnu-tools-for-stm32.12.3.rel1.macos64_1.1.100.202509120712/tools/bin/../lib/gcc/arm-none-eabi/12.3.1/thumb/v8-m.main+fp/hard/libgcc.a
LOAD /Applications/STM32CubeIDE.app/Contents/Eclipse/plugins/com.st.stm32cube.ide.mcu.externaltools.gnu-tools-for-stm32.12.3.rel1.macos64_1.1.100.202509120712/tools/bin/../lib/gcc/arm-none-eabi/12.3.1/../../../../arm-none-eabi/lib/thumb/v8-m.main+fp/hard/libc_nano.a
LOAD /Applications/STM32CubeIDE.app/Contents/Eclipse/plugins/com.st.stm32cube.ide.mcu.externaltools.gnu-tools-for-stm32.12.3.rel1.macos64_1.1.100.202509120712/tools/bin/../lib/gcc/arm-none-eabi/12.3.1/../../../../arm-none-eabi/lib/thumb/v8-m.main+fp/hard/libnosys.a
END GROUP
START GROUP
LOAD /Applications/STM32CubeIDE.app/Contents/Eclipse/plugins/com.st.stm32cube.ide.mcu.externaltools.gnu-tools-for-stm32.12.3.rel1.macos64_1.1.100.202509120712/tools/bin/../lib/gcc/arm-none-eabi/12.3.1/thumb/v8-m.main+fp/hard/libgcc.a
LOAD /Applications/STM32CubeIDE.app/Contents/Eclipse/plugins/com.st.stm32cube.ide.mcu.externaltools.gnu-tools-for-stm32.12.3.rel1.macos64_1.1.100.202509120712/tools/bin/../lib/gcc/arm-none-eabi/12.3.1/../../../../arm-none-eabi/lib/thumb/v8-m.main+fp/hard/libc_nano.a
LOAD /Applications/STM32CubeIDE.app/Contents/Eclipse/plugins/com.st.stm32cube.ide.mcu.externaltools.gnu-tools-for-stm32.12.3.rel1.macos64_1.1.100.202509120712/tools/bin/../lib/gcc/arm-none-eabi/12.3.1/../../../../arm-none-eabi/lib/thumb/v8-m.main+fp/hard/libnosys.a
END GROUP
LOAD /Applications/STM32CubeIDE.app/Contents/Eclipse/plugins/com.st.stm32cube.ide.mcu.externaltools.gnu-tools-for-stm32.12.3.rel1.macos64_1.1.100.202509120712/tools/bin/../lib/gcc/arm-none-eabi/12.3.1/thumb/v8-m.main+fp/hard/crtend.o
LOAD /Applications/STM32CubeIDE.app/Contents/Eclipse/plugins/com.st.stm32cube.ide.mcu.externaltools.gnu-tools-for-stm32.12.3.rel1.macos64_1.1.100.202509120712/tools/bin/../lib/gcc/arm-none-eabi/12.3.1/thumb/v8-m.main+fp/hard/crtn.o
                0x20044000                        _estack = (ORIGIN (RAM) + LENGTH (RAM))
                0x00000200                        _Min_Heap_Size = 0x200
                0x00000400                        _Min_Stack_Size = 0x400

.isr_vector     0x08000000      0x254
                0x08000000                        . = ALIGN (0x4)
 *(.isr_vector)
 .isr_vector    0x08000000      0x254 ./Core/Startup/startup_stm32h523cetx.o
                0x08000000                g_pfnVectors
                0x08000254                        . = ALIGN (0x4)

.text           0x08000258    0x18ff0
                0x08000258                        . = ALIGN (0x4)
 *(.text)
 .text          0x08000258       0x40 /Applications/STM32CubeIDE.app/Contents/Eclipse/plugins/com.st.stm32cube.ide.mcu.externaltools.gnu-tools-for-stm32.12.3.rel1.macos64_1.1.100.202509120712/tools/bin/../lib/gcc/arm-none-eabi/12.3.1/thumb/v8-m.main+fp/hard/crtbegin.o
 .text          0x08000298       0x10 /Applications/STM32CubeIDE.app/Contents/Eclipse/plugins/com.st.stm32cube.ide.mcu.externaltools.gnu-tools-for-stm32.12.3.rel1.macos64_1.1.100.202509120712/tools/bin/../lib/gcc/arm-none-eabi/12.3.1/../../../../arm-none-eabi/lib/thumb/v8-m.main+fp/hard/libc_nano.a(libc_a-strlen.o)
                0x08000298                strlen
 .text          0x080002a8      0x378 /Applications/STM32CubeIDE.app/Contents/Eclipse/plugins/com.st.stm32cube.ide.mcu.externaltools.gnu-tools-for-stm32.12.3.rel1.macos64_1.1.100.202509120712/tools/bin/../lib/gcc/arm-none-eabi/12.3.1/thumb/v8-m.main+fp/hard/libgcc.a(_arm_addsubdf3.o)
                0x080002a8                __aeabi_drsub
                0x080002b0                __subdf3
                0x080002b0                __aeabi_dsub
                0x080002b4                __aeabi_dadd
                0x080002b4                __adddf3
                0x0800052c                __aeabi_ui2d
                0x0800052c                __floatunsidf
                0x0800054c                __floatsidf
                0x0800054c                __aeabi_i2d
                0x08000570                __extendsfdf2
                0x08000570                __aeabi_f2d
                0x080005b4                __aeabi_ul2d
                0x080005b4                __floatundidf
                0x080005c4                __aeabi_l2d
                0x080005c4                __floatdidf
 .text          0x08000620      0x424 /Applications/STM32CubeIDE.app/Contents/Eclipse/plugins/com.st.stm32cube.ide.mcu.externaltools.gnu-tools-for-stm32.12.3.rel1.macos64_1.1.100.202509120712/tools/bin/../lib/gcc/arm-none-eabi/12.3.1/thumb/v8-m.main+fp/hard/libgcc.a(_arm_muldivdf3.o)
                0x08000620                __aeabi_dmul
                0x08000620                __muldf3
                0x08000874                __aeabi_ddiv
                0x08000874                __divdf3
 .text          0x08000a44      0x110 /Applications/STM32CubeIDE.app/Contents/Eclipse/plugins/com.st.stm32cube.ide.mcu.externaltools.gnu-tools-for-stm32.12.3.rel1.macos64_1.1.100.202509120712/tools/bin/../lib/gcc/arm-none-eabi/12.3.1/thumb/v8-m.main+fp/hard/libgcc.a(_arm_cmpdf2.o)
                0x08000a44                __gedf2
                0x08000a44                __gtdf2
                0x08000a4c                __ledf2
                0x08000a4c                __ltdf2
                0x08000a54                __cmpdf2
                0x08000a54                __eqdf2
                0x08000a54                __nedf2
                0x08000ad0                __aeabi_cdrcmple
                0x08000ae0                __aeabi_cdcmple
                0x08000ae0                __aeabi_cdcmpeq
                0x08000af0                __aeabi_dcmpeq
                0x08000b04                __aeabi_dcmplt
                0x08000b18                __aeabi_dcmple
                0x08000b2c                __aeabi_dcmpge
                0x08000b40                __aeabi_dcmpgt
 .text          0x08000b54       0x2c /Applications/STM32CubeIDE.app/Contents/Eclipse/plugins/com.st.stm32cube.ide.mcu.externaltools.gnu-tools-for-stm32.12.3.rel1.macos64_1.1.100.202509120712/tools/bin/../lib/gcc/arm-none-eabi/12.3.1/thumb/v8-m.main+fp/hard/libgcc.a(_arm_unorddf2.o)
                0x08000b54                __aeabi_dcmpun
                0x08000b54                __unorddf2
 .text          0x08000b80       0x50 /Applications/STM32CubeIDE.app/Contents/Eclipse/plugins/com.st.stm32cube.ide.mcu.externaltools.gnu-tools-for-stm32.12.3.rel1.macos64_1.1.100.202509120712/tools/bin/../lib/gcc/arm-none-eabi/12.3.1/thumb/v8-m.main+fp/hard/libgcc.a(_arm_fixdfsi.o)
                0x08000b80                __fixdfsi
                0x08000b80                __aeabi_d2iz
 .text          0x08000bd0       0xa0 /Applications/STM32CubeIDE.app/Contents/Eclipse/plugins/com.st.stm32cube.ide.mcu.externaltools.gnu-tools-for-stm32.12.3.rel1.macos64_1.1.100.202509120712/tools/bin/../lib/gcc/arm-none-eabi/12.3.1/thumb/v8-m.main+fp/hard/libgcc.a(_arm_truncdfsf2.o)
                0x08000bd0                __aeabi_d2f
                0x08000bd0                __truncdfsf2
 .text          0x08000c70       0x30 /Applications/STM32CubeIDE.app/Contents/Eclipse/plugins/com.st.stm32cube.ide.mcu.externaltools.gnu-tools-for-stm32.12.3.rel1.macos64_1.1.100.202509120712/tools/bin/../lib/gcc/arm-none-eabi/12.3.1/thumb/v8-m.main+fp/hard/libgcc.a(_aeabi_uldivmod.o)
                0x08000c70                __aeabi_uldivmod
 .text          0x08000ca0      0x2e4 /Applications/STM32CubeIDE.app/Contents/Eclipse/plugins/com.st.stm32cube.ide.mcu.externaltools.gnu-tools-for-stm32.12.3.rel1.macos64_1.1.100.202509120712/tools/bin/../lib/gcc/arm-none-eabi/12.3.1/thumb/v8-m.main+fp/hard/libgcc.a(_udivmoddi4.o)
                0x08000ca0                __udivmoddi4
 .text          0x08000f84        0x4 /Applications/STM32CubeIDE.app/Contents/Eclipse/plugins/com.st.stm32cube.ide.mcu.externaltools.gnu-tools-for-stm32.12.3.rel1.macos64_1.1.100.202509120712/tools/bin/../lib/gcc/arm-none-eabi/12.3.1/thumb/v8-m.main+fp/hard/libgcc.a(_dvmd_tls.o)
                0x08000f84                __aeabi_ldiv0
                0x08000f84                __aeabi_idiv0
 *(.text*)
 .text.adi2950_read_cr_vbat_ivbat_registers
                0x08000f88       0x60 ./Core/ADBMS2950/src/adbms_2950.o
                0x08000f88                adi2950_read_cr_vbat_ivbat_registers
 .text.adBms2950ParseConfiga
                0x08000fe8      0x794 ./Core/ADBMS2950/src/adi_bms_2950data.o
                0x08000fe8                adBms2950ParseConfiga
 .text.adBms2950ParseConfigb
                0x0800177c      0x4da ./Core/ADBMS2950/src/adi_bms_2950data.o
                0x0800177c                adBms2950ParseConfigb
 .text.adBms2950ParseConfig
                0x08001c56       0x42 ./Core/ADBMS2950/src/adi_bms_2950data.o
                0x08001c56                adBms2950ParseConfig
 .text.adBms2950ParseCurrentRegData
                0x08001c98       0xfe ./Core/ADBMS2950/src/adi_bms_2950data.o
                0x08001c98                adBms2950ParseCurrentRegData
 .text.adBms2950ParseVbatRegData
                0x08001d96       0xd6 ./Core/ADBMS2950/src/adi_bms_2950data.o
                0x08001d96                adBms2950ParseVbatRegData
 .text.adBms2950ParseIVbatRegData
                0x08001e6c       0xec ./Core/ADBMS2950/src/adi_bms_2950data.o
                0x08001e6c                adBms2950ParseIVbatRegData
 .text.adBms2950ParseOcRegData
                0x08001f58      0x134 ./Core/ADBMS2950/src/adi_bms_2950data.o
                0x08001f58                adBms2950ParseOcRegData
 .text.adBms2950ParseAccCurrentRegData
                0x0800208c       0xfe ./Core/ADBMS2950/src/adi_bms_2950data.o
                0x0800208c                adBms2950ParseAccCurrentRegData
 .text.adBms2950ParseAccVbatRegData
                0x0800218a       0xfe ./Core/ADBMS2950/src/adi_bms_2950data.o
                0x0800218a                adBms2950ParseAccVbatRegData
 .text.adBms2950ParseAccIVbatRegData
                0x08002288       0xfe ./Core/ADBMS2950/src/adi_bms_2950data.o
                0x08002288                adBms2950ParseAccIVbatRegData
 *fill*         0x08002386        0x2 
 .text.adBms2950V1ParseData
                0x08002388      0x418 ./Core/ADBMS2950/src/adi_bms_2950data.o
                0x08002388                adBms2950V1ParseData
 .text.adBms2950V2ParseData
                0x080027a0      0x444 ./Core/ADBMS2950/src/adi_bms_2950data.o
                0x080027a0                adBms2950V2ParseData
 .text.adBms2950ParseAuxA
                0x08002be4      0x120 ./Core/ADBMS2950/src/adi_bms_2950data.o
                0x08002be4                adBms2950ParseAuxA
 .text.adBms2950ParseAuxB
                0x08002d04      0x120 ./Core/ADBMS2950/src/adi_bms_2950data.o
                0x08002d04                adBms2950ParseAuxB
 .text.adBms2950ParseAuxC
                0x08002e24      0x102 ./Core/ADBMS2950/src/adi_bms_2950data.o
                0x08002e24                adBms2950ParseAuxC
 *fill*         0x08002f26        0x2 
 .text.adBms2950ParseAux
                0x08002f28       0x64 ./Core/ADBMS2950/src/adi_bms_2950data.o
                0x08002f28                adBms2950ParseAux
 .text.adBms2950ParseFlag
                0x08002f8c      0x706 ./Core/ADBMS2950/src/adi_bms_2950data.o
                0x08002f8c                adBms2950ParseFlag
 .text.adBms2950ParseStatus
                0x08003692      0x504 ./Core/ADBMS2950/src/adi_bms_2950data.o
                0x08003692                adBms2950ParseStatus
 .text.adBms2950ParseRdalli
                0x08003b96      0x1f4 ./Core/ADBMS2950/src/adi_bms_2950data.o
                0x08003b96                adBms2950ParseRdalli
 .text.adBms2950ParseRdalla
                0x08003d8a      0x1d8 ./Core/ADBMS2950/src/adi_bms_2950data.o
                0x08003d8a                adBms2950ParseRdalla
 .text.adBms2950ParseRdallc
                0x08003f62      0x21a ./Core/ADBMS2950/src/adi_bms_2950data.o
                0x08003f62                adBms2950ParseRdallc
 .text.adBms2950ParseRdallv
                0x0800417c      0x204 ./Core/ADBMS2950/src/adi_bms_2950data.o
                0x0800417c                adBms2950ParseRdallv
 .text.adBms2950ParseRdallr
                0x08004380      0x204 ./Core/ADBMS2950/src/adi_bms_2950data.o
                0x08004380                adBms2950ParseRdallr
 .text.adBms2950ParseRdallx
                0x08004584      0x204 ./Core/ADBMS2950/src/adi_bms_2950data.o
                0x08004584                adBms2950ParseRdallx
 .text.adBms2950ParseComm
                0x08004788      0x1be ./Core/ADBMS2950/src/adi_bms_2950data.o
                0x08004788                adBms2950ParseComm
 .text.adBms2950ParseSID
                0x08004946      0x134 ./Core/ADBMS2950/src/adi_bms_2950data.o
                0x08004946                adBms2950ParseSID
 .text.adBms2950_IncCalCmdCounter
                0x08004a7a       0x72 ./Core/ADBMS2950/src/adi_bms_2950data.o
                0x08004a7a                adBms2950_IncCalCmdCounter
 .text.ad29spiSendCmd
                0x08004aec       0x80 ./Core/ADBMS2950/src/adi_bms_utility.o
                0x08004aec                ad29spiSendCmd
 .text.ad29spiReadData
                0x08004b6c      0x1fa ./Core/ADBMS2950/src/adi_bms_utility.o
                0x08004b6c                ad29spiReadData
 *fill*         0x08004d66        0x2 
 .text.ad29BmsReadData
                0x08004d68      0xf64 ./Core/ADBMS2950/src/adi_bms_utility.o
                0x08004d68                ad29BmsReadData
 .text.adBms2950_CCErrorCheck
                0x08005ccc       0x2e ./Core/ADBMS2950/src/adi_bms_utility.o
                0x08005ccc                adBms2950_CCErrorCheck
 *fill*         0x08005cfa        0x2 
 .text.readI    0x08005cfc       0x14 ./Core/ADBMS2950/src/application.o
                0x08005cfc                readI
 .text.ad29Delay_us
                0x08005d10       0x38 ./Core/ADBMS2950/src/pal.o
                0x08005d10                ad29Delay_us
 .text.ad29BmsCsLow
                0x08005d48       0x18 ./Core/ADBMS2950/src/pal.o
                0x08005d48                ad29BmsCsLow
 .text.ad29BmsCsHigh
                0x08005d60       0x18 ./Core/ADBMS2950/src/pal.o
                0x08005d60                ad29BmsCsHigh
 .text.ad29spiWriteBytes
                0x08005d78       0x28 ./Core/ADBMS2950/src/pal.o
                0x08005d78                ad29spiWriteBytes
 .text.ad29spiWriteReadBytes
                0x08005da0       0x3c ./Core/ADBMS2950/src/pal.o
                0x08005da0                ad29spiWriteReadBytes
 .text.ad29BmsWakeupIc
                0x08005ddc       0x3c ./Core/ADBMS2950/src/pal.o
                0x08005ddc                ad29BmsWakeupIc
 .text.ad29printCr
                0x08005e18       0x50 ./Core/ADBMS2950/src/print_result.o
                0x08005e18                ad29printCr
 .text.getCurrent
                0x08005e68       0x60 ./Core/ADBMS2950/src/print_result.o
                0x08005e68                getCurrent
 .text.Pec15_Calc
                0x08005ec8       0x68 ./Core/ADBMS6830/src/adBms6830GenericType.o
                0x08005ec8                Pec15_Calc
 .text.pec10_calc
                0x08005f30       0xd8 ./Core/ADBMS6830/src/adBms6830GenericType.o
                0x08005f30                pec10_calc
 .text.spiSendCmd
                0x08006008       0x50 ./Core/ADBMS6830/src/adBms6830GenericType.o
                0x08006008                spiSendCmd
 .text.spiReadData
                0x08006058      0x220 ./Core/ADBMS6830/src/adBms6830GenericType.o
                0x08006058                spiReadData
 .text.adBmsReadData
                0x08006278      0xa70 ./Core/ADBMS6830/src/adBms6830GenericType.o
                0x08006278                adBmsReadData
 .text.spiWriteData
                0x08006ce8      0x188 ./Core/ADBMS6830/src/adBms6830GenericType.o
                0x08006ce8                spiWriteData
 .text.adBmsWriteData
                0x08006e70      0x348 ./Core/ADBMS6830/src/adBms6830GenericType.o
                0x08006e70                adBmsWriteData
 .text.adBms6830_Adcv
                0x080071b8       0x66 ./Core/ADBMS6830/src/adBms6830GenericType.o
                0x080071b8                adBms6830_Adcv
 *fill*         0x0800721e        0x2 
 .text.SetOverVoltageThreshold
                0x08007220       0x80 ./Core/ADBMS6830/src/adBms6830ParseCreate.o
                0x08007220                SetOverVoltageThreshold
 .text.SetUnderVoltageThreshold
                0x080072a0       0x80 ./Core/ADBMS6830/src/adBms6830ParseCreate.o
                0x080072a0                SetUnderVoltageThreshold
 .text.adBms6830ParseConfiga
                0x08007320      0x292 ./Core/ADBMS6830/src/adBms6830ParseCreate.o
                0x08007320                adBms6830ParseConfiga
 .text.adBms6830ParseConfigb
                0x080075b2      0x1ba ./Core/ADBMS6830/src/adBms6830ParseCreate.o
                0x080075b2                adBms6830ParseConfigb
 .text.adBms6830ParseConfig
                0x0800776c       0x42 ./Core/ADBMS6830/src/adBms6830ParseCreate.o
                0x0800776c                adBms6830ParseConfig
 *fill*         0x080077ae        0x2 
 .text.adBms6830ParseCell
                0x080077b0      0x5b8 ./Core/ADBMS6830/src/adBms6830ParseCreate.o
                0x080077b0                adBms6830ParseCell
 .text.adBms6830ParseAverageCell
                0x08007d68      0x5e8 ./Core/ADBMS6830/src/adBms6830ParseCreate.o
                0x08007d68                adBms6830ParseAverageCell
 .text.adBms6830ParseSCell
                0x08008350      0x5f8 ./Core/ADBMS6830/src/adBms6830ParseCreate.o
                0x08008350                adBms6830ParseSCell
 .text.adBms6830ParseFCell
                0x08008948      0x5f8 ./Core/ADBMS6830/src/adBms6830ParseCreate.o
                0x08008948                adBms6830ParseFCell
 .text.adBms6830ParseAux
                0x08008f40      0x4a0 ./Core/ADBMS6830/src/adBms6830ParseCreate.o
                0x08008f40                adBms6830ParseAux
 .text.adBms6830ParseRAux
                0x080093e0      0x3f8 ./Core/ADBMS6830/src/adBms6830ParseCreate.o
                0x080093e0                adBms6830ParseRAux
 .text.adBms6830ParseStatusA
                0x080097d8      0x120 ./Core/ADBMS6830/src/adBms6830ParseCreate.o
                0x080097d8                adBms6830ParseStatusA
 .text.adBms6830ParseStatusB
                0x080098f8      0x11a ./Core/ADBMS6830/src/adBms6830ParseCreate.o
                0x080098f8                adBms6830ParseStatusB
 .text.adBms6830ParseStatusC
                0x08009a12      0x3fc ./Core/ADBMS6830/src/adBms6830ParseCreate.o
                0x08009a12                adBms6830ParseStatusC
 .text.adBms6830ParseStatusD
                0x08009e0e      0x684 ./Core/ADBMS6830/src/adBms6830ParseCreate.o
                0x08009e0e                adBms6830ParseStatusD
 .text.adBms6830ParseStatusE
                0x0800a492       0xe8 ./Core/ADBMS6830/src/adBms6830ParseCreate.o
                0x0800a492                adBms6830ParseStatusE
 *fill*         0x0800a57a        0x2 
 .text.adBms6830ParseStatus
                0x0800a57c       0xf4 ./Core/ADBMS6830/src/adBms6830ParseCreate.o
                0x0800a57c                adBms6830ParseStatus
 .text.adBms6830ParseComm
                0x0800a670      0x1be ./Core/ADBMS6830/src/adBms6830ParseCreate.o
                0x0800a670                adBms6830ParseComm
 .text.adBms6830ParseSID
                0x0800a82e      0x134 ./Core/ADBMS6830/src/adBms6830ParseCreate.o
                0x0800a82e                adBms6830ParseSID
 .text.adBms6830ParsePwma
                0x0800a962      0x248 ./Core/ADBMS6830/src/adBms6830ParseCreate.o
                0x0800a962                adBms6830ParsePwma
 .text.adBms6830ParsePwmb
                0x0800abaa       0xfe ./Core/ADBMS6830/src/adBms6830ParseCreate.o
                0x0800abaa                adBms6830ParsePwmb
 .text.adBms6830ParsePwm
                0x0800aca8       0x42 ./Core/ADBMS6830/src/adBms6830ParseCreate.o
                0x0800aca8                adBms6830ParsePwm
 .text.adBms6830CreateConfiga
                0x0800acea      0x212 ./Core/ADBMS6830/src/adBms6830ParseCreate.o
                0x0800acea                adBms6830CreateConfiga
 .text.adBms6830CreateConfigb
                0x0800aefc      0x17e ./Core/ADBMS6830/src/adBms6830ParseCreate.o
                0x0800aefc                adBms6830CreateConfigb
 .text.adBms6830CreateClrflagData
                0x0800b07a      0x282 ./Core/ADBMS6830/src/adBms6830ParseCreate.o
                0x0800b07a                adBms6830CreateClrflagData
 .text.adBms6830CreateComm
                0x0800b2fc      0x174 ./Core/ADBMS6830/src/adBms6830ParseCreate.o
                0x0800b2fc                adBms6830CreateComm
 .text.adBms6830CreatePwma
                0x0800b470      0x1e0 ./Core/ADBMS6830/src/adBms6830ParseCreate.o
                0x0800b470                adBms6830CreatePwma
 .text.adBms6830CreatePwmb
                0x0800b650       0xbe ./Core/ADBMS6830/src/adBms6830ParseCreate.o
                0x0800b650                adBms6830CreatePwmb
 *fill*         0x0800b70e        0x2 
 .text.adbms_init_loop
                0x0800b710       0x14 ./Core/ADBMS6830/src/adBms_Application.o
                0x0800b710                adbms_init_loop
 .text.adbms_readCell_loop
                0x0800b724       0x14 ./Core/ADBMS6830/src/adBms_Application.o
                0x0800b724                adbms_readCell_loop
 .text.adbmsReinit
                0x0800b738       0x92 ./Core/ADBMS6830/src/adBms_Application.o
                0x0800b738                adbmsReinit
 *fill*         0x0800b7ca        0x2 
 .text.adbmsReinitMain
                0x0800b7cc       0x14 ./Core/ADBMS6830/src/adBms_Application.o
                0x0800b7cc                adbmsReinitMain
 .text.adBms6830_init_config
                0x0800b7e0      0x114 ./Core/ADBMS6830/src/adBms_Application.o
                0x0800b7e0                adBms6830_init_config
 .text.adBms6830_read_cell_voltages
                0x0800b8f4       0xa0 ./Core/ADBMS6830/src/adBms_Application.o
                0x0800b8f4                adBms6830_read_cell_voltages
 .text.Delay_ms
                0x0800b994       0x16 ./Core/ADBMS6830/src/mcuWrapper.o
                0x0800b994                Delay_ms
 *fill*         0x0800b9aa        0x2 
 .text.adBmsCsLow
                0x0800b9ac       0x18 ./Core/ADBMS6830/src/mcuWrapper.o
                0x0800b9ac                adBmsCsLow
 .text.adBmsCsHigh
                0x0800b9c4       0x18 ./Core/ADBMS6830/src/mcuWrapper.o
                0x0800b9c4                adBmsCsHigh
 .text.spiWriteBytes
                0x0800b9dc       0x28 ./Core/ADBMS6830/src/mcuWrapper.o
                0x0800b9dc                spiWriteBytes
 .text.spiWriteReadBytes
                0x0800ba04       0x3c ./Core/ADBMS6830/src/mcuWrapper.o
                0x0800ba04                spiWriteReadBytes
 .text.adBms_delayUs
                0x0800ba40       0x44 ./Core/ADBMS6830/src/mcuWrapper.o
                0x0800ba40                adBms_delayUs
 .text.adBmsWakeupIc
                0x0800ba84       0x3c ./Core/ADBMS6830/src/mcuWrapper.o
                0x0800ba84                adBmsWakeupIc
 .text.printVoltages
                0x0800bac0      0x4a8 ./Core/ADBMS6830/src/serialPrintResult.o
                0x0800bac0                printVoltages
 .text.getVoltage
                0x0800bf68       0x48 ./Core/ADBMS6830/src/serialPrintResult.o
                0x0800bf68                getVoltage
 .text.MX_ADC1_Init
                0x0800bfb0       0xf0 ./Core/Src/adc.o
                0x0800bfb0                MX_ADC1_Init
 .text.HAL_ADC_MspInit
                0x0800c0a0      0x110 ./Core/Src/adc.o
                0x0800c0a0                HAL_ADC_MspInit
 .text.MX_FDCAN1_Init
                0x0800c1b0       0x90 ./Core/Src/fdcan.o
                0x0800c1b0                MX_FDCAN1_Init
 .text.MX_FDCAN2_Init
                0x0800c240       0x90 ./Core/Src/fdcan.o
                0x0800c240                MX_FDCAN2_Init
 .text.HAL_FDCAN_MspInit
                0x0800c2d0      0x1a0 ./Core/Src/fdcan.o
                0x0800c2d0                HAL_FDCAN_MspInit
 .text.MX_GPDMA1_Init
                0x0800c470       0x40 ./Core/Src/gpdma.o
                0x0800c470                MX_GPDMA1_Init
 .text.MX_GPIO_Init
                0x0800c4b0      0x1ac ./Core/Src/gpio.o
                0x0800c4b0                MX_GPIO_Init
 .text.main     0x0800c65c      0x208 ./Core/Src/main.o
                0x0800c65c                main
 .text.SystemClock_Config
                0x0800c864       0xf0 ./Core/Src/main.o
                0x0800c864                SystemClock_Config
 .text.PeriphCommonClock_Config
                0x0800c954       0x6e ./Core/Src/main.o
                0x0800c954                PeriphCommonClock_Config
 *fill*         0x0800c9c2        0x2 
 .text.HAL_ADC_ConvCpltCallback
                0x0800c9c4       0x28 ./Core/Src/main.o
                0x0800c9c4                HAL_ADC_ConvCpltCallback
 .text.HAL_TIM_PeriodElapsedCallback
                0x0800c9ec       0x14 ./Core/Src/main.o
                0x0800c9ec                HAL_TIM_PeriodElapsedCallback
 .text.Error_Handler
                0x0800ca00        0xc ./Core/Src/main.o
                0x0800ca00                Error_Handler
 .text.MX_SPI1_Init
                0x0800ca0c       0xac ./Core/Src/spi.o
                0x0800ca0c                MX_SPI1_Init
 .text.MX_SPI3_Init
                0x0800cab8       0xac ./Core/Src/spi.o
                0x0800cab8                MX_SPI3_Init
 .text.HAL_SPI_MspInit
                0x0800cb64      0x144 ./Core/Src/spi.o
                0x0800cb64                HAL_SPI_MspInit
 .text.HAL_MspInit
                0x0800cca8        0xe ./Core/Src/stm32h5xx_hal_msp.o
                0x0800cca8                HAL_MspInit
 .text.NMI_Handler
                0x0800ccb6        0x8 ./Core/Src/stm32h5xx_it.o
                0x0800ccb6                NMI_Handler
 .text.HardFault_Handler
                0x0800ccbe        0x8 ./Core/Src/stm32h5xx_it.o
                0x0800ccbe                HardFault_Handler
 .text.MemManage_Handler
                0x0800ccc6        0x8 ./Core/Src/stm32h5xx_it.o
                0x0800ccc6                MemManage_Handler
 .text.BusFault_Handler
                0x0800ccce        0x8 ./Core/Src/stm32h5xx_it.o
                0x0800ccce                BusFault_Handler
 .text.UsageFault_Handler
                0x0800ccd6        0x8 ./Core/Src/stm32h5xx_it.o
                0x0800ccd6                UsageFault_Handler
 .text.SVC_Handler
                0x0800ccde        0xe ./Core/Src/stm32h5xx_it.o
                0x0800ccde                SVC_Handler
 .text.DebugMon_Handler
                0x0800ccec        0xe ./Core/Src/stm32h5xx_it.o
                0x0800ccec                DebugMon_Handler
 .text.PendSV_Handler
                0x0800ccfa        0xe ./Core/Src/stm32h5xx_it.o
                0x0800ccfa                PendSV_Handler
 .text.SysTick_Handler
                0x0800cd08        0xc ./Core/Src/stm32h5xx_it.o
                0x0800cd08                SysTick_Handler
 .text.GPDMA1_Channel0_IRQHandler
                0x0800cd14       0x14 ./Core/Src/stm32h5xx_it.o
                0x0800cd14                GPDMA1_Channel0_IRQHandler
 .text.ADC1_IRQHandler
                0x0800cd28       0x14 ./Core/Src/stm32h5xx_it.o
                0x0800cd28                ADC1_IRQHandler
 .text.TIM3_IRQHandler
                0x0800cd3c       0x14 ./Core/Src/stm32h5xx_it.o
                0x0800cd3c                TIM3_IRQHandler
 .text.TIM4_IRQHandler
                0x0800cd50       0x14 ./Core/Src/stm32h5xx_it.o
                0x0800cd50                TIM4_IRQHandler
 .text._getpid  0x0800cd64       0x10 ./Core/Src/syscalls.o
                0x0800cd64                _getpid
 .text._kill    0x0800cd74       0x20 ./Core/Src/syscalls.o
                0x0800cd74                _kill
 .text._exit    0x0800cd94       0x16 ./Core/Src/syscalls.o
                0x0800cd94                _exit
 .text._read    0x0800cdaa       0x3a ./Core/Src/syscalls.o
                0x0800cdaa                _read
 .text._write   0x0800cde4       0x38 ./Core/Src/syscalls.o
                0x0800cde4                _write
 .text._close   0x0800ce1c       0x18 ./Core/Src/syscalls.o
                0x0800ce1c                _close
 .text._fstat   0x0800ce34       0x20 ./Core/Src/syscalls.o
                0x0800ce34                _fstat
 .text._isatty  0x0800ce54       0x16 ./Core/Src/syscalls.o
                0x0800ce54                _isatty
 .text._lseek   0x0800ce6a       0x1a ./Core/Src/syscalls.o
                0x0800ce6a                _lseek
 .text._sbrk    0x0800ce84       0x6c ./Core/Src/sysmem.o
                0x0800ce84                _sbrk
 .text.SystemInit
                0x0800cef0       0xf8 ./Core/Src/system_stm32h5xx.o
                0x0800cef0                SystemInit
 .text.MX_TIM2_Init
                0x0800cfe8       0x9c ./Core/Src/tim.o
                0x0800cfe8                MX_TIM2_Init
 .text.MX_TIM3_Init
                0x0800d084       0xa0 ./Core/Src/tim.o
                0x0800d084                MX_TIM3_Init
 .text.MX_TIM4_Init
                0x0800d124       0xa0 ./Core/Src/tim.o
                0x0800d124                MX_TIM4_Init
 .text.MX_TIM5_Init
                0x0800d1c4       0x9c ./Core/Src/tim.o
                0x0800d1c4                MX_TIM5_Init
 .text.HAL_TIM_Base_MspInit
                0x0800d260       0xe8 ./Core/Src/tim.o
                0x0800d260                HAL_TIM_Base_MspInit
 .text.MX_UART4_Init
                0x0800d348       0x98 ./Core/Src/usart.o
                0x0800d348                MX_UART4_Init
 .text.HAL_UART_MspInit
                0x0800d3e0       0xd0 ./Core/Src/usart.o
                0x0800d3e0                HAL_UART_MspInit
 .text.Reset_Handler
                0x0800d4b0       0x50 ./Core/Startup/startup_stm32h523cetx.o
                0x0800d4b0                Reset_Handler
 .text.Default_Handler
                0x0800d500        0x2 ./Core/Startup/startup_stm32h523cetx.o
                0x0800d500                HASH_IRQHandler
                0x0800d500                TIM8_TRG_COM_IRQHandler
                0x0800d500                TIM8_CC_IRQHandler
                0x0800d500                EXTI5_IRQHandler
                0x0800d500                I3C1_ER_IRQHandler
                0x0800d500                SPI4_IRQHandler
                0x0800d500                GPDMA2_Channel1_IRQHandler
                0x0800d500                FLASH_S_IRQHandler
                0x0800d500                EXTI13_IRQHandler
                0x0800d500                TIM1_CC_IRQHandler
                0x0800d500                GPDMA2_Channel3_IRQHandler
                0x0800d500                TAMP_IRQHandler
                0x0800d500                TIM6_IRQHandler
                0x0800d500                EXTI12_IRQHandler
                0x0800d500                USB_DRD_FS_IRQHandler
                0x0800d500                EXTI3_IRQHandler
                0x0800d500                GPDMA1_Channel5_IRQHandler
                0x0800d500                EXTI8_IRQHandler
                0x0800d500                GPDMA2_Channel5_IRQHandler
                0x0800d500                LPTIM2_IRQHandler
                0x0800d500                I2C3_ER_IRQHandler
                0x0800d500                GPDMA2_Channel2_IRQHandler
                0x0800d500                EXTI0_IRQHandler
                0x0800d500                I2C2_EV_IRQHandler
                0x0800d500                FPU_IRQHandler
                0x0800d500                GPDMA1_Channel3_IRQHandler
                0x0800d500                GPDMA1_Channel7_IRQHandler
                0x0800d500                FDCAN1_IT1_IRQHandler
                0x0800d500                RAMCFG_IRQHandler
                0x0800d500                DCACHE1_IRQHandler
                0x0800d500                SPI1_IRQHandler
                0x0800d500                OCTOSPI1_IRQHandler
                0x0800d500                GPDMA1_Channel2_IRQHandler
                0x0800d500                TIM8_UP_IRQHandler
                0x0800d500                RCC_S_IRQHandler
                0x0800d500                USART6_IRQHandler
                0x0800d500                I3C2_ER_IRQHandler
                0x0800d500                EXTI15_IRQHandler
                0x0800d500                USART3_IRQHandler
                0x0800d500                RTC_IRQHandler
                0x0800d500                EXTI9_IRQHandler
                0x0800d500                UART5_IRQHandler
                0x0800d500                I3C2_EV_IRQHandler
                0x0800d500                I2C1_EV_IRQHandler
                0x0800d500                GPDMA1_Channel1_IRQHandler
                0x0800d500                UART4_IRQHandler
                0x0800d500                SecureFault_Handler
                0x0800d500                RCC_IRQHandler
                0x0800d500                TIM1_TRG_COM_IRQHandler
                0x0800d500                Default_Handler
                0x0800d500                CEC_IRQHandler
                0x0800d500                GPDMA2_Channel4_IRQHandler
                0x0800d500                TIM12_IRQHandler
                0x0800d500                TIM7_IRQHandler
                0x0800d500                SDMMC1_IRQHandler
                0x0800d500                TIM5_IRQHandler
                0x0800d500                UCPD1_IRQHandler
                0x0800d500                I3C1_EV_IRQHandler
                0x0800d500                TIM15_IRQHandler
                0x0800d500                PVD_AVD_IRQHandler
                0x0800d500                I2C3_EV_IRQHandler
                0x0800d500                ADC2_IRQHandler
                0x0800d500                SPI2_IRQHandler
                0x0800d500                EXTI14_IRQHandler
                0x0800d500                EXTI11_IRQHandler
                0x0800d500                CRS_IRQHandler
                0x0800d500                EXTI4_IRQHandler
                0x0800d500                GPDMA2_Channel0_IRQHandler
                0x0800d500                RTC_S_IRQHandler
                0x0800d500                RNG_IRQHandler
                0x0800d500                FDCAN2_IT1_IRQHandler
                0x0800d500                GPDMA2_Channel6_IRQHandler
                0x0800d500                TIM1_UP_IRQHandler
                0x0800d500                WWDG_IRQHandler
                0x0800d500                FDCAN2_IT0_IRQHandler
                0x0800d500                IWDG_IRQHandler
                0x0800d500                LPUART1_IRQHandler
                0x0800d500                FDCAN1_IT0_IRQHandler
                0x0800d500                TIM2_IRQHandler
                0x0800d500                GPDMA1_Channel4_IRQHandler
                0x0800d500                EXTI7_IRQHandler
                0x0800d500                TIM1_BRK_IRQHandler
                0x0800d500                EXTI1_IRQHandler
                0x0800d500                DAC1_IRQHandler
                0x0800d500                DTS_IRQHandler
                0x0800d500                GTZC_IRQHandler
                0x0800d500                USART2_IRQHandler
                0x0800d500                GPDMA1_Channel6_IRQHandler
                0x0800d500                GPDMA2_Channel7_IRQHandler
                0x0800d500                I2C2_ER_IRQHandler
                0x0800d500                TIM8_BRK_IRQHandler
                0x0800d500                FLASH_IRQHandler
                0x0800d500                USART1_IRQHandler
                0x0800d500                EXTI10_IRQHandler
                0x0800d500                SPI3_IRQHandler
                0x0800d500                I2C1_ER_IRQHandler
                0x0800d500                FMC_IRQHandler
                0x0800d500                EXTI6_IRQHandler
                0x0800d500                LPTIM1_IRQHandler
                0x0800d500                DCMI_PSSI_IRQHandler
                0x0800d500                ICACHE_IRQHandler
                0x0800d500                EXTI2_IRQHandler
 *fill*         0x0800d502        0x2 
 .text.HAL_Init
                0x0800d504       0x50 ./Drivers/STM32H5xx_HAL_Driver/Src/stm32h5xx_hal.o
                0x0800d504                HAL_Init
 .text.HAL_InitTick
                0x0800d554       0xec ./Drivers/STM32H5xx_HAL_Driver/Src/stm32h5xx_hal.o
                0x0800d554                HAL_InitTick
 .text.HAL_IncTick
                0x0800d640       0x28 ./Drivers/STM32H5xx_HAL_Driver/Src/stm32h5xx_hal.o
                0x0800d640                HAL_IncTick
 .text.HAL_GetTick
                0x0800d668       0x18 ./Drivers/STM32H5xx_HAL_Driver/Src/stm32h5xx_hal.o
                0x0800d668                HAL_GetTick
 .text.HAL_Delay
                0x0800d680       0x48 ./Drivers/STM32H5xx_HAL_Driver/Src/stm32h5xx_hal.o
                0x0800d680                HAL_Delay
 .text.LL_ADC_SetCommonClock
                0x0800d6c8       0x26 ./Drivers/STM32H5xx_HAL_Driver/Src/stm32h5xx_hal_adc.o
 .text.LL_ADC_SetCommonPathInternalCh
                0x0800d6ee       0x26 ./Drivers/STM32H5xx_HAL_Driver/Src/stm32h5xx_hal_adc.o
 .text.LL_ADC_GetCommonPathInternalCh
                0x0800d714       0x1c ./Drivers/STM32H5xx_HAL_Driver/Src/stm32h5xx_hal_adc.o
 .text.LL_ADC_EnableChannelVDDcore
                0x0800d730       0x24 ./Drivers/STM32H5xx_HAL_Driver/Src/stm32h5xx_hal_adc.o
 .text.LL_ADC_EnableChannel0_GPIO
                0x0800d754       0x28 ./Drivers/STM32H5xx_HAL_Driver/Src/stm32h5xx_hal_adc.o
 .text.LL_ADC_SetOffset
                0x0800d77c       0x48 ./Drivers/STM32H5xx_HAL_Driver/Src/stm32h5xx_hal_adc.o
 .text.LL_ADC_GetOffsetChannel
                0x0800d7c4       0x2c ./Drivers/STM32H5xx_HAL_Driver/Src/stm32h5xx_hal_adc.o
 .text.LL_ADC_SetOffsetState
                0x0800d7f0       0x36 ./Drivers/STM32H5xx_HAL_Driver/Src/stm32h5xx_hal_adc.o
 .text.LL_ADC_SetOffsetSign
                0x0800d826       0x36 ./Drivers/STM32H5xx_HAL_Driver/Src/stm32h5xx_hal_adc.o
 .text.LL_ADC_SetOffsetSaturation
                0x0800d85c       0x36 ./Drivers/STM32H5xx_HAL_Driver/Src/stm32h5xx_hal_adc.o
 .text.LL_ADC_SetSamplingTimeCommonConfig
                0x0800d892       0x26 ./Drivers/STM32H5xx_HAL_Driver/Src/stm32h5xx_hal_adc.o
 .text.LL_ADC_REG_IsTriggerSourceSWStart
                0x0800d8b8       0x26 ./Drivers/STM32H5xx_HAL_Driver/Src/stm32h5xx_hal_adc.o
 .text.LL_ADC_REG_SetSequencerRanks
                0x0800d8de       0x58 ./Drivers/STM32H5xx_HAL_Driver/Src/stm32h5xx_hal_adc.o
 .text.LL_ADC_INJ_IsTriggerSourceSWStart
                0x0800d936       0x26 ./Drivers/STM32H5xx_HAL_Driver/Src/stm32h5xx_hal_adc.o
 .text.LL_ADC_SetChannelSamplingTime
                0x0800d95c       0x56 ./Drivers/STM32H5xx_HAL_Driver/Src/stm32h5xx_hal_adc.o
 *fill*         0x0800d9b2        0x2 
 .text.LL_ADC_SetChannelSingleDiff
                0x0800d9b4       0x48 ./Drivers/STM32H5xx_HAL_Driver/Src/stm32h5xx_hal_adc.o
 .text.LL_ADC_GetMultimode
                0x0800d9fc       0x1c ./Drivers/STM32H5xx_HAL_Driver/Src/stm32h5xx_hal_adc.o
 .text.LL_ADC_GetMultiDMATransfer
                0x0800da18       0x1c ./Drivers/STM32H5xx_HAL_Driver/Src/stm32h5xx_hal_adc.o
 .text.LL_ADC_DisableDeepPowerDown
                0x0800da34       0x24 ./Drivers/STM32H5xx_HAL_Driver/Src/stm32h5xx_hal_adc.o
 .text.LL_ADC_IsDeepPowerDownEnabled
                0x0800da58       0x28 ./Drivers/STM32H5xx_HAL_Driver/Src/stm32h5xx_hal_adc.o
 .text.LL_ADC_EnableInternalRegulator
                0x0800da80       0x28 ./Drivers/STM32H5xx_HAL_Driver/Src/stm32h5xx_hal_adc.o
 .text.LL_ADC_IsInternalRegulatorEnabled
                0x0800daa8       0x28 ./Drivers/STM32H5xx_HAL_Driver/Src/stm32h5xx_hal_adc.o
 .text.LL_ADC_IsEnabled
                0x0800dad0       0x26 ./Drivers/STM32H5xx_HAL_Driver/Src/stm32h5xx_hal_adc.o
 .text.LL_ADC_REG_IsConversionOngoing
                0x0800daf6       0x26 ./Drivers/STM32H5xx_HAL_Driver/Src/stm32h5xx_hal_adc.o
 .text.LL_ADC_INJ_IsConversionOngoing
                0x0800db1c       0x26 ./Drivers/STM32H5xx_HAL_Driver/Src/stm32h5xx_hal_adc.o
 *fill*         0x0800db42        0x2 
 .text.HAL_ADC_Init
                0x0800db44      0x2a8 ./Drivers/STM32H5xx_HAL_Driver/Src/stm32h5xx_hal_adc.o
                0x0800db44                HAL_ADC_Init
 .text.HAL_ADC_IRQHandler
                0x0800ddec      0x434 ./Drivers/STM32H5xx_HAL_Driver/Src/stm32h5xx_hal_adc.o
                0x0800ddec                HAL_ADC_IRQHandler
 .text.HAL_ADC_LevelOutOfWindowCallback
                0x0800e220       0x14 ./Drivers/STM32H5xx_HAL_Driver/Src/stm32h5xx_hal_adc.o
                0x0800e220                HAL_ADC_LevelOutOfWindowCallback
 .text.HAL_ADC_ErrorCallback
                0x0800e234       0x14 ./Drivers/STM32H5xx_HAL_Driver/Src/stm32h5xx_hal_adc.o
                0x0800e234                HAL_ADC_ErrorCallback
 .text.HAL_ADC_ConfigChannel
                0x0800e248      0x820 ./Drivers/STM32H5xx_HAL_Driver/Src/stm32h5xx_hal_adc.o
                0x0800e248                HAL_ADC_ConfigChannel
 .text.HAL_ADCEx_InjectedConvCpltCallback
                0x0800ea68       0x14 ./Drivers/STM32H5xx_HAL_Driver/Src/stm32h5xx_hal_adc_ex.o
                0x0800ea68                HAL_ADCEx_InjectedConvCpltCallback
 .text.HAL_ADCEx_InjectedQueueOverflowCallback
                0x0800ea7c       0x14 ./Drivers/STM32H5xx_HAL_Driver/Src/stm32h5xx_hal_adc_ex.o
                0x0800ea7c                HAL_ADCEx_InjectedQueueOverflowCallback
 .text.HAL_ADCEx_LevelOutOfWindow2Callback
                0x0800ea90       0x14 ./Drivers/STM32H5xx_HAL_Driver/Src/stm32h5xx_hal_adc_ex.o
                0x0800ea90                HAL_ADCEx_LevelOutOfWindow2Callback
 .text.HAL_ADCEx_LevelOutOfWindow3Callback
                0x0800eaa4       0x14 ./Drivers/STM32H5xx_HAL_Driver/Src/stm32h5xx_hal_adc_ex.o
                0x0800eaa4                HAL_ADCEx_LevelOutOfWindow3Callback
 .text.HAL_ADCEx_EndOfSamplingCallback
                0x0800eab8       0x14 ./Drivers/STM32H5xx_HAL_Driver/Src/stm32h5xx_hal_adc_ex.o
                0x0800eab8                HAL_ADCEx_EndOfSamplingCallback
 .text.__NVIC_SetPriorityGrouping
                0x0800eacc       0x48 ./Drivers/STM32H5xx_HAL_Driver/Src/stm32h5xx_hal_cortex.o
 .text.__NVIC_GetPriorityGrouping
                0x0800eb14       0x1c ./Drivers/STM32H5xx_HAL_Driver/Src/stm32h5xx_hal_cortex.o
 .text.__NVIC_EnableIRQ
                0x0800eb30       0x3c ./Drivers/STM32H5xx_HAL_Driver/Src/stm32h5xx_hal_cortex.o
 .text.__NVIC_SetPriority
                0x0800eb6c       0x54 ./Drivers/STM32H5xx_HAL_Driver/Src/stm32h5xx_hal_cortex.o
 .text.NVIC_EncodePriority
                0x0800ebc0       0x66 ./Drivers/STM32H5xx_HAL_Driver/Src/stm32h5xx_hal_cortex.o
 .text.HAL_NVIC_SetPriorityGrouping
                0x0800ec26       0x16 ./Drivers/STM32H5xx_HAL_Driver/Src/stm32h5xx_hal_cortex.o
                0x0800ec26                HAL_NVIC_SetPriorityGrouping
 .text.HAL_NVIC_SetPriority
                0x0800ec3c       0x34 ./Drivers/STM32H5xx_HAL_Driver/Src/stm32h5xx_hal_cortex.o
                0x0800ec3c                HAL_NVIC_SetPriority
 .text.HAL_NVIC_EnableIRQ
                0x0800ec70       0x1c ./Drivers/STM32H5xx_HAL_Driver/Src/stm32h5xx_hal_cortex.o
                0x0800ec70                HAL_NVIC_EnableIRQ
 .text.HAL_SYSTICK_Config
                0x0800ec8c       0x44 ./Drivers/STM32H5xx_HAL_Driver/Src/stm32h5xx_hal_cortex.o
                0x0800ec8c                HAL_SYSTICK_Config
 .text.HAL_SYSTICK_CLKSourceConfig
                0x0800ecd0       0xb0 ./Drivers/STM32H5xx_HAL_Driver/Src/stm32h5xx_hal_cortex.o
                0x0800ecd0                HAL_SYSTICK_CLKSourceConfig
 .text.HAL_SYSTICK_GetCLKSourceConfig
                0x0800ed80       0x6c ./Drivers/STM32H5xx_HAL_Driver/Src/stm32h5xx_hal_cortex.o
                0x0800ed80                HAL_SYSTICK_GetCLKSourceConfig
 .text.HAL_DMA_Init
                0x0800edec      0x284 ./Drivers/STM32H5xx_HAL_Driver/Src/stm32h5xx_hal_dma.o
                0x0800edec                HAL_DMA_Init
 .text.HAL_DMA_IRQHandler
                0x0800f070      0x2c2 ./Drivers/STM32H5xx_HAL_Driver/Src/stm32h5xx_hal_dma.o
                0x0800f070                HAL_DMA_IRQHandler
 .text.HAL_DMA_ConfigChannelAttributes
                0x0800f332       0x78 ./Drivers/STM32H5xx_HAL_Driver/Src/stm32h5xx_hal_dma.o
                0x0800f332                HAL_DMA_ConfigChannelAttributes
 *fill*         0x0800f3aa        0x2 
 .text.DMA_Init
                0x0800f3ac      0x508 ./Drivers/STM32H5xx_HAL_Driver/Src/stm32h5xx_hal_dma.o
 .text.HAL_FDCAN_Init
                0x0800f8b4      0x2b4 ./Drivers/STM32H5xx_HAL_Driver/Src/stm32h5xx_hal_fdcan.o
                0x0800f8b4                HAL_FDCAN_Init
 .text.FDCAN_CalcultateRamBlockAddresses
                0x0800fb68       0xc4 ./Drivers/STM32H5xx_HAL_Driver/Src/stm32h5xx_hal_fdcan.o
 .text.HAL_GPIO_Init
                0x0800fc2c      0x2bc ./Drivers/STM32H5xx_HAL_Driver/Src/stm32h5xx_hal_gpio.o
                0x0800fc2c                HAL_GPIO_Init
 .text.HAL_GPIO_WritePin
                0x0800fee8       0x30 ./Drivers/STM32H5xx_HAL_Driver/Src/stm32h5xx_hal_gpio.o
                0x0800fee8                HAL_GPIO_WritePin
 .text.HAL_GPIO_TogglePin
                0x0800ff18       0x34 ./Drivers/STM32H5xx_HAL_Driver/Src/stm32h5xx_hal_gpio.o
                0x0800ff18                HAL_GPIO_TogglePin
 .text.HAL_RCC_OscConfig
                0x0800ff4c      0x870 ./Drivers/STM32H5xx_HAL_Driver/Src/stm32h5xx_hal_rcc.o
                0x0800ff4c                HAL_RCC_OscConfig
 .text.HAL_RCC_ClockConfig
                0x080107bc      0x370 ./Drivers/STM32H5xx_HAL_Driver/Src/stm32h5xx_hal_rcc.o
                0x080107bc                HAL_RCC_ClockConfig
 .text.HAL_RCC_GetSysClockFreq
                0x08010b2c      0x258 ./Drivers/STM32H5xx_HAL_Driver/Src/stm32h5xx_hal_rcc.o
                0x08010b2c                HAL_RCC_GetSysClockFreq
 .text.HAL_RCC_GetHCLKFreq
                0x08010d84       0x38 ./Drivers/STM32H5xx_HAL_Driver/Src/stm32h5xx_hal_rcc.o
                0x08010d84                HAL_RCC_GetHCLKFreq
 .text.HAL_RCC_GetPCLK1Freq
                0x08010dbc       0x2c ./Drivers/STM32H5xx_HAL_Driver/Src/stm32h5xx_hal_rcc.o
                0x08010dbc                HAL_RCC_GetPCLK1Freq
 .text.HAL_RCC_GetPCLK2Freq
                0x08010de8       0x2c ./Drivers/STM32H5xx_HAL_Driver/Src/stm32h5xx_hal_rcc.o
                0x08010de8                HAL_RCC_GetPCLK2Freq
 .text.HAL_RCC_GetPCLK3Freq
                0x08010e14       0x2c ./Drivers/STM32H5xx_HAL_Driver/Src/stm32h5xx_hal_rcc.o
                0x08010e14                HAL_RCC_GetPCLK3Freq
 .text.HAL_RCCEx_PeriphCLKConfig
                0x08010e40     0x1380 ./Drivers/STM32H5xx_HAL_Driver/Src/stm32h5xx_hal_rcc_ex.o
                0x08010e40                HAL_RCCEx_PeriphCLKConfig
 .text.HAL_RCCEx_GetPLL1ClockFreq
                0x080121c0      0x2d8 ./Drivers/STM32H5xx_HAL_Driver/Src/stm32h5xx_hal_rcc_ex.o
                0x080121c0                HAL_RCCEx_GetPLL1ClockFreq
 .text.HAL_RCCEx_GetPLL2ClockFreq
                0x08012498      0x2d8 ./Drivers/STM32H5xx_HAL_Driver/Src/stm32h5xx_hal_rcc_ex.o
                0x08012498                HAL_RCCEx_GetPLL2ClockFreq
 .text.HAL_RCCEx_GetPLL3ClockFreq
                0x08012770      0x2d8 ./Drivers/STM32H5xx_HAL_Driver/Src/stm32h5xx_hal_rcc_ex.o
                0x08012770                HAL_RCCEx_GetPLL3ClockFreq
 .text.HAL_RCCEx_GetPeriphCLKFreq
                0x08012a48     0x16a0 ./Drivers/STM32H5xx_HAL_Driver/Src/stm32h5xx_hal_rcc_ex.o
                0x08012a48                HAL_RCCEx_GetPeriphCLKFreq
 .text.RCCEx_PLL2_Config
                0x080140e8      0x130 ./Drivers/STM32H5xx_HAL_Driver/Src/stm32h5xx_hal_rcc_ex.o
 .text.RCCEx_PLL3_Config
                0x08014218      0x130 ./Drivers/STM32H5xx_HAL_Driver/Src/stm32h5xx_hal_rcc_ex.o
 .text.HAL_SPI_Init
                0x08014348      0x258 ./Drivers/STM32H5xx_HAL_Driver/Src/stm32h5xx_hal_spi.o
                0x08014348                HAL_SPI_Init
 .text.HAL_SPI_Transmit
                0x080145a0      0x438 ./Drivers/STM32H5xx_HAL_Driver/Src/stm32h5xx_hal_spi.o
                0x080145a0                HAL_SPI_Transmit
 .text.HAL_SPI_Receive
                0x080149d8      0x544 ./Drivers/STM32H5xx_HAL_Driver/Src/stm32h5xx_hal_spi.o
                0x080149d8                HAL_SPI_Receive
 .text.SPI_CloseTransfer
                0x08014f1c      0x140 ./Drivers/STM32H5xx_HAL_Driver/Src/stm32h5xx_hal_spi.o
 .text.SPI_WaitOnFlagUntilTimeout
                0x0801505c       0x5c ./Drivers/STM32H5xx_HAL_Driver/Src/stm32h5xx_hal_spi.o
 .text.SPI_GetPacketSize
                0x080150b8       0x36 ./Drivers/STM32H5xx_HAL_Driver/Src/stm32h5xx_hal_spi.o
 .text.HAL_TIM_Base_Init
                0x080150ee       0xae ./Drivers/STM32H5xx_HAL_Driver/Src/stm32h5xx_hal_tim.o
                0x080150ee                HAL_TIM_Base_Init
 .text.HAL_TIM_Base_Start
                0x0801519c      0x14c ./Drivers/STM32H5xx_HAL_Driver/Src/stm32h5xx_hal_tim.o
                0x0801519c                HAL_TIM_Base_Start
 .text.HAL_TIM_Base_Stop
                0x080152e8       0x4e ./Drivers/STM32H5xx_HAL_Driver/Src/stm32h5xx_hal_tim.o
                0x080152e8                HAL_TIM_Base_Stop
 .text.HAL_TIM_IRQHandler
                0x08015336      0x29e ./Drivers/STM32H5xx_HAL_Driver/Src/stm32h5xx_hal_tim.o
                0x08015336                HAL_TIM_IRQHandler
 .text.HAL_TIM_ConfigClockSource
                0x080155d4      0x23c ./Drivers/STM32H5xx_HAL_Driver/Src/stm32h5xx_hal_tim.o
                0x080155d4                HAL_TIM_ConfigClockSource
 .text.HAL_TIM_OC_DelayElapsedCallback
                0x08015810       0x14 ./Drivers/STM32H5xx_HAL_Driver/Src/stm32h5xx_hal_tim.o
                0x08015810                HAL_TIM_OC_DelayElapsedCallback
 .text.HAL_TIM_IC_CaptureCallback
                0x08015824       0x14 ./Drivers/STM32H5xx_HAL_Driver/Src/stm32h5xx_hal_tim.o
                0x08015824                HAL_TIM_IC_CaptureCallback
 .text.HAL_TIM_PWM_PulseFinishedCallback
                0x08015838       0x14 ./Drivers/STM32H5xx_HAL_Driver/Src/stm32h5xx_hal_tim.o
                0x08015838                HAL_TIM_PWM_PulseFinishedCallback
 .text.HAL_TIM_TriggerCallback
                0x0801584c       0x14 ./Drivers/STM32H5xx_HAL_Driver/Src/stm32h5xx_hal_tim.o
                0x0801584c                HAL_TIM_TriggerCallback
 .text.TIM_Base_SetConfig
                0x08015860      0x1d4 ./Drivers/STM32H5xx_HAL_Driver/Src/stm32h5xx_hal_tim.o
                0x08015860                TIM_Base_SetConfig
 .text.TIM_TI1_ConfigInputStage
                0x08015a34       0x5e ./Drivers/STM32H5xx_HAL_Driver/Src/stm32h5xx_hal_tim.o
 .text.TIM_TI2_ConfigInputStage
                0x08015a92       0x60 ./Drivers/STM32H5xx_HAL_Driver/Src/stm32h5xx_hal_tim.o
 .text.TIM_ITRx_SetConfig
                0x08015af2       0x3a ./Drivers/STM32H5xx_HAL_Driver/Src/stm32h5xx_hal_tim.o
 .text.TIM_ETR_SetConfig
                0x08015b2c       0x40 ./Drivers/STM32H5xx_HAL_Driver/Src/stm32h5xx_hal_tim.o
                0x08015b2c                TIM_ETR_SetConfig
 .text.HAL_TIMEx_MasterConfigSynchronization
                0x08015b6c      0x1a0 ./Drivers/STM32H5xx_HAL_Driver/Src/stm32h5xx_hal_tim_ex.o
                0x08015b6c                HAL_TIMEx_MasterConfigSynchronization
 .text.HAL_TIMEx_CommutCallback
                0x08015d0c       0x14 ./Drivers/STM32H5xx_HAL_Driver/Src/stm32h5xx_hal_tim_ex.o
                0x08015d0c                HAL_TIMEx_CommutCallback
 .text.HAL_TIMEx_BreakCallback
                0x08015d20       0x14 ./Drivers/STM32H5xx_HAL_Driver/Src/stm32h5xx_hal_tim_ex.o
                0x08015d20                HAL_TIMEx_BreakCallback
 .text.HAL_TIMEx_Break2Callback
                0x08015d34       0x14 ./Drivers/STM32H5xx_HAL_Driver/Src/stm32h5xx_hal_tim_ex.o
                0x08015d34                HAL_TIMEx_Break2Callback
 .text.HAL_TIMEx_EncoderIndexCallback
                0x08015d48       0x14 ./Drivers/STM32H5xx_HAL_Driver/Src/stm32h5xx_hal_tim_ex.o
                0x08015d48                HAL_TIMEx_EncoderIndexCallback
 .text.HAL_TIMEx_DirectionChangeCallback
                0x08015d5c       0x14 ./Drivers/STM32H5xx_HAL_Driver/Src/stm32h5xx_hal_tim_ex.o
                0x08015d5c                HAL_TIMEx_DirectionChangeCallback
 .text.HAL_TIMEx_IndexErrorCallback
                0x08015d70       0x14 ./Drivers/STM32H5xx_HAL_Driver/Src/stm32h5xx_hal_tim_ex.o
                0x08015d70                HAL_TIMEx_IndexErrorCallback
 .text.HAL_TIMEx_TransitionErrorCallback
                0x08015d84       0x14 ./Drivers/STM32H5xx_HAL_Driver/Src/stm32h5xx_hal_tim_ex.o
                0x08015d84                HAL_TIMEx_TransitionErrorCallback
 .text.HAL_UART_Init
                0x08015d98       0xa0 ./Drivers/STM32H5xx_HAL_Driver/Src/stm32h5xx_hal_uart.o
                0x08015d98                HAL_UART_Init
 .text.UART_SetConfig
                0x08015e38      0x35c ./Drivers/STM32H5xx_HAL_Driver/Src/stm32h5xx_hal_uart.o
                0x08015e38                UART_SetConfig
 .text.UART_AdvFeatureConfig
                0x08016194      0x144 ./Drivers/STM32H5xx_HAL_Driver/Src/stm32h5xx_hal_uart.o
                0x08016194                UART_AdvFeatureConfig
 .text.UART_CheckIdleState
                0x080162d8      0x154 ./Drivers/STM32H5xx_HAL_Driver/Src/stm32h5xx_hal_uart.o
                0x080162d8                UART_CheckIdleState
 .text.UART_WaitOnFlagUntilTimeout
                0x0801642c       0xda ./Drivers/STM32H5xx_HAL_Driver/Src/stm32h5xx_hal_uart.o
                0x0801642c                UART_WaitOnFlagUntilTimeout
 .text.UART_EndRxTransfer
                0x08016506       0xcc ./Drivers/STM32H5xx_HAL_Driver/Src/stm32h5xx_hal_uart.o
 .text.HAL_UARTEx_DisableFifoMode
                0x080165d2       0x72 ./Drivers/STM32H5xx_HAL_Driver/Src/stm32h5xx_hal_uart_ex.o
                0x080165d2                HAL_UARTEx_DisableFifoMode
 .text.HAL_UARTEx_SetTxFifoThreshold
                0x08016644       0x7c ./Drivers/STM32H5xx_HAL_Driver/Src/stm32h5xx_hal_uart_ex.o
                0x08016644                HAL_UARTEx_SetTxFifoThreshold
 .text.HAL_UARTEx_SetRxFifoThreshold
                0x080166c0       0x7c ./Drivers/STM32H5xx_HAL_Driver/Src/stm32h5xx_hal_uart_ex.o
                0x080166c0                HAL_UARTEx_SetRxFifoThreshold
 .text.UARTEx_SetNbDataToProcess
                0x0801673c       0x9c ./Drivers/STM32H5xx_HAL_Driver/Src/stm32h5xx_hal_uart_ex.o
 .text.calloc   0x080167d8       0x10 /Applications/STM32CubeIDE.app/Contents/Eclipse/plugins/com.st.stm32cube.ide.mcu.externaltools.gnu-tools-for-stm32.12.3.rel1.macos64_1.1.100.202509120712/tools/bin/../lib/gcc/arm-none-eabi/12.3.1/../../../../arm-none-eabi/lib/thumb/v8-m.main+fp/hard/libc_nano.a(libc_a-calloc.o)
                0x080167d8                calloc
 .text._calloc_r
                0x080167e8       0x28 /Applications/STM32CubeIDE.app/Contents/Eclipse/plugins/com.st.stm32cube.ide.mcu.externaltools.gnu-tools-for-stm32.12.3.rel1.macos64_1.1.100.202509120712/tools/bin/../lib/gcc/arm-none-eabi/12.3.1/../../../../arm-none-eabi/lib/thumb/v8-m.main+fp/hard/libc_nano.a(libc_a-callocr.o)
                0x080167e8                _calloc_r
 .text.exit     0x08016810       0x24 /Applications/STM32CubeIDE.app/Contents/Eclipse/plugins/com.st.stm32cube.ide.mcu.externaltools.gnu-tools-for-stm32.12.3.rel1.macos64_1.1.100.202509120712/tools/bin/../lib/gcc/arm-none-eabi/12.3.1/../../../../arm-none-eabi/lib/thumb/v8-m.main+fp/hard/libc_nano.a(libc_a-exit.o)
                0x08016810                exit
 .text.__cvt    0x08016834       0xca /Applications/STM32CubeIDE.app/Contents/Eclipse/plugins/com.st.stm32cube.ide.mcu.externaltools.gnu-tools-for-stm32.12.3.rel1.macos64_1.1.100.202509120712/tools/bin/../lib/gcc/arm-none-eabi/12.3.1/../../../../arm-none-eabi/lib/thumb/v8-m.main+fp/hard/libc_nano.a(libc_a-nano-vfprintf_float.o)
                0x08016834                __cvt
 .text.__exponent
                0x080168fe       0x72 /Applications/STM32CubeIDE.app/Contents/Eclipse/plugins/com.st.stm32cube.ide.mcu.externaltools.gnu-tools-for-stm32.12.3.rel1.macos64_1.1.100.202509120712/tools/bin/../lib/gcc/arm-none-eabi/12.3.1/../../../../arm-none-eabi/lib/thumb/v8-m.main+fp/hard/libc_nano.a(libc_a-nano-vfprintf_float.o)
                0x080168fe                __exponent
 .text._printf_float
                0x08016970      0x454 /Applications/STM32CubeIDE.app/Contents/Eclipse/plugins/com.st.stm32cube.ide.mcu.externaltools.gnu-tools-for-stm32.12.3.rel1.macos64_1.1.100.202509120712/tools/bin/../lib/gcc/arm-none-eabi/12.3.1/../../../../arm-none-eabi/lib/thumb/v8-m.main+fp/hard/libc_nano.a(libc_a-nano-vfprintf_float.o)
                0x08016970                _printf_float
 .text.malloc   0x08016dc4       0x10 /Applications/STM32CubeIDE.app/Contents/Eclipse/plugins/com.st.stm32cube.ide.mcu.externaltools.gnu-tools-for-stm32.12.3.rel1.macos64_1.1.100.202509120712/tools/bin/../lib/gcc/arm-none-eabi/12.3.1/../../../../arm-none-eabi/lib/thumb/v8-m.main+fp/hard/libc_nano.a(libc_a-malloc.o)
                0x08016dc4                malloc
 .text.free     0x08016dd4       0x10 /Applications/STM32CubeIDE.app/Contents/Eclipse/plugins/com.st.stm32cube.ide.mcu.externaltools.gnu-tools-for-stm32.12.3.rel1.macos64_1.1.100.202509120712/tools/bin/../lib/gcc/arm-none-eabi/12.3.1/../../../../arm-none-eabi/lib/thumb/v8-m.main+fp/hard/libc_nano.a(libc_a-malloc.o)
                0x08016dd4                free
 .text.sbrk_aligned
                0x08016de4       0x44 /Applications/STM32CubeIDE.app/Contents/Eclipse/plugins/com.st.stm32cube.ide.mcu.externaltools.gnu-tools-for-stm32.12.3.rel1.macos64_1.1.100.202509120712/tools/bin/../lib/gcc/arm-none-eabi/12.3.1/../../../../arm-none-eabi/lib/thumb/v8-m.main+fp/hard/libc_nano.a(libc_a-mallocr.o)
 .text._malloc_r
                0x08016e28      0x100 /Applications/STM32CubeIDE.app/Contents/Eclipse/plugins/com.st.stm32cube.ide.mcu.externaltools.gnu-tools-for-stm32.12.3.rel1.macos64_1.1.100.202509120712/tools/bin/../lib/gcc/arm-none-eabi/12.3.1/../../../../arm-none-eabi/lib/thumb/v8-m.main+fp/hard/libc_nano.a(libc_a-mallocr.o)
                0x08016e28                _malloc_r
 .text._printf_common
                0x08016f28       0xe4 /Applications/STM32CubeIDE.app/Contents/Eclipse/plugins/com.st.stm32cube.ide.mcu.externaltools.gnu-tools-for-stm32.12.3.rel1.macos64_1.1.100.202509120712/tools/bin/../lib/gcc/arm-none-eabi/12.3.1/../../../../arm-none-eabi/lib/thumb/v8-m.main+fp/hard/libc_nano.a(libc_a-nano-vfprintf_i.o)
                0x08016f28                _printf_common
 .text._printf_i
                0x0801700c      0x240 /Applications/STM32CubeIDE.app/Contents/Eclipse/plugins/com.st.stm32cube.ide.mcu.externaltools.gnu-tools-for-stm32.12.3.rel1.macos64_1.1.100.202509120712/tools/bin/../lib/gcc/arm-none-eabi/12.3.1/../../../../arm-none-eabi/lib/thumb/v8-m.main+fp/hard/libc_nano.a(libc_a-nano-vfprintf_i.o)
                0x0801700c                _printf_i
 .text.__malloc_lock
                0x0801724c        0xc /Applications/STM32CubeIDE.app/Contents/Eclipse/plugins/com.st.stm32cube.ide.mcu.externaltools.gnu-tools-for-stm32.12.3.rel1.macos64_1.1.100.202509120712/tools/bin/../lib/gcc/arm-none-eabi/12.3.1/../../../../arm-none-eabi/lib/thumb/v8-m.main+fp/hard/libc_nano.a(libc_a-mlock.o)
                0x0801724c                __malloc_lock
 .text.__malloc_unlock
                0x08017258        0xc /Applications/STM32CubeIDE.app/Contents/Eclipse/plugins/com.st.stm32cube.ide.mcu.externaltools.gnu-tools-for-stm32.12.3.rel1.macos64_1.1.100.202509120712/tools/bin/../lib/gcc/arm-none-eabi/12.3.1/../../../../arm-none-eabi/lib/thumb/v8-m.main+fp/hard/libc_nano.a(libc_a-mlock.o)
                0x08017258                __malloc_unlock
 .text.std      0x08017264       0x6c /Applications/STM32CubeIDE.app/Contents/Eclipse/plugins/com.st.stm32cube.ide.mcu.externaltools.gnu-tools-for-stm32.12.3.rel1.macos64_1.1.100.202509120712/tools/bin/../lib/gcc/arm-none-eabi/12.3.1/../../../../arm-none-eabi/lib/thumb/v8-m.main+fp/hard/libc_nano.a(libc_a-findfp.o)
 .text.stdio_exit_handler
                0x080172d0       0x18 /Applications/STM32CubeIDE.app/Contents/Eclipse/plugins/com.st.stm32cube.ide.mcu.externaltools.gnu-tools-for-stm32.12.3.rel1.macos64_1.1.100.202509120712/tools/bin/../lib/gcc/arm-none-eabi/12.3.1/../../../../arm-none-eabi/lib/thumb/v8-m.main+fp/hard/libc_nano.a(libc_a-findfp.o)
 .text.cleanup_stdio
                0x080172e8       0x40 /Applications/STM32CubeIDE.app/Contents/Eclipse/plugins/com.st.stm32cube.ide.mcu.externaltools.gnu-tools-for-stm32.12.3.rel1.macos64_1.1.100.202509120712/tools/bin/../lib/gcc/arm-none-eabi/12.3.1/../../../../arm-none-eabi/lib/thumb/v8-m.main+fp/hard/libc_nano.a(libc_a-findfp.o)
 .text.global_stdio_init.part.0
                0x08017328       0x3c /Applications/STM32CubeIDE.app/Contents/Eclipse/plugins/com.st.stm32cube.ide.mcu.externaltools.gnu-tools-for-stm32.12.3.rel1.macos64_1.1.100.202509120712/tools/bin/../lib/gcc/arm-none-eabi/12.3.1/../../../../arm-none-eabi/lib/thumb/v8-m.main+fp/hard/libc_nano.a(libc_a-findfp.o)
 .text.__sfp_lock_acquire
                0x08017364        0xc /Applications/STM32CubeIDE.app/Contents/Eclipse/plugins/com.st.stm32cube.ide.mcu.externaltools.gnu-tools-for-stm32.12.3.rel1.macos64_1.1.100.202509120712/tools/bin/../lib/gcc/arm-none-eabi/12.3.1/../../../../arm-none-eabi/lib/thumb/v8-m.main+fp/hard/libc_nano.a(libc_a-findfp.o)
                0x08017364                __sfp_lock_acquire
 .text.__sfp_lock_release
                0x08017370        0xc /Applications/STM32CubeIDE.app/Contents/Eclipse/plugins/com.st.stm32cube.ide.mcu.externaltools.gnu-tools-for-stm32.12.3.rel1.macos64_1.1.100.202509120712/tools/bin/../lib/gcc/arm-none-eabi/12.3.1/../../../../arm-none-eabi/lib/thumb/v8-m.main+fp/hard/libc_nano.a(libc_a-findfp.o)
                0x08017370                __sfp_lock_release
 .text.__sinit  0x0801737c       0x30 /Applications/STM32CubeIDE.app/Contents/Eclipse/plugins/com.st.stm32cube.ide.mcu.externaltools.gnu-tools-for-stm32.12.3.rel1.macos64_1.1.100.202509120712/tools/bin/../lib/gcc/arm-none-eabi/12.3.1/../../../../arm-none-eabi/lib/thumb/v8-m.main+fp/hard/libc_nano.a(libc_a-findfp.o)
                0x0801737c                __sinit
 .text._fwalk_sglue
                0x080173ac       0x3c /Applications/STM32CubeIDE.app/Contents/Eclipse/plugins/com.st.stm32cube.ide.mcu.externaltools.gnu-tools-for-stm32.12.3.rel1.macos64_1.1.100.202509120712/tools/bin/../lib/gcc/arm-none-eabi/12.3.1/../../../../arm-none-eabi/lib/thumb/v8-m.main+fp/hard/libc_nano.a(libc_a-fwalk.o)
                0x080173ac                _fwalk_sglue
 .text.printf   0x080173e8       0x24 /Applications/STM32CubeIDE.app/Contents/Eclipse/plugins/com.st.stm32cube.ide.mcu.externaltools.gnu-tools-for-stm32.12.3.rel1.macos64_1.1.100.202509120712/tools/bin/../lib/gcc/arm-none-eabi/12.3.1/../../../../arm-none-eabi/lib/thumb/v8-m.main+fp/hard/libc_nano.a(libc_a-printf.o)
                0x080173e8                printf
                0x080173e8                iprintf
 .text._puts_r  0x0801740c       0xaa /Applications/STM32CubeIDE.app/Contents/Eclipse/plugins/com.st.stm32cube.ide.mcu.externaltools.gnu-tools-for-stm32.12.3.rel1.macos64_1.1.100.202509120712/tools/bin/../lib/gcc/arm-none-eabi/12.3.1/../../../../arm-none-eabi/lib/thumb/v8-m.main+fp/hard/libc_nano.a(libc_a-puts.o)
                0x0801740c                _puts_r
 *fill*         0x080174b6        0x2 
 .text.puts     0x080174b8       0x10 /Applications/STM32CubeIDE.app/Contents/Eclipse/plugins/com.st.stm32cube.ide.mcu.externaltools.gnu-tools-for-stm32.12.3.rel1.macos64_1.1.100.202509120712/tools/bin/../lib/gcc/arm-none-eabi/12.3.1/../../../../arm-none-eabi/lib/thumb/v8-m.main+fp/hard/libc_nano.a(libc_a-puts.o)
                0x080174b8                puts
 .text.memset   0x080174c8       0x10 /Applications/STM32CubeIDE.app/Contents/Eclipse/plugins/com.st.stm32cube.ide.mcu.externaltools.gnu-tools-for-stm32.12.3.rel1.macos64_1.1.100.202509120712/tools/bin/../lib/gcc/arm-none-eabi/12.3.1/../../../../arm-none-eabi/lib/thumb/v8-m.main+fp/hard/libc_nano.a(libc_a-memset.o)
                0x080174c8                memset
 .text._localeconv_r
                0x080174d8        0x8 /Applications/STM32CubeIDE.app/Contents/Eclipse/plugins/com.st.stm32cube.ide.mcu.externaltools.gnu-tools-for-stm32.12.3.rel1.macos64_1.1.100.202509120712/tools/bin/../lib/gcc/arm-none-eabi/12.3.1/../../../../arm-none-eabi/lib/thumb/v8-m.main+fp/hard/libc_nano.a(libc_a-localeconv.o)
                0x080174d8                _localeconv_r
 .text._sbrk_r  0x080174e0       0x20 /Applications/STM32CubeIDE.app/Contents/Eclipse/plugins/com.st.stm32cube.ide.mcu.externaltools.gnu-tools-for-stm32.12.3.rel1.macos64_1.1.100.202509120712/tools/bin/../lib/gcc/arm-none-eabi/12.3.1/../../../../arm-none-eabi/lib/thumb/v8-m.main+fp/hard/libc_nano.a(libc_a-sbrkr.o)
                0x080174e0                _sbrk_r
 .text.__errno  0x08017500        0xc /Applications/STM32CubeIDE.app/Contents/Eclipse/plugins/com.st.stm32cube.ide.mcu.externaltools.gnu-tools-for-stm32.12.3.rel1.macos64_1.1.100.202509120712/tools/bin/../lib/gcc/arm-none-eabi/12.3.1/../../../../arm-none-eabi/lib/thumb/v8-m.main+fp/hard/libc_nano.a(libc_a-errno.o)
                0x08017500                __errno
 .text.__libc_init_array
                0x0801750c       0x48 /Applications/STM32CubeIDE.app/Contents/Eclipse/plugins/com.st.stm32cube.ide.mcu.externaltools.gnu-tools-for-stm32.12.3.rel1.macos64_1.1.100.202509120712/tools/bin/../lib/gcc/arm-none-eabi/12.3.1/../../../../arm-none-eabi/lib/thumb/v8-m.main+fp/hard/libc_nano.a(libc_a-init.o)
                0x0801750c                __libc_init_array
 .text.__retarget_lock_init_recursive
                0x08017554        0x2 /Applications/STM32CubeIDE.app/Contents/Eclipse/plugins/com.st.stm32cube.ide.mcu.externaltools.gnu-tools-for-stm32.12.3.rel1.macos64_1.1.100.202509120712/tools/bin/../lib/gcc/arm-none-eabi/12.3.1/../../../../arm-none-eabi/lib/thumb/v8-m.main+fp/hard/libc_nano.a(libc_a-lock.o)
                0x08017554                __retarget_lock_init_recursive
 .text.__retarget_lock_acquire_recursive
                0x08017556        0x2 /Applications/STM32CubeIDE.app/Contents/Eclipse/plugins/com.st.stm32cube.ide.mcu.externaltools.gnu-tools-for-stm32.12.3.rel1.macos64_1.1.100.202509120712/tools/bin/../lib/gcc/arm-none-eabi/12.3.1/../../../../arm-none-eabi/lib/thumb/v8-m.main+fp/hard/libc_nano.a(libc_a-lock.o)
                0x08017556                __retarget_lock_acquire_recursive
 .text.__retarget_lock_release_recursive
                0x08017558        0x2 /Applications/STM32CubeIDE.app/Contents/Eclipse/plugins/com.st.stm32cube.ide.mcu.externaltools.gnu-tools-for-stm32.12.3.rel1.macos64_1.1.100.202509120712/tools/bin/../lib/gcc/arm-none-eabi/12.3.1/../../../../arm-none-eabi/lib/thumb/v8-m.main+fp/hard/libc_nano.a(libc_a-lock.o)
                0x08017558                __retarget_lock_release_recursive
 .text.memchr   0x0801755a       0x1c /Applications/STM32CubeIDE.app/Contents/Eclipse/plugins/com.st.stm32cube.ide.mcu.externaltools.gnu-tools-for-stm32.12.3.rel1.macos64_1.1.100.202509120712/tools/bin/../lib/gcc/arm-none-eabi/12.3.1/../../../../arm-none-eabi/lib/thumb/v8-m.main+fp/hard/libc_nano.a(libc_a-memchr-stub.o)
                0x0801755a                memchr
 .text.memcpy   0x08017576       0x1a /Applications/STM32CubeIDE.app/Contents/Eclipse/plugins/com.st.stm32cube.ide.mcu.externaltools.gnu-tools-for-stm32.12.3.rel1.macos64_1.1.100.202509120712/tools/bin/../lib/gcc/arm-none-eabi/12.3.1/../../../../arm-none-eabi/lib/thumb/v8-m.main+fp/hard/libc_nano.a(libc_a-memcpy-stub.o)
                0x08017576                memcpy
 .text.quorem   0x08017590      0x11a /Applications/STM32CubeIDE.app/Contents/Eclipse/plugins/com.st.stm32cube.ide.mcu.externaltools.gnu-tools-for-stm32.12.3.rel1.macos64_1.1.100.202509120712/tools/bin/../lib/gcc/arm-none-eabi/12.3.1/../../../../arm-none-eabi/lib/thumb/v8-m.main+fp/hard/libc_nano.a(libc_a-dtoa.o)
 *fill*         0x080176aa        0x6 
 .text._dtoa_r  0x080176b0      0xb88 /Applications/STM32CubeIDE.app/Contents/Eclipse/plugins/com.st.stm32cube.ide.mcu.externaltools.gnu-tools-for-stm32.12.3.rel1.macos64_1.1.100.202509120712/tools/bin/../lib/gcc/arm-none-eabi/12.3.1/../../../../arm-none-eabi/lib/thumb/v8-m.main+fp/hard/libc_nano.a(libc_a-dtoa.o)
                0x080176b0                _dtoa_r
 .text._free_r  0x08018238       0x94 /Applications/STM32CubeIDE.app/Contents/Eclipse/plugins/com.st.stm32cube.ide.mcu.externaltools.gnu-tools-for-stm32.12.3.rel1.macos64_1.1.100.202509120712/tools/bin/../lib/gcc/arm-none-eabi/12.3.1/../../../../arm-none-eabi/lib/thumb/v8-m.main+fp/hard/libc_nano.a(libc_a-freer.o)
                0x08018238                _free_r
 .text.__sfputc_r
                0x080182cc       0x2e /Applications/STM32CubeIDE.app/Contents/Eclipse/plugins/com.st.stm32cube.ide.mcu.externaltools.gnu-tools-for-stm32.12.3.rel1.macos64_1.1.100.202509120712/tools/bin/../lib/gcc/arm-none-eabi/12.3.1/../../../../arm-none-eabi/lib/thumb/v8-m.main+fp/hard/libc_nano.a(libc_a-nano-vfprintf.o)
 .text.__sfputs_r
                0x080182fa       0x24 /Applications/STM32CubeIDE.app/Contents/Eclipse/plugins/com.st.stm32cube.ide.mcu.externaltools.gnu-tools-for-stm32.12.3.rel1.macos64_1.1.100.202509120712/tools/bin/../lib/gcc/arm-none-eabi/12.3.1/../../../../arm-none-eabi/lib/thumb/v8-m.main+fp/hard/libc_nano.a(libc_a-nano-vfprintf.o)
                0x080182fa                __sfputs_r
 *fill*         0x0801831e        0x2 
 .text._vfprintf_r
                0x08018320      0x230 /Applications/STM32CubeIDE.app/Contents/Eclipse/plugins/com.st.stm32cube.ide.mcu.externaltools.gnu-tools-for-stm32.12.3.rel1.macos64_1.1.100.202509120712/tools/bin/../lib/gcc/arm-none-eabi/12.3.1/../../../../arm-none-eabi/lib/thumb/v8-m.main+fp/hard/libc_nano.a(libc_a-nano-vfprintf.o)
                0x08018320                _vfiprintf_r
                0x08018320                _vfprintf_r
 .text.__sflush_r
                0x08018550      0x108 /Applications/STM32CubeIDE.app/Contents/Eclipse/plugins/com.st.stm32cube.ide.mcu.externaltools.gnu-tools-for-stm32.12.3.rel1.macos64_1.1.100.202509120712/tools/bin/../lib/gcc/arm-none-eabi/12.3.1/../../../../arm-none-eabi/lib/thumb/v8-m.main+fp/hard/libc_nano.a(libc_a-fflush.o)
                0x08018550                __sflush_r
 .text._fflush_r
                0x08018658       0x50 /Applications/STM32CubeIDE.app/Contents/Eclipse/plugins/com.st.stm32cube.ide.mcu.externaltools.gnu-tools-for-stm32.12.3.rel1.macos64_1.1.100.202509120712/tools/bin/../lib/gcc/arm-none-eabi/12.3.1/../../../../arm-none-eabi/lib/thumb/v8-m.main+fp/hard/libc_nano.a(libc_a-fflush.o)
                0x08018658                _fflush_r
 .text._Balloc  0x080186a8       0x80 /Applications/STM32CubeIDE.app/Contents/Eclipse/plugins/com.st.stm32cube.ide.mcu.externaltools.gnu-tools-for-stm32.12.3.rel1.macos64_1.1.100.202509120712/tools/bin/../lib/gcc/arm-none-eabi/12.3.1/../../../../arm-none-eabi/lib/thumb/v8-m.main+fp/hard/libc_nano.a(libc_a-mprec.o)
                0x080186a8                _Balloc
 .text._Bfree   0x08018728       0x44 /Applications/STM32CubeIDE.app/Contents/Eclipse/plugins/com.st.stm32cube.ide.mcu.externaltools.gnu-tools-for-stm32.12.3.rel1.macos64_1.1.100.202509120712/tools/bin/../lib/gcc/arm-none-eabi/12.3.1/../../../../arm-none-eabi/lib/thumb/v8-m.main+fp/hard/libc_nano.a(libc_a-mprec.o)
                0x08018728                _Bfree
 .text.__multadd
                0x0801876c       0x90 /Applications/STM32CubeIDE.app/Contents/Eclipse/plugins/com.st.stm32cube.ide.mcu.externaltools.gnu-tools-for-stm32.12.3.rel1.macos64_1.1.100.202509120712/tools/bin/../lib/gcc/arm-none-eabi/12.3.1/../../../../arm-none-eabi/lib/thumb/v8-m.main+fp/hard/libc_nano.a(libc_a-mprec.o)
                0x0801876c                __multadd
 .text.__hi0bits
                0x080187fc       0x3e /Applications/STM32CubeIDE.app/Contents/Eclipse/plugins/com.st.stm32cube.ide.mcu.externaltools.gnu-tools-for-stm32.12.3.rel1.macos64_1.1.100.202509120712/tools/bin/../lib/gcc/arm-none-eabi/12.3.1/../../../../arm-none-eabi/lib/thumb/v8-m.main+fp/hard/libc_nano.a(libc_a-mprec.o)
                0x080187fc                __hi0bits
 .text.__lo0bits
                0x0801883a       0x5a /Applications/STM32CubeIDE.app/Contents/Eclipse/plugins/com.st.stm32cube.ide.mcu.externaltools.gnu-tools-for-stm32.12.3.rel1.macos64_1.1.100.202509120712/tools/bin/../lib/gcc/arm-none-eabi/12.3.1/../../../../arm-none-eabi/lib/thumb/v8-m.main+fp/hard/libc_nano.a(libc_a-mprec.o)
                0x0801883a                __lo0bits
 .text.__i2b    0x08018894       0x2c /Applications/STM32CubeIDE.app/Contents/Eclipse/plugins/com.st.stm32cube.ide.mcu.externaltools.gnu-tools-for-stm32.12.3.rel1.macos64_1.1.100.202509120712/tools/bin/../lib/gcc/arm-none-eabi/12.3.1/../../../../arm-none-eabi/lib/thumb/v8-m.main+fp/hard/libc_nano.a(libc_a-mprec.o)
                0x08018894                __i2b
 .text.__multiply
                0x080188c0      0x154 /Applications/STM32CubeIDE.app/Contents/Eclipse/plugins/com.st.stm32cube.ide.mcu.externaltools.gnu-tools-for-stm32.12.3.rel1.macos64_1.1.100.202509120712/tools/bin/../lib/gcc/arm-none-eabi/12.3.1/../../../../arm-none-eabi/lib/thumb/v8-m.main+fp/hard/libc_nano.a(libc_a-mprec.o)
                0x080188c0                __multiply
 .text.__pow5mult
                0x08018a14       0xb4 /Applications/STM32CubeIDE.app/Contents/Eclipse/plugins/com.st.stm32cube.ide.mcu.externaltools.gnu-tools-for-stm32.12.3.rel1.macos64_1.1.100.202509120712/tools/bin/../lib/gcc/arm-none-eabi/12.3.1/../../../../arm-none-eabi/lib/thumb/v8-m.main+fp/hard/libc_nano.a(libc_a-mprec.o)
                0x08018a14                __pow5mult
 .text.__lshift
                0x08018ac8       0xd8 /Applications/STM32CubeIDE.app/Contents/Eclipse/plugins/com.st.stm32cube.ide.mcu.externaltools.gnu-tools-for-stm32.12.3.rel1.macos64_1.1.100.202509120712/tools/bin/../lib/gcc/arm-none-eabi/12.3.1/../../../../arm-none-eabi/lib/thumb/v8-m.main+fp/hard/libc_nano.a(libc_a-mprec.o)
                0x08018ac8                __lshift
 .text.__mcmp   0x08018ba0       0x36 /Applications/STM32CubeIDE.app/Contents/Eclipse/plugins/com.st.stm32cube.ide.mcu.externaltools.gnu-tools-for-stm32.12.3.rel1.macos64_1.1.100.202509120712/tools/bin/../lib/gcc/arm-none-eabi/12.3.1/../../../../arm-none-eabi/lib/thumb/v8-m.main+fp/hard/libc_nano.a(libc_a-mprec.o)
                0x08018ba0                __mcmp
 *fill*         0x08018bd6        0x2 
 .text.__mdiff  0x08018bd8      0x130 /Applications/STM32CubeIDE.app/Contents/Eclipse/plugins/com.st.stm32cube.ide.mcu.externaltools.gnu-tools-for-stm32.12.3.rel1.macos64_1.1.100.202509120712/tools/bin/../lib/gcc/arm-none-eabi/12.3.1/../../../../arm-none-eabi/lib/thumb/v8-m.main+fp/hard/libc_nano.a(libc_a-mprec.o)
                0x08018bd8                __mdiff
 .text.__d2b    0x08018d08       0xb0 /Applications/STM32CubeIDE.app/Contents/Eclipse/plugins/com.st.stm32cube.ide.mcu.externaltools.gnu-tools-for-stm32.12.3.rel1.macos64_1.1.100.202509120712/tools/bin/../lib/gcc/arm-none-eabi/12.3.1/../../../../arm-none-eabi/lib/thumb/v8-m.main+fp/hard/libc_nano.a(libc_a-mprec.o)
                0x08018d08                __d2b
 .text.__sread  0x08018db8       0x22 /Applications/STM32CubeIDE.app/Contents/Eclipse/plugins/com.st.stm32cube.ide.mcu.externaltools.gnu-tools-for-stm32.12.3.rel1.macos64_1.1.100.202509120712/tools/bin/../lib/gcc/arm-none-eabi/12.3.1/../../../../arm-none-eabi/lib/thumb/v8-m.main+fp/hard/libc_nano.a(libc_a-stdio.o)
                0x08018db8                __sread
 .text.__swrite
                0x08018dda       0x38 /Applications/STM32CubeIDE.app/Contents/Eclipse/plugins/com.st.stm32cube.ide.mcu.externaltools.gnu-tools-for-stm32.12.3.rel1.macos64_1.1.100.202509120712/tools/bin/../lib/gcc/arm-none-eabi/12.3.1/../../../../arm-none-eabi/lib/thumb/v8-m.main+fp/hard/libc_nano.a(libc_a-stdio.o)
                0x08018dda                __swrite
 .text.__sseek  0x08018e12       0x24 /Applications/STM32CubeIDE.app/Contents/Eclipse/plugins/com.st.stm32cube.ide.mcu.externaltools.gnu-tools-for-stm32.12.3.rel1.macos64_1.1.100.202509120712/tools/bin/../lib/gcc/arm-none-eabi/12.3.1/../../../../arm-none-eabi/lib/thumb/v8-m.main+fp/hard/libc_nano.a(libc_a-stdio.o)
                0x08018e12                __sseek
 .text.__sclose
                0x08018e36        0x8 /Applications/STM32CubeIDE.app/Contents/Eclipse/plugins/com.st.stm32cube.ide.mcu.externaltools.gnu-tools-for-stm32.12.3.rel1.macos64_1.1.100.202509120712/tools/bin/../lib/gcc/arm-none-eabi/12.3.1/../../../../arm-none-eabi/lib/thumb/v8-m.main+fp/hard/libc_nano.a(libc_a-stdio.o)
                0x08018e36                __sclose
 .text.__swbuf_r
                0x08018e3e       0x7c /Applications/STM32CubeIDE.app/Contents/Eclipse/plugins/com.st.stm32cube.ide.mcu.externaltools.gnu-tools-for-stm32.12.3.rel1.macos64_1.1.100.202509120712/tools/bin/../lib/gcc/arm-none-eabi/12.3.1/../../../../arm-none-eabi/lib/thumb/v8-m.main+fp/hard/libc_nano.a(libc_a-wbuf.o)
                0x08018e3e                __swbuf_r
 *fill*         0x08018eba        0x2 
 .text.__swsetup_r
                0x08018ebc       0xac /Applications/STM32CubeIDE.app/Contents/Eclipse/plugins/com.st.stm32cube.ide.mcu.externaltools.gnu-tools-for-stm32.12.3.rel1.macos64_1.1.100.202509120712/tools/bin/../lib/gcc/arm-none-eabi/12.3.1/../../../../arm-none-eabi/lib/thumb/v8-m.main+fp/hard/libc_nano.a(libc_a-wsetup.o)
                0x08018ebc                __swsetup_r
 .text.__swhatbuf_r
                0x08018f68       0x4a /Applications/STM32CubeIDE.app/Contents/Eclipse/plugins/com.st.stm32cube.ide.mcu.externaltools.gnu-tools-for-stm32.12.3.rel1.macos64_1.1.100.202509120712/tools/bin/../lib/gcc/arm-none-eabi/12.3.1/../../../../arm-none-eabi/lib/thumb/v8-m.main+fp/hard/libc_nano.a(libc_a-makebuf.o)
                0x08018f68                __swhatbuf_r
 .text.__smakebuf_r
                0x08018fb2       0x78 /Applications/STM32CubeIDE.app/Contents/Eclipse/plugins/com.st.stm32cube.ide.mcu.externaltools.gnu-tools-for-stm32.12.3.rel1.macos64_1.1.100.202509120712/tools/bin/../lib/gcc/arm-none-eabi/12.3.1/../../../../arm-none-eabi/lib/thumb/v8-m.main+fp/hard/libc_nano.a(libc_a-makebuf.o)
                0x08018fb2                __smakebuf_r
 *fill*         0x0801902a        0x2 
 .text._close_r
                0x0801902c       0x20 /Applications/STM32CubeIDE.app/Contents/Eclipse/plugins/com.st.stm32cube.ide.mcu.externaltools.gnu-tools-for-stm32.12.3.rel1.macos64_1.1.100.202509120712/tools/bin/../lib/gcc/arm-none-eabi/12.3.1/../../../../arm-none-eabi/lib/thumb/v8-m.main+fp/hard/libc_nano.a(libc_a-closer.o)
                0x0801902c                _close_r
 .text._fstat_r
                0x0801904c       0x24 /Applications/STM32CubeIDE.app/Contents/Eclipse/plugins/com.st.stm32cube.ide.mcu.externaltools.gnu-tools-for-stm32.12.3.rel1.macos64_1.1.100.202509120712/tools/bin/../lib/gcc/arm-none-eabi/12.3.1/../../../../arm-none-eabi/lib/thumb/v8-m.main+fp/hard/libc_nano.a(libc_a-fstatr.o)
                0x0801904c                _fstat_r
 .text._isatty_r
                0x08019070       0x20 /Applications/STM32CubeIDE.app/Contents/Eclipse/plugins/com.st.stm32cube.ide.mcu.externaltools.gnu-tools-for-stm32.12.3.rel1.macos64_1.1.100.202509120712/tools/bin/../lib/gcc/arm-none-eabi/12.3.1/../../../../arm-none-eabi/lib/thumb/v8-m.main+fp/hard/libc_nano.a(libc_a-isattyr.o)
                0x08019070                _isatty_r
 .text._lseek_r
                0x08019090       0x24 /Applications/STM32CubeIDE.app/Contents/Eclipse/plugins/com.st.stm32cube.ide.mcu.externaltools.gnu-tools-for-stm32.12.3.rel1.macos64_1.1.100.202509120712/tools/bin/../lib/gcc/arm-none-eabi/12.3.1/../../../../arm-none-eabi/lib/thumb/v8-m.main+fp/hard/libc_nano.a(libc_a-lseekr.o)
                0x08019090                _lseek_r
 .text._read_r  0x080190b4       0x24 /Applications/STM32CubeIDE.app/Contents/Eclipse/plugins/com.st.stm32cube.ide.mcu.externaltools.gnu-tools-for-stm32.12.3.rel1.macos64_1.1.100.202509120712/tools/bin/../lib/gcc/arm-none-eabi/12.3.1/../../../../arm-none-eabi/lib/thumb/v8-m.main+fp/hard/libc_nano.a(libc_a-readr.o)
                0x080190b4                _read_r
 .text._write_r
                0x080190d8       0x24 /Applications/STM32CubeIDE.app/Contents/Eclipse/plugins/com.st.stm32cube.ide.mcu.externaltools.gnu-tools-for-stm32.12.3.rel1.macos64_1.1.100.202509120712/tools/bin/../lib/gcc/arm-none-eabi/12.3.1/../../../../arm-none-eabi/lib/thumb/v8-m.main+fp/hard/libc_nano.a(libc_a-writer.o)
                0x080190d8                _write_r
 .text.__assert_func
                0x080190fc       0x3c /Applications/STM32CubeIDE.app/Contents/Eclipse/plugins/com.st.stm32cube.ide.mcu.externaltools.gnu-tools-for-stm32.12.3.rel1.macos64_1.1.100.202509120712/tools/bin/../lib/gcc/arm-none-eabi/12.3.1/../../../../arm-none-eabi/lib/thumb/v8-m.main+fp/hard/libc_nano.a(libc_a-assert.o)
                0x080190fc                __assert_func
 .text.__ascii_mbtowc
                0x08019138       0x24 /Applications/STM32CubeIDE.app/Contents/Eclipse/plugins/com.st.stm32cube.ide.mcu.externaltools.gnu-tools-for-stm32.12.3.rel1.macos64_1.1.100.202509120712/tools/bin/../lib/gcc/arm-none-eabi/12.3.1/../../../../arm-none-eabi/lib/thumb/v8-m.main+fp/hard/libc_nano.a(libc_a-mbtowc_r.o)
                0x08019138                __ascii_mbtowc
 .text.fprintf  0x0801915c       0x24 /Applications/STM32CubeIDE.app/Contents/Eclipse/plugins/com.st.stm32cube.ide.mcu.externaltools.gnu-tools-for-stm32.12.3.rel1.macos64_1.1.100.202509120712/tools/bin/../lib/gcc/arm-none-eabi/12.3.1/../../../../arm-none-eabi/lib/thumb/v8-m.main+fp/hard/libc_nano.a(libc_a-fprintf.o)
                0x0801915c                fprintf
                0x0801915c                fiprintf
 .text.__ascii_wctomb
                0x08019180       0x1a /Applications/STM32CubeIDE.app/Contents/Eclipse/plugins/com.st.stm32cube.ide.mcu.externaltools.gnu-tools-for-stm32.12.3.rel1.macos64_1.1.100.202509120712/tools/bin/../lib/gcc/arm-none-eabi/12.3.1/../../../../arm-none-eabi/lib/thumb/v8-m.main+fp/hard/libc_nano.a(libc_a-wctomb_r.o)
                0x08019180                __ascii_wctomb
 .text.abort    0x0801919a        0xe /Applications/STM32CubeIDE.app/Contents/Eclipse/plugins/com.st.stm32cube.ide.mcu.externaltools.gnu-tools-for-stm32.12.3.rel1.macos64_1.1.100.202509120712/tools/bin/../lib/gcc/arm-none-eabi/12.3.1/../../../../arm-none-eabi/lib/thumb/v8-m.main+fp/hard/libc_nano.a(libc_a-abort.o)
                0x0801919a                abort
 .text._raise_r
                0x080191a8       0x50 /Applications/STM32CubeIDE.app/Contents/Eclipse/plugins/com.st.stm32cube.ide.mcu.externaltools.gnu-tools-for-stm32.12.3.rel1.macos64_1.1.100.202509120712/tools/bin/../lib/gcc/arm-none-eabi/12.3.1/../../../../arm-none-eabi/lib/thumb/v8-m.main+fp/hard/libc_nano.a(libc_a-signal.o)
                0x080191a8                _raise_r
 .text.raise    0x080191f8       0x10 /Applications/STM32CubeIDE.app/Contents/Eclipse/plugins/com.st.stm32cube.ide.mcu.externaltools.gnu-tools-for-stm32.12.3.rel1.macos64_1.1.100.202509120712/tools/bin/../lib/gcc/arm-none-eabi/12.3.1/../../../../arm-none-eabi/lib/thumb/v8-m.main+fp/hard/libc_nano.a(libc_a-signal.o)
                0x080191f8                raise
 .text._kill_r  0x08019208       0x24 /Applications/STM32CubeIDE.app/Contents/Eclipse/plugins/com.st.stm32cube.ide.mcu.externaltools.gnu-tools-for-stm32.12.3.rel1.macos64_1.1.100.202509120712/tools/bin/../lib/gcc/arm-none-eabi/12.3.1/../../../../arm-none-eabi/lib/thumb/v8-m.main+fp/hard/libc_nano.a(libc_a-signalr.o)
                0x08019208                _kill_r
 .text._getpid_r
                0x0801922c        0x4 /Applications/STM32CubeIDE.app/Contents/Eclipse/plugins/com.st.stm32cube.ide.mcu.externaltools.gnu-tools-for-stm32.12.3.rel1.macos64_1.1.100.202509120712/tools/bin/../lib/gcc/arm-none-eabi/12.3.1/../../../../arm-none-eabi/lib/thumb/v8-m.main+fp/hard/libc_nano.a(libc_a-signalr.o)
                0x0801922c                _getpid_r
 *(.glue_7)
 .glue_7        0x08019230        0x0 linker stubs
 *(.glue_7t)
 .glue_7t       0x08019230        0x0 linker stubs
 *(.eh_frame)
 .eh_frame      0x08019230        0x0 /Applications/STM32CubeIDE.app/Contents/Eclipse/plugins/com.st.stm32cube.ide.mcu.externaltools.gnu-tools-for-stm32.12.3.rel1.macos64_1.1.100.202509120712/tools/bin/../lib/gcc/arm-none-eabi/12.3.1/thumb/v8-m.main+fp/hard/crtbegin.o
 *(.init)
 .init          0x08019230        0x4 /Applications/STM32CubeIDE.app/Contents/Eclipse/plugins/com.st.stm32cube.ide.mcu.externaltools.gnu-tools-for-stm32.12.3.rel1.macos64_1.1.100.202509120712/tools/bin/../lib/gcc/arm-none-eabi/12.3.1/thumb/v8-m.main+fp/hard/crti.o
                0x08019230                _init
 .init          0x08019234        0x8 /Applications/STM32CubeIDE.app/Contents/Eclipse/plugins/com.st.stm32cube.ide.mcu.externaltools.gnu-tools-for-stm32.12.3.rel1.macos64_1.1.100.202509120712/tools/bin/../lib/gcc/arm-none-eabi/12.3.1/thumb/v8-m.main+fp/hard/crtn.o
 *(.fini)
 .fini          0x0801923c        0x4 /Applications/STM32CubeIDE.app/Contents/Eclipse/plugins/com.st.stm32cube.ide.mcu.externaltools.gnu-tools-for-stm32.12.3.rel1.macos64_1.1.100.202509120712/tools/bin/../lib/gcc/arm-none-eabi/12.3.1/thumb/v8-m.main+fp/hard/crti.o
                0x0801923c                _fini
 .fini          0x08019240        0x8 /Applications/STM32CubeIDE.app/Contents/Eclipse/plugins/com.st.stm32cube.ide.mcu.externaltools.gnu-tools-for-stm32.12.3.rel1.macos64_1.1.100.202509120712/tools/bin/../lib/gcc/arm-none-eabi/12.3.1/thumb/v8-m.main+fp/hard/crtn.o
                0x08019248                        . = ALIGN (0x4)
                0x08019248                        _etext = .

.vfp11_veneer   0x08019248        0x0
 .vfp11_veneer  0x08019248        0x0 linker stubs

.v4_bx          0x08019248        0x0
 .v4_bx         0x08019248        0x0 linker stubs

.iplt           0x08019248        0x0
 .iplt          0x08019248        0x0 /Applications/STM32CubeIDE.app/Contents/Eclipse/plugins/com.st.stm32cube.ide.mcu.externaltools.gnu-tools-for-stm32.12.3.rel1.macos64_1.1.100.202509120712/tools/bin/../lib/gcc/arm-none-eabi/12.3.1/thumb/v8-m.main+fp/hard/crtbegin.o

.rodata         0x08019248     0x1428
                0x08019248                        . = ALIGN (0x4)
 *(.rodata)
 .rodata        0x08019248       0x8e ./Core/ADBMS6830/src/adBms6830GenericType.o
 *fill*         0x080192d6        0x2 
 .rodata        0x080192d8       0xf3 ./Core/ADBMS6830/src/adBms6830ParseCreate.o
 *fill*         0x080193cb        0x1 
 .rodata        0x080193cc      0xcef ./Core/ADBMS6830/src/serialPrintResult.o
 *(.rodata*)
 *fill*         0x0801a0bb        0x1 
 .rodata.Crc15Table
                0x0801a0bc      0x200 ./Core/ADBMS6830/src/adBms6830GenericType.o
                0x0801a0bc                Crc15Table
 .rodata.AHBPrescTable
                0x0801a2bc       0x10 ./Core/Src/system_stm32h5xx.o
                0x0801a2bc                AHBPrescTable
 .rodata.APBPrescTable
                0x0801a2cc        0x8 ./Core/Src/system_stm32h5xx.o
                0x0801a2cc                APBPrescTable
 .rodata.UARTPrescTable
                0x0801a2d4       0x18 ./Drivers/STM32H5xx_HAL_Driver/Src/stm32h5xx_hal_uart.o
                0x0801a2d4                UARTPrescTable
 .rodata.numerator.1
                0x0801a2ec        0x8 ./Drivers/STM32H5xx_HAL_Driver/Src/stm32h5xx_hal_uart_ex.o
 .rodata.denominator.0
                0x0801a2f4        0x8 ./Drivers/STM32H5xx_HAL_Driver/Src/stm32h5xx_hal_uart_ex.o
 .rodata._printf_float.str1.1
                0x0801a2fc       0x12 /Applications/STM32CubeIDE.app/Contents/Eclipse/plugins/com.st.stm32cube.ide.mcu.externaltools.gnu-tools-for-stm32.12.3.rel1.macos64_1.1.100.202509120712/tools/bin/../lib/gcc/arm-none-eabi/12.3.1/../../../../arm-none-eabi/lib/thumb/v8-m.main+fp/hard/libc_nano.a(libc_a-nano-vfprintf_float.o)
 .rodata._printf_i.str1.1
                0x0801a30e       0x22 /Applications/STM32CubeIDE.app/Contents/Eclipse/plugins/com.st.stm32cube.ide.mcu.externaltools.gnu-tools-for-stm32.12.3.rel1.macos64_1.1.100.202509120712/tools/bin/../lib/gcc/arm-none-eabi/12.3.1/../../../../arm-none-eabi/lib/thumb/v8-m.main+fp/hard/libc_nano.a(libc_a-nano-vfprintf_i.o)
 .rodata._dtoa_r.str1.1
                0x0801a330       0x8d /Applications/STM32CubeIDE.app/Contents/Eclipse/plugins/com.st.stm32cube.ide.mcu.externaltools.gnu-tools-for-stm32.12.3.rel1.macos64_1.1.100.202509120712/tools/bin/../lib/gcc/arm-none-eabi/12.3.1/../../../../arm-none-eabi/lib/thumb/v8-m.main+fp/hard/libc_nano.a(libc_a-dtoa.o)
                                 0x8f (size before relaxing)
 .rodata._vfprintf_r.str1.1
                0x0801a3bd       0x11 /Applications/STM32CubeIDE.app/Contents/Eclipse/plugins/com.st.stm32cube.ide.mcu.externaltools.gnu-tools-for-stm32.12.3.rel1.macos64_1.1.100.202509120712/tools/bin/../lib/gcc/arm-none-eabi/12.3.1/../../../../arm-none-eabi/lib/thumb/v8-m.main+fp/hard/libc_nano.a(libc_a-nano-vfprintf.o)
 .rodata._Balloc.str1.1