Archive member included to satisfy reference by file (symbol)

/Applications/STM32CubeIDE.app/Contents/Eclipse/plugins/com.st.stm32cube.ide.mcu.externaltools.gnu-tools-for-stm32.12.3.rel1.macos64_1.1.100.202509120712/tools/bin/../lib/gcc/arm-none-eabi/12.3.1/../../../../arm-none-eabi/lib/thumb/v8-m.main+fp/hard/libc_nano.a(libc_a-calloc.o)
                              ./Core/ADBMS2950/src/adi_bms_2950data.o (calloc)
/Applications/STM32CubeIDE.app/Contents/Eclipse/plugins/com.st.stm32cube.ide.mcu.externaltools.gnu-tools-for-stm32.12.3.rel1.macos64_1.1.100.202509120712/tools/bin/../lib/gcc/arm-none-eabi/12.3.1/../../../../arm-none-eabi/lib/thumb/v8-m.main+fp/hard/libc_nano.a(libc_a-callocr.o)
                              /Applications/STM32CubeIDE.app/Contents/Eclipse/plugins/com.st.stm32cube.ide.mcu.externaltools.gnu-tools-for-stm32.12.3.rel1.macos64_1.1.100.202509120712/tools/bin/../lib/gcc/arm-none-eabi/12.3.1/../../../../arm-none-eabi/lib/thumb/v8-m.main+fp/hard/libc_nano.a(libc_a-calloc.o) (_calloc_r)
/Applications/STM32CubeIDE.app/Contents/Eclipse/plugins/com.st.stm32cube.ide.mcu.externaltools.gnu-tools-for-stm32.12.3.rel1.macos64_1.1.100.202509120712/tools/bin/../lib/gcc/arm-none-eabi/12.3.1/../../../../arm-none-eabi/lib/thumb/v8-m.main+fp/hard/libc_nano.a(libc_a-exit.o)
                              /Applications/STM32CubeIDE.app/Contents/Eclipse/plugins/com.st.stm32cube.ide.mcu.externaltools.gnu-tools-for-stm32.12.3.rel1.macos64_1.1.100.202509120712/tools/bin/../lib/gcc/arm-none-eabi/12.3.1/../../../../arm-none-eabi/lib/thumb/v8-m.main+fp/hard/crt0.o (exit)
/Applications/STM32CubeIDE.app/Contents/Eclipse/plugins/com.st.stm32cube.ide.mcu.externaltools.gnu-tools-for-stm32.12.3.rel1.macos64_1.1.100.202509120712/tools/bin/../lib/gcc/arm-none-eabi/12.3.1/../../../../arm-none-eabi/lib/thumb/v8-m.main+fp/hard/libc_nano.a(libc_a-nano-vfprintf_float.o)
                              (_printf_float)
/Applications/STM32CubeIDE.app/Contents/Eclipse/plugins/com.st.stm32cube.ide.mcu.externaltools.gnu-tools-for-stm32.12.3.rel1.macos64_1.1.100.202509120712/tools/bin/../lib/gcc/arm-none-eabi/12.3.1/../../../../arm-none-eabi/lib/thumb/v8-m.main+fp/hard/libc_nano.a(libc_a-malloc.o)
                              ./Core/ADBMS2950/src/adi_bms_2950data.o (free)
/Applications/STM32CubeIDE.app/Contents/Eclipse/plugins/com.st.stm32cube.ide.mcu.externaltools.gnu-tools-for-stm32.12.3.rel1.macos64_1.1.100.202509120712/tools/bin/../lib/gcc/arm-none-eabi/12.3.1/../../../../arm-none-eabi/lib/thumb/v8-m.main+fp/hard/libc_nano.a(libc_a-mallocr.o)
                              /Applications/STM32CubeIDE.app/Contents/Eclipse/plugins/com.st.stm32cube.ide.mcu.externaltools.gnu-tools-for-stm32.12.3.rel1.macos64_1.1.100.202509120712/tools/bin/../lib/gcc/arm-none-eabi/12.3.1/../../../../arm-none-eabi/lib/thumb/v8-m.main+fp/hard/libc_nano.a(libc_a-callocr.o) (_malloc_r)
/Applications/STM32CubeIDE.app/Contents/Eclipse/plugins/com.st.stm32cube.ide.mcu.externaltools.gnu-tools-for-stm32.12.3.rel1.macos64_1.1.100.202509120712/tools/bin/../lib/gcc/arm-none-eabi/12.3.1/../../../../arm-none-eabi/lib/thumb/v8-m.main+fp/hard/libc_nano.a(libc_a-nano-vfprintf_i.o)
                              /Applications/STM32CubeIDE.app/Contents/Eclipse/plugins/com.st.stm32cube.ide.mcu.externaltools.gnu-tools-for-stm32.12.3.rel1.macos64_1.1.100.202509120712/tools/bin/../lib/gcc/arm-none-eabi/12.3.1/../../../../arm-none-eabi/lib/thumb/v8-m.main+fp/hard/libc_nano.a(libc_a-nano-vfprintf_float.o) (_printf_common)
/Applications/STM32CubeIDE.app/Contents/Eclipse/plugins/com.st.stm32cube.ide.mcu.externaltools.gnu-tools-for-stm32.12.3.rel1.macos64_1.1.100.202509120712/tools/bin/../lib/gcc/arm-none-eabi/12.3.1/../../../../arm-none-eabi/lib/thumb/v8-m.main+fp/hard/libc_nano.a(libc_a-mlock.o)
                              /Applications/STM32CubeIDE.app/Contents/Eclipse/plugins/com.st.stm32cube.ide.mcu.externaltools.gnu-tools-for-stm32.12.3.rel1.macos64_1.1.100.202509120712/tools/bin/../lib/gcc/arm-none-eabi/12.3.1/../../../../arm-none-eabi/lib/thumb/v8-m.main+fp/hard/libc_nano.a(libc_a-mallocr.o) (__malloc_lock)
/Applications/STM32CubeIDE.app/Contents/Eclipse/plugins/com.st.stm32cube.ide.mcu.externaltools.gnu-tools-for-stm32.12.3.rel1.macos64_1.1.100.202509120712/tools/bin/../lib/gcc/arm-none-eabi/12.3.1/../../../../arm-none-eabi/lib/thumb/v8-m.main+fp/hard/libc_nano.a(libc_a-findfp.o)
                              /Applications/STM32CubeIDE.app/Contents/Eclipse/plugins/com.st.stm32cube.ide.mcu.externaltools.gnu-tools-for-stm32.12.3.rel1.macos64_1.1.100.202509120712/tools/bin/../lib/gcc/arm-none-eabi/12.3.1/../../../../arm-none-eabi/lib/thumb/v8-m.main+fp/hard/libc_nano.a(libc_a-exit.o) (__stdio_exit_handler)
[...]
Memory Configuration

Name             Origin             Length             Attributes
RAM              0x20000000         0x00044000         xrw
FLASH            0x08000000         0x00080000         xr
*default*        0x00000000         0xffffffff

Linker script and memory map

LOAD /Applications/STM32CubeIDE.app/Contents/Eclipse/plugins/com.st.stm32cube.ide.mcu.externaltools.gnu-tools-for-stm32.12.3.rel1.macos64_1.1.100.202509120712/tools/bin/../lib/gcc/arm-none-eabi/12.3.1/thumb/v8-m.main+fp/hard/crti.o
LOAD /Applications/STM32CubeIDE.app/Contents/Eclipse/plugins/com.st.stm32cube.ide.mcu.externaltools.gnu-tools-for-stm32.12.3.rel1.macos64_1.1.100.202509120712/tools/bin/../lib/gcc/arm-none-eabi/12.3.1/thumb/v8-m.main+fp/hard/crtbegin.o
LOAD /Applications/STM32CubeIDE.app/Contents/Eclipse/plugins/com.st.stm32cube.ide.mcu.externaltools.gnu-tools-for-stm32.12.3.rel1.macos64_1.1.100.202509120712/tools/bin/../lib/gcc/arm-none-eabi/12.3.1/../../../../arm-none-eabi/lib/thumb/v8-m.main+fp/hard/crt0.o
LOAD ./Core/ADBMS2950/src/adBms2950TestHelper.o
LOAD ./Core/ADBMS2950/src/adbms_2950.o
LOAD ./Core/ADBMS2950/src/adi_bms_2950cmdlist.o
LOAD ./Core/ADBMS2950/src/adi_bms_2950data.o
LOAD ./Core/ADBMS2950/src/adi_bms_utility.o
LOAD ./Core/ADBMS2950/src/application.o
LOAD ./Core/ADBMS2950/src/pal.o
LOAD ./Core/ADBMS2950/src/print_result.o
LOAD ./Core/ADBMS6830/src/adBms6830GenericType.o
LOAD ./Core/ADBMS6830/src/adBms6830ParseCreate.o
LOAD ./Core/ADBMS6830/src/adBms_Application.o
LOAD ./Core/ADBMS6830/src/custom_calc_func.o
LOAD ./Core/ADBMS6830/src/mcuWrapper.o
LOAD ./Core/ADBMS6830/src/serialPrintResult.o
LOAD ./Core/Src/adc.o
LOAD ./Core/Src/fdcan.o
LOAD ./Core/Src/gpdma.o
LOAD ./Core/Src/gpio.o
LOAD ./Core/Src/main.o
LOAD ./Core/Src/spi.o
LOAD ./Core/Src/stm32h5xx_hal_msp.o
LOAD ./Core/Src/stm32h5xx_it.o
LOAD ./Core/Src/syscalls.o
LOAD ./Core/Src/sysmem.o
LOAD ./Core/Src/system_stm32h5xx.o
LOAD ./Core/Src/tim.o
LOAD ./Core/Src/usart.o
LOAD ./Core/Startup/startup_stm32h523cetx.o
LOAD ./Drivers/STM32H5xx_HAL_Driver/Src/stm32h5xx_hal.o
LOAD ./Drivers/STM32H5xx_HAL_Driver/Src/stm32h5xx_hal_adc.o
LOAD ./Drivers/STM32H5xx_HAL_Driver/Src/stm32h5xx_hal_adc_ex.o
LOAD ./Drivers/STM32H5xx_HAL_Driver/Src/stm32h5xx_hal_cortex.o
LOAD ./Drivers/STM32H5xx_HAL_Driver/Src/stm32h5xx_hal_dma.o
LOAD ./Drivers/STM32H5xx_HAL_Driver/Src/stm32h5xx_hal_dma_ex.o
LOAD ./Drivers/STM32H5xx_HAL_Driver/Src/stm32h5xx_hal_exti.o
LOAD ./Drivers/STM32H5xx_HAL_Driver/Src/stm32h5xx_hal_fdcan.o
LOAD ./Drivers/STM32H5xx_HAL_Driver/Src/stm32h5xx_hal_flash.o
LOAD ./Drivers/STM32H5xx_HAL_Driver/Src/stm32h5xx_hal_flash_ex.o
LOAD ./Drivers/STM32H5xx_HAL_Driver/Src/stm32h5xx_hal_gpio.o
LOAD ./Drivers/STM32H5xx_HAL_Driver/Src/stm32h5xx_hal_pwr.o
LOAD ./Drivers/STM32H5xx_HAL_Driver/Src/stm32h5xx_hal_pwr_ex.o
LOAD ./Drivers/STM32H5xx_HAL_Driver/Src/stm32h5xx_hal_rcc.o
LOAD ./Drivers/STM32H5xx_HAL_Driver/Src/stm32h5xx_hal_rcc_ex.o
LOAD ./Drivers/STM32H5xx_HAL_Driver/Src/stm32h5xx_hal_spi.o
LOAD ./Drivers/STM32H5xx_HAL_Driver/Src/stm32h5xx_hal_spi_ex.o
LOAD ./Drivers/STM32H5xx_HAL_Driver/Src/stm32h5xx_hal_tim.o
LOAD ./Drivers/STM32H5xx_HAL_Driver/Src/stm32h5xx_hal_tim_ex.o
LOAD ./Drivers/STM32H5xx_HAL_Driver/Src/stm32h5xx_hal_uart.o
LOAD ./Drivers/STM32H5xx_HAL_Driver/Src/stm32h5xx_hal_uart_ex.o
START GROUP
LOAD /Applications/STM32CubeIDE.app/Contents/Eclipse/plugins/com.st.stm32cube.ide.mcu.externaltools.gnu-tools-for-stm32.12.3.rel1.macos64_1.1.100.202509120712/tools/bin/../lib/gcc/arm-none-eabi/12.3.1/../../../../arm-none-eabi/lib/thumb/v8-m.main+fp/hard/libc_nano.a
LOAD /Applications/STM32CubeIDE.app/Contents/Eclipse/plugins/com.st.stm32cube.ide.mcu.externaltools.gnu-tools-for-stm32.12.3.rel1.macos64_1.1.100.202509120712/tools/bin/../lib/gcc/arm-none-eabi/12.3.1/../../../../arm-none-eabi/lib/thumb/v8-m.main+fp/hard/libm.a
END GROUP
START GROUP
LOAD /Applications/STM32CubeIDE.app/Contents/Eclipse/plugins/com.st.stm32cube.ide.mcu.externaltools.gnu-tools-for-stm32.12.3.rel1.macos64_1.1.100.202509120712/tools/bin/../lib/gcc/arm-none-eabi/12.3.1/thumb/v8-m.main+fp/hard/libgcc.a
LOAD /Applications/STM32CubeIDE.app/Contents/Eclipse/plugins/com.st.stm32cube.ide.mcu.externaltools.gnu-tools-for-stm32.12.3.rel1.macos64_1.1.100.202509120712/tools/bin/../lib/gcc/arm-none-eabi/12.3.1/../../../../arm-none-eabi/lib/thumb/v8-m.main+fp/hard/libc_nano.a
END GROUP
START GROUP
LOAD /Applications/STM32CubeIDE.app/Contents/Eclipse/plugins/com.st.stm32cube.ide.mcu.externaltools.gnu-tools-for-stm32.12.3.rel1.macos64_1.1.100.202509120712/tools/bin/../lib/gcc/arm-none-eabi/12.3.1/thumb/v8-m.main+fp/hard/libgcc.a
LOAD /Applications/STM32CubeIDE.app/Contents/Eclipse/plugins/com.st.stm32cube.ide.mcu.externaltools.gnu-tools-for-stm32.12.3.rel1.macos64_1.1.100.202509120712/tools/bin/../lib/gcc/arm-none-eabi/12.3.1/../../../../arm-none-eabi/lib/thumb/v8-m.main+fp/hard/libc_nano.a
LOAD /Applications/STM32CubeIDE.app/Contents/Eclipse/plugins/com.st.stm32cube.ide.mcu.externaltools.gnu-tools-for-stm32.12.3.rel1.macos64_1.1.100.202509120712/tools/bin/../lib/gcc/arm-none-eabi/12.3.1/../../../../arm-none-eabi/lib/thumb/v8-m.main+fp/hard/libnosys.a
END GROUP
START GROUP
LOAD /Applications/STM32CubeIDE.app/Contents/Eclipse/plugins/com.st.stm32cube.ide.mcu.externaltools.gnu-tools-for-stm32.12.3.rel1.macos64_1.1.100.202509120712/tools/bin/../lib/gcc/arm-none-eabi/12.3.1/thumb/v8-m.main+fp/hard/libgcc.a
LOAD /Applications/STM32CubeIDE.app/Contents/Eclipse/plugins/com.st.stm32cube.ide.mcu.externaltools.gnu-tools-for-stm32.12.3.rel1.macos64_1.1.100.202509120712/tools/bin/../lib/gcc/arm-none-eabi/12.3.1/../../../../arm-none-eabi/lib/thumb/v8-m.main+fp/hard/libc_nano.a
LOAD /Applications/STM32CubeIDE.app/Contents/Eclipse/plugins/com.st.stm32cube.ide.mcu.externaltools.gnu-tools-for-stm32.12.3.rel1.macos64_1.1.100.202509120712/tools/bin/../lib/gcc/arm-none-eabi/12.3.1/../../../../arm-none-eabi/lib/thumb/v8-m.main+fp/hard/libnosys.a
END GROUP
LOAD /Applications/STM32CubeIDE.app/Contents/Eclipse/plugins/com.st.stm32cube.ide.mcu.externaltools.gnu-tools-for-stm32.12.3.rel1.macos64_1.1.100.202509120712/tools/bin/../lib/gcc/arm-none-eabi/12.3.1/thumb/v8-m.main+fp/hard/crtend.o
LOAD /Applications/STM32CubeIDE.app/Contents/Eclipse/plugins/com.st.stm32cube.ide.mcu.externaltools.gnu-tools-for-stm32.12.3.rel1.macos64_1.1.100.202509120712/tools/bin/../lib/gcc/arm-none-eabi/12.3.1/thumb/v8-m.main+fp/hard/crtn.o
                0x20044000                        _estack = (ORIGIN (RAM) + LENGTH (RAM))
                0x00000200                        _Min_Heap_Size = 0x200
                0x00000400                        _Min_Stack_Size = 0x400

.isr_vector     0x08000000      0x254
                0x08000000                        . = ALIGN (0x4)
 *(.isr_vector)
 .isr_vector    0x08000000      0x254 ./Core/Startup/startup_stm32h523cetx.o
                0x08000000                g_pfnVectors
                0x08000254                        . = ALIGN (0x4)

.text           0x08000258    0x15268
                0x08000258                        . = ALIGN (0x4)
 *(.text)
 .text          0x08000258       0x40 /Applications/STM32CubeIDE.app/Contents/Eclipse/plugins/com.st.stm32cube.ide.mcu.externaltools.gnu-tools-for-stm32.12.3.rel1.macos64_1.1.100.202509120712/tools/bin/../lib/gcc/arm-none-eabi/12.3.1/thumb/v8-m.main+fp/hard/crtbegin.o
 .text          0x08000298       0x10 /Applications/STM32CubeIDE.app/Contents/Eclipse/plugins/com.st.stm32cube.ide.mcu.externaltools.gnu-tools-for-stm32.12.3.rel1.macos64_1.1.100.202509120712/tools/bin/../lib/gcc/arm-none-eabi/12.3.1/../../../../arm-none-eabi/lib/thumb/v8-m.main+fp/hard/libc_nano.a(libc_a-strlen.o)
                0x08000298                strlen
 .text          0x080002a8      0x378 /Applications/STM32CubeIDE.app/Contents/Eclipse/plugins/com.st.stm32cube.ide.mcu.externaltools.gnu-tools-for-stm32.12.3.rel1.macos64_1.1.100.202509120712/tools/bin/../lib/gcc/arm-none-eabi/12.3.1/thumb/v8-m.main+fp/hard/libgcc.a(_arm_addsubdf3.o)
                0x080002a8                __aeabi_drsub
                0x080002b0                __subdf3
                0x080002b0                __aeabi_dsub
                0x080002b4                __aeabi_dadd
                0x080002b4                __adddf3
                0x0800052c                __aeabi_ui2d
                0x0800052c                __floatunsidf
                0x0800054c                __floatsidf
                0x0800054c                __aeabi_i2d
                0x08000570                __extendsfdf2
                0x08000570                __aeabi_f2d
                0x080005b4                __aeabi_ul2d
                0x080005b4                __floatundidf
                0x080005c4                __aeabi_l2d
                0x080005c4                __floatdidf
 .text          0x08000620      0x424 /Applications/STM32CubeIDE.app/Contents/Eclipse/plugins/com.st.stm32cube.ide.mcu.externaltools.gnu-tools-for-stm32.12.3.rel1.macos64_1.1.100.202509120712/tools/bin/../lib/gcc/arm-none-eabi/12.3.1/thumb/v8-m.main+fp/hard/libgcc.a(_arm_muldivdf3.o)
                0x08000620                __aeabi_dmul
                0x08000620                __muldf3
                0x08000874                __aeabi_ddiv
                0x08000874                __divdf3
 .text          0x08000a44      0x110 /Applications/STM32CubeIDE.app/Contents/Eclipse/plugins/com.st.stm32cube.ide.mcu.externaltools.gnu-tools-for-stm32.12.3.rel1.macos64_1.1.100.202509120712/tools/bin/../lib/gcc/arm-none-eabi/12.3.1/thumb/v8-m.main+fp/hard/libgcc.a(_arm_cmpdf2.o)
                0x08000a44                __gedf2
                0x08000a44                __gtdf2
                0x08000a4c                __ledf2
                0x08000a4c                __ltdf2
                0x08000a54                __cmpdf2
                0x08000a54                __eqdf2
                0x08000a54                __nedf2
                0x08000ad0                __aeabi_cdrcmple
                0x08000ae0                __aeabi_cdcmple
                0x08000ae0                __aeabi_cdcmpeq
                0x08000af0                __aeabi_dcmpeq
                0x08000b04                __aeabi_dcmplt
                0x08000b18                __aeabi_dcmple
                0x08000b2c                __aeabi_dcmpge
                0x08000b40                __aeabi_dcmpgt
 .text          0x08000b54       0x2c /Applications/STM32CubeIDE.app/Contents/Eclipse/plugins/com.st.stm32cube.ide.mcu.externaltools.gnu-tools-for-stm32.12.3.rel1.macos64_1.1.100.202509120712/tools/bin/../lib/gcc/arm-none-eabi/12.3.1/thumb/v8-m.main+fp/hard/libgcc.a(_arm_unorddf2.o)
                0x08000b54                __aeabi_dcmpun
                0x08000b54                __unorddf2
 .text          0x08000b80       0x50 /Applications/STM32CubeIDE.app/Contents/Eclipse/plugins/com.st.stm32cube.ide.mcu.externaltools.gnu-tools-for-stm32.12.3.rel1.macos64_1.1.100.202509120712/tools/bin/../lib/gcc/arm-none-eabi/12.3.1/thumb/v8-m.main+fp/hard/libgcc.a(_arm_fixdfsi.o)
                0x08000b80                __fixdfsi
                0x08000b80                __aeabi_d2iz
 .text          0x08000bd0       0xa0 /Applications/STM32CubeIDE.app/Contents/Eclipse/plugins/com.st.stm32cube.ide.mcu.externaltools.gnu-tools-for-stm32.12.3.rel1.macos64_1.1.100.202509120712/tools/bin/../lib/gcc/arm-none-eabi/12.3.1/thumb/v8-m.main+fp/hard/libgcc.a(_arm_truncdfsf2.o)
                0x08000bd0                __aeabi_d2f
                0x08000bd0                __truncdfsf2
 .text          0x08000c70       0x30 /Applications/STM32CubeIDE.app/Contents/Eclipse/plugins/com.st.stm32cube.ide.mcu.externaltools.gnu-tools-for-stm32.12.3.rel1.macos64_1.1.100.202509120712/tools/bin/../lib/gcc/arm-none-eabi/12.3.1/thumb/v8-m.main+fp/hard/libgcc.a(_aeabi_uldivmod.o)
                0x08000c70                __aeabi_uldivmod
 .text          0x08000ca0      0x2e4 /Applications/STM32CubeIDE.app/Contents/Eclipse/plugins/com.st.stm32cube.ide.mcu.externaltools.gnu-tools-for-stm32.12.3.rel1.macos64_1.1.100.202509120712/tools/bin/../lib/gcc/arm-none-eabi/12.3.1/thumb/v8-m.main+fp/hard/libgcc.a(_udivmoddi4.o)
                0x08000ca0                __udivmoddi4
 .text          0x08000f84        0x4 /Applications/STM32CubeIDE.app/Contents/Eclipse/plugins/com.st.stm32cube.ide.mcu.externaltools.gnu-tools-for-stm32.12.3.rel1.macos64_1.1.100.202509120712/tools/bin/../lib/gcc/arm-none-eabi/12.3.1/thumb/v8-m.main+fp/hard/libgcc.a(_dvmd_tls.o)
                0x08000f84                __aeabi_ldiv0
                0x08000f84                __aeabi_idiv0
 *(.text*)
 .text.Pec15_Calc
                0x08000f88       0x68 ./Core/ADBMS6830/src/adBms6830GenericType.o
                0x08000f88                Pec15_Calc
 .text.pec10_calc
                0x08000ff0       0xd8 ./Core/ADBMS6830/src/adBms6830GenericType.o
                0x08000ff0                pec10_calc
 .text.spiSendCmd
                0x080010c8       0x50 ./Core/ADBMS6830/src/adBms6830GenericType.o
                0x080010c8                spiSendCmd
 .text.spiReadData
                0x08001118      0x220 ./Core/ADBMS6830/src/adBms6830GenericType.o
                0x08001118                spiReadData
 .text.adBmsReadData
                0x08001338      0xa70 ./Core/ADBMS6830/src/adBms6830GenericType.o
                0x08001338                adBmsReadData
 .text.spiWriteData
                0x08001da8      0x188 ./Core/ADBMS6830/src/adBms6830GenericType.o
                0x08001da8                spiWriteData
 .text.adBmsWriteData
                0x08001f30      0x348 ./Core/ADBMS6830/src/adBms6830GenericType.o
                0x08001f30                adBmsWriteData
 .text.adBms6830_Adcv
                0x08002278       0x66 ./Core/ADBMS6830/src/adBms6830GenericType.o
                0x08002278                adBms6830_Adcv
 .text.adBms6830_Adax
                0x080022de       0x58 ./Core/ADBMS6830/src/adBms6830GenericType.o
                0x080022de                adBms6830_Adax
 *fill*         0x08002336        0x2 
 .text.SetOverVoltageThreshold
                0x08002338       0x80 ./Core/ADBMS6830/src/adBms6830ParseCreate.o
                0x08002338                SetOverVoltageThreshold
 .text.SetUnderVoltageThreshold
                0x080023b8       0x80 ./Core/ADBMS6830/src/adBms6830ParseCreate.o
                0x080023b8                SetUnderVoltageThreshold
 .text.ConfigB_DccBit
                0x08002438       0x34 ./Core/ADBMS6830/src/adBms6830ParseCreate.o
                0x08002438                ConfigB_DccBit
 .text.adBms6830ParseConfiga
                0x0800246c      0x292 ./Core/ADBMS6830/src/adBms6830ParseCreate.o
                0x0800246c                adBms6830ParseConfiga
 .text.adBms6830ParseConfigb
                0x080026fe      0x1ba ./Core/ADBMS6830/src/adBms6830ParseCreate.o
                0x080026fe                adBms6830ParseConfigb
 .text.adBms6830ParseConfig
                0x080028b8       0x42 ./Core/ADBMS6830/src/adBms6830ParseCreate.o
                0x080028b8                adBms6830ParseConfig
 *fill*         0x080028fa        0x2 
 .text.adBms6830ParseCell
                0x080028fc      0x5b8 ./Core/ADBMS6830/src/adBms6830ParseCreate.o
                0x080028fc                adBms6830ParseCell
 .text.adBms6830ParseAverageCell
                0x08002eb4      0x5e8 ./Core/ADBMS6830/src/adBms6830ParseCreate.o
                0x08002eb4                adBms6830ParseAverageCell
 .text.adBms6830ParseSCell
                0x0800349c      0x5f8 ./Core/ADBMS6830/src/adBms6830ParseCreate.o
                0x0800349c                adBms6830ParseSCell
 .text.adBms6830ParseFCell
                0x08003a94      0x5f8 ./Core/ADBMS6830/src/adBms6830ParseCreate.o
                0x08003a94                adBms6830ParseFCell
 .text.adBms6830ParseAux
                0x0800408c      0x4a0 ./Core/ADBMS6830/src/adBms6830ParseCreate.o
                0x0800408c                adBms6830ParseAux
 .text.adBms6830ParseRAux
                0x0800452c      0x3f8 ./Core/ADBMS6830/src/adBms6830ParseCreate.o
                0x0800452c                adBms6830ParseRAux
 .text.adBms6830ParseStatusA
                0x08004924      0x120 ./Core/ADBMS6830/src/adBms6830ParseCreate.o
                0x08004924                adBms6830ParseStatusA
 .text.adBms6830ParseStatusB
                0x08004a44      0x11a ./Core/ADBMS6830/src/adBms6830ParseCreate.o
                0x08004a44                adBms6830ParseStatusB
 .text.adBms6830ParseStatusC
                0x08004b5e      0x3fc ./Core/ADBMS6830/src/adBms6830ParseCreate.o
                0x08004b5e                adBms6830ParseStatusC
 .text.adBms6830ParseStatusD
                0x08004f5a      0x684 ./Core/ADBMS6830/src/adBms6830ParseCreate.o
                0x08004f5a                adBms6830ParseStatusD
 .text.adBms6830ParseStatusE
                0x080055de       0xe8 ./Core/ADBMS6830/src/adBms6830ParseCreate.o
                0x080055de                adBms6830ParseStatusE
 *fill*         0x080056c6        0x2 
 .text.adBms6830ParseStatus
                0x080056c8       0xf4 ./Core/ADBMS6830/src/adBms6830ParseCreate.o
                0x080056c8                adBms6830ParseStatus
 .text.adBms6830ParseComm
                0x080057bc      0x1be ./Core/ADBMS6830/src/adBms6830ParseCreate.o
                0x080057bc                adBms6830ParseComm
 .text.adBms6830ParseSID
                0x0800597a      0x134 ./Core/ADBMS6830/src/adBms6830ParseCreate.o
                0x0800597a                adBms6830ParseSID
 .text.adBms6830ParsePwma
                0x08005aae      0x248 ./Core/ADBMS6830/src/adBms6830ParseCreate.o
                0x08005aae                adBms6830ParsePwma
 .text.adBms6830ParsePwmb
                0x08005cf6       0xfe ./Core/ADBMS6830/src/adBms6830ParseCreate.o
                0x08005cf6                adBms6830ParsePwmb
 .text.adBms6830ParsePwm
                0x08005df4       0x42 ./Core/ADBMS6830/src/adBms6830ParseCreate.o
                0x08005df4                adBms6830ParsePwm
 .text.adBms6830CreateConfiga
                0x08005e36      0x212 ./Core/ADBMS6830/src/adBms6830ParseCreate.o
                0x08005e36                adBms6830CreateConfiga
 .text.adBms6830CreateConfigb
                0x08006048      0x17e ./Core/ADBMS6830/src/adBms6830ParseCreate.o
                0x08006048                adBms6830CreateConfigb
 .text.adBms6830CreateClrflagData
                0x080061c6      0x282 ./Core/ADBMS6830/src/adBms6830ParseCreate.o
                0x080061c6                adBms6830CreateClrflagData
 .text.adBms6830CreateComm
                0x08006448      0x174 ./Core/ADBMS6830/src/adBms6830ParseCreate.o
                0x08006448                adBms6830CreateComm
 .text.adBms6830CreatePwma
                0x080065bc      0x1e0 ./Core/ADBMS6830/src/adBms6830ParseCreate.o
                0x080065bc                adBms6830CreatePwma
 .text.adBms6830CreatePwmb
                0x0800679c       0xbe ./Core/ADBMS6830/src/adBms6830ParseCreate.o
                0x0800679c                adBms6830CreatePwmb
 *fill*         0x0800685a        0x2 
 .text.adbms_init_loop
                0x0800685c       0x14 ./Core/ADBMS6830/src/adBms_Application.o
                0x0800685c                adbms_init_loop
 .text.adbms_readCell_loop
                0x08006870       0x14 ./Core/ADBMS6830/src/adBms_Application.o
                0x08006870                adbms_readCell_loop
 .text.adbms_readTempToggle
                0x08006884       0x14 ./Core/ADBMS6830/src/adBms_Application.o
                0x08006884                adbms_readTempToggle
 .text.adbmsReinit
                0x08006898       0x92 ./Core/ADBMS6830/src/adBms_Application.o
                0x08006898                adbmsReinit
 *fill*         0x0800692a        0x2 
 .text.adbmsReinitMain
                0x0800692c       0x14 ./Core/ADBMS6830/src/adBms_Application.o
                0x0800692c                adbmsReinitMain
 .text.adBms6830_init_config
                0x08006940      0x144 ./Core/ADBMS6830/src/adBms_Application.o
                0x08006940                adBms6830_init_config
 .text.adBms6830_read_cell_voltages
                0x08006a84       0xa0 ./Core/ADBMS6830/src/adBms_Application.o
                0x08006a84                adBms6830_read_cell_voltages
 *fill*         0x08006b24        0x4 
 .text.adBms6830_setgpo_69
                0x08006b28      0x248 ./Core/ADBMS6830/src/adBms_Application.o
                0x08006b28                adBms6830_setgpo_69
 .text.cellDischarge
                0x08006d70       0xb0 ./Core/ADBMS6830/src/adBms_Application.o
                0x08006d70                cellDischarge
 .text.cellDisc
                0x08006e20       0x2c ./Core/ADBMS6830/src/adBms_Application.o
                0x08006e20                cellDisc
 .text.reverse4bits
                0x08006e4c       0x24 ./Core/ADBMS6830/src/custom_calc_func.o
                0x08006e4c                reverse4bits
 .text.get_temp_from_voltage
                0x08006e70      0x260 ./Core/ADBMS6830/src/custom_calc_func.o
                0x08006e70                get_temp_from_voltage
 .text.Delay_ms
                0x080070d0       0x16 ./Core/ADBMS6830/src/mcuWrapper.o
                0x080070d0                Delay_ms
 *fill*         0x080070e6        0x2 
 .text.adBmsCsLow
                0x080070e8       0x18 ./Core/ADBMS6830/src/mcuWrapper.o
                0x080070e8                adBmsCsLow
 .text.adBmsCsHigh
                0x08007100       0x18 ./Core/ADBMS6830/src/mcuWrapper.o
                0x08007100                adBmsCsHigh
 .text.spiWriteBytes
                0x08007118       0x28 ./Core/ADBMS6830/src/mcuWrapper.o
                0x08007118                spiWriteBytes
 .text.spiWriteReadBytes
                0x08007140       0x3c ./Core/ADBMS6830/src/mcuWrapper.o
                0x08007140                spiWriteReadBytes
 .text.adBms_delayUs
                0x0800717c       0x44 ./Core/ADBMS6830/src/mcuWrapper.o
                0x0800717c                adBms_delayUs
 .text.adBmsWakeupIc
                0x080071c0       0x3c ./Core/ADBMS6830/src/mcuWrapper.o
                0x080071c0                adBmsWakeupIc
 *fill*         0x080071fc        0x4 
 .text.printVoltages
                0x08007200      0x4e4 ./Core/ADBMS6830/src/serialPrintResult.o
                0x08007200                printVoltages
 *fill*         0x080076e4        0x4 
 .text.getVoltage
                0x080076e8       0x48 ./Core/ADBMS6830/src/serialPrintResult.o
                0x080076e8                getVoltage
 .text.MX_ADC1_Init
                0x08007730       0xf0 ./Core/Src/adc.o
                0x08007730                MX_ADC1_Init
 .text.HAL_ADC_MspInit
                0x08007820      0x110 ./Core/Src/adc.o
                0x08007820                HAL_ADC_MspInit
 .text.MX_FDCAN1_Init
                0x08007930       0x8c ./Core/Src/fdcan.o
                0x08007930                MX_FDCAN1_Init
 .text.MX_FDCAN2_Init
                0x080079bc       0x90 ./Core/Src/fdcan.o
                0x080079bc                MX_FDCAN2_Init
 .text.HAL_FDCAN_MspInit
                0x08007a4c      0x1a0 ./Core/Src/fdcan.o
                0x08007a4c                HAL_FDCAN_MspInit
 .text.CAN_Charger_Init
                0x08007bec       0xa8 ./Core/Src/fdcan.o
                0x08007bec                CAN_Charger_Init
 .text.CAN_Charger_transmit
                0x08007c94       0x84 ./Core/Src/fdcan.o
                0x08007c94                CAN_Charger_transmit
 .text.CAN_Data_Init
                0x08007d18      0x194 ./Core/Src/fdcan.o
                0x08007d18                CAN_Data_Init
 .text.MX_GPDMA1_Init
                0x08007eac       0x40 ./Core/Src/gpdma.o
                0x08007eac                MX_GPDMA1_Init
 .text.MX_GPIO_Init
                0x08007eec      0x1ac ./Core/Src/gpio.o
                0x08007eec                MX_GPIO_Init
 .text.main     0x08008098      0x120 ./Core/Src/main.o
                0x08008098                main
 .text.SystemClock_Config
                0x080081b8       0xf0 ./Core/Src/main.o
                0x080081b8                SystemClock_Config
 .text.PeriphCommonClock_Config
                0x080082a8       0x6e ./Core/Src/main.o
                0x080082a8                PeriphCommonClock_Config
 *fill*         0x08008316        0x2 
 .text.HAL_ADC_ConvCpltCallback
                0x08008318       0x28 ./Core/Src/main.o
                0x08008318                HAL_ADC_ConvCpltCallback
 .text.HAL_TIM_PeriodElapsedCallback
                0x08008340       0x20 ./Core/Src/main.o
                0x08008340                HAL_TIM_PeriodElapsedCallback
 .text.Fan_All  0x08008360       0x94 ./Core/Src/main.o
                0x08008360                Fan_All
 .text.Fan_1    0x080083f4       0x34 ./Core/Src/main.o
                0x080083f4                Fan_1
 .text.Fan_2    0x08008428       0x38 ./Core/Src/main.o
                0x08008428                Fan_2
 .text.Fan_3    0x08008460       0x48 ./Core/Src/main.o
                0x08008460                Fan_3
 .text.Fan_4    0x080084a8       0x3c ./Core/Src/main.o
                0x080084a8                Fan_4
 .text.Fan_5    0x080084e4       0x3c ./Core/Src/main.o
                0x080084e4                Fan_5
 .text.Error_Handler
                0x08008520        0xc ./Core/Src/main.o
                0x08008520                Error_Handler
 .text.MX_SPI1_Init
                0x0800852c       0xac ./Core/Src/spi.o
                0x0800852c                MX_SPI1_Init
 .text.MX_SPI3_Init
                0x080085d8       0xac ./Core/Src/spi.o
                0x080085d8                MX_SPI3_Init
 .text.HAL_SPI_MspInit
                0x08008684      0x144 ./Core/Src/spi.o
                0x08008684                HAL_SPI_MspInit
 .text.HAL_MspInit
                0x080087c8        0xe ./Core/Src/stm32h5xx_hal_msp.o
                0x080087c8                HAL_MspInit
 .text.NMI_Handler
                0x080087d6        0x8 ./Core/Src/stm32h5xx_it.o
                0x080087d6                NMI_Handler
 .text.HardFault_Handler
                0x080087de        0x8 ./Core/Src/stm32h5xx_it.o
                0x080087de                HardFault_Handler
 .text.MemManage_Handler
                0x080087e6        0x8 ./Core/Src/stm32h5xx_it.o
                0x080087e6                MemManage_Handler
 .text.BusFault_Handler
                0x080087ee        0x8 ./Core/Src/stm32h5xx_it.o
                0x080087ee                BusFault_Handler
 .text.UsageFault_Handler
                0x080087f6        0x8 ./Core/Src/stm32h5xx_it.o
                0x080087f6                UsageFault_Handler
 .text.SVC_Handler
                0x080087fe        0xe ./Core/Src/stm32h5xx_it.o
                0x080087fe                SVC_Handler
 .text.DebugMon_Handler
                0x0800880c        0xe ./Core/Src/stm32h5xx_it.o
                0x0800880c                DebugMon_Handler
 .text.PendSV_Handler
                0x0800881a        0xe ./Core/Src/stm32h5xx_it.o
                0x0800881a                PendSV_Handler
 .text.SysTick_Handler
                0x08008828        0xc ./Core/Src/stm32h5xx_it.o
                0x08008828                SysTick_Handler
 .text.GPDMA1_Channel0_IRQHandler
                0x08008834       0x14 ./Core/Src/stm32h5xx_it.o
                0x08008834                GPDMA1_Channel0_IRQHandler
 .text.ADC1_IRQHandler
                0x08008848       0x14 ./Core/Src/stm32h5xx_it.o
                0x08008848                ADC1_IRQHandler
 .text.TIM3_IRQHandler
                0x0800885c       0x14 ./Core/Src/stm32h5xx_it.o
                0x0800885c                TIM3_IRQHandler
 .text.TIM4_IRQHandler
                0x08008870       0x14 ./Core/Src/stm32h5xx_it.o
                0x08008870                TIM4_IRQHandler
 .text._getpid  0x08008884       0x10 ./Core/Src/syscalls.o
                0x08008884                _getpid
 .text._kill    0x08008894       0x20 ./Core/Src/syscalls.o
                0x08008894                _kill
 .text._exit    0x080088b4       0x16 ./Core/Src/syscalls.o
                0x080088b4                _exit
 .text._read    0x080088ca       0x3a ./Core/Src/syscalls.o
                0x080088ca                _read
 .text._write   0x08008904       0x38 ./Core/Src/syscalls.o
                0x08008904                _write
 .text._close   0x0800893c       0x18 ./Core/Src/syscalls.o
                0x0800893c                _close
 .text._fstat   0x08008954       0x20 ./Core/Src/syscalls.o
                0x08008954                _fstat
 .text._isatty  0x08008974       0x16 ./Core/Src/syscalls.o
                0x08008974                _isatty
 .text._lseek   0x0800898a       0x1a ./Core/Src/syscalls.o
                0x0800898a                _lseek
 .text._sbrk    0x080089a4       0x6c ./Core/Src/sysmem.o
                0x080089a4                _sbrk
 .text.SystemInit
                0x08008a10       0xf8 ./Core/Src/system_stm32h5xx.o
                0x08008a10                SystemInit
 .text.MX_TIM2_Init
                0x08008b08       0x9c ./Core/Src/tim.o
                0x08008b08                MX_TIM2_Init
 .text.MX_TIM3_Init
                0x08008ba4       0xa0 ./Core/Src/tim.o
                0x08008ba4                MX_TIM3_Init
 .text.MX_TIM4_Init
                0x08008c44       0xa0 ./Core/Src/tim.o
                0x08008c44                MX_TIM4_Init
 .text.MX_TIM5_Init
                0x08008ce4       0x9c ./Core/Src/tim.o
                0x08008ce4                MX_TIM5_Init
 .text.MX_TIM6_Init
                0x08008d80       0x70 ./Core/Src/tim.o
                0x08008d80                MX_TIM6_Init
 .text.HAL_TIM_Base_MspInit
                0x08008df0      0x114 ./Core/Src/tim.o
                0x08008df0                HAL_TIM_Base_MspInit
 .text.MX_UART4_Init
                0x08008f04       0x98 ./Core/Src/usart.o
                0x08008f04                MX_UART4_Init
 .text.HAL_UART_MspInit
                0x08008f9c       0xd0 ./Core/Src/usart.o
                0x08008f9c                HAL_UART_MspInit
 .text.Reset_Handler
                0x0800906c       0x50 ./Core/Startup/startup_stm32h523cetx.o
                0x0800906c                Reset_Handler
 .text.Default_Handler
                0x080090bc        0x2 ./Core/Startup/startup_stm32h523cetx.o
                0x080090bc                HASH_IRQHandler
                0x080090bc                TIM8_TRG_COM_IRQHandler
                0x080090bc                TIM8_CC_IRQHandler
                0x080090bc                EXTI5_IRQHandler
                0x080090bc                I3C1_ER_IRQHandler
                0x080090bc                SPI4_IRQHandler
                0x080090bc                GPDMA2_Channel1_IRQHandler
                0x080090bc                FLASH_S_IRQHandler
                0x080090bc                EXTI13_IRQHandler
                0x080090bc                TIM1_CC_IRQHandler
                0x080090bc                GPDMA2_Channel3_IRQHandler
                0x080090bc                TAMP_IRQHandler
                0x080090bc                TIM6_IRQHandler
                0x080090bc                EXTI12_IRQHandler
                0x080090bc                USB_DRD_FS_IRQHandler
                0x080090bc                EXTI3_IRQHandler
                0x080090bc                GPDMA1_Channel5_IRQHandler
                0x080090bc                EXTI8_IRQHandler
                0x080090bc                GPDMA2_Channel5_IRQHandler
                0x080090bc                LPTIM2_IRQHandler
                0x080090bc                I2C3_ER_IRQHandler
                0x080090bc                GPDMA2_Channel2_IRQHandler
                0x080090bc                EXTI0_IRQHandler
                0x080090bc                I2C2_EV_IRQHandler
                0x080090bc                FPU_IRQHandler
                0x080090bc                GPDMA1_Channel3_IRQHandler
                0x080090bc                GPDMA1_Channel7_IRQHandler
                0x080090bc                FDCAN1_IT1_IRQHandler
                0x080090bc                RAMCFG_IRQHandler
                0x080090bc                DCACHE1_IRQHandler
                0x080090bc                SPI1_IRQHandler
                0x080090bc                OCTOSPI1_IRQHandler
                0x080090bc                GPDMA1_Channel2_IRQHandler
                0x080090bc                TIM8_UP_IRQHandler
                0x080090bc                RCC_S_IRQHandler
                0x080090bc                USART6_IRQHandler
                0x080090bc                I3C2_ER_IRQHandler
                0x080090bc                EXTI15_IRQHandler
                0x080090bc                USART3_IRQHandler
                0x080090bc                RTC_IRQHandler
                0x080090bc                EXTI9_IRQHandler
                0x080090bc                UART5_IRQHandler
                0x080090bc                I3C2_EV_IRQHandler
                0x080090bc                I2C1_EV_IRQHandler
                0x080090bc                GPDMA1_Channel1_IRQHandler
                0x080090bc                UART4_IRQHandler
                0x080090bc                SecureFault_Handler
                0x080090bc                RCC_IRQHandler
                0x080090bc                TIM1_TRG_COM_IRQHandler
                0x080090bc                Default_Handler
                0x080090bc                CEC_IRQHandler
                0x080090bc                GPDMA2_Channel4_IRQHandler
                0x080090bc                TIM12_IRQHandler
                0x080090bc                TIM7_IRQHandler
                0x080090bc                SDMMC1_IRQHandler
                0x080090bc                TIM5_IRQHandler
                0x080090bc                UCPD1_IRQHandler
                0x080090bc                I3C1_EV_IRQHandler
                0x080090bc                TIM15_IRQHandler
                0x080090bc                PVD_AVD_IRQHandler
                0x080090bc                I2C3_EV_IRQHandler
                0x080090bc                ADC2_IRQHandler
                0x080090bc                SPI2_IRQHandler
                0x080090bc                EXTI14_IRQHandler
                0x080090bc                EXTI11_IRQHandler
                0x080090bc                CRS_IRQHandler
                0x080090bc                EXTI4_IRQHandler
                0x080090bc                GPDMA2_Channel0_IRQHandler
                0x080090bc                RTC_S_IRQHandler
                0x080090bc                RNG_IRQHandler
                0x080090bc                FDCAN2_IT1_IRQHandler
                0x080090bc                GPDMA2_Channel6_IRQHandler
                0x080090bc                TIM1_UP_IRQHandler
                0x080090bc                WWDG_IRQHandler
                0x080090bc                FDCAN2_IT0_IRQHandler
                0x080090bc                IWDG_IRQHandler
                0x080090bc                LPUART1_IRQHandler
                0x080090bc                FDCAN1_IT0_IRQHandler
                0x080090bc                TIM2_IRQHandler
                0x080090bc                GPDMA1_Channel4_IRQHandler
                0x080090bc                EXTI7_IRQHandler
                0x080090bc                TIM1_BRK_IRQHandler
                0x080090bc                EXTI1_IRQHandler
                0x080090bc                DAC1_IRQHandler
                0x080090bc                DTS_IRQHandler
                0x080090bc                GTZC_IRQHandler
                0x080090bc                USART2_IRQHandler
                0x080090bc                GPDMA1_Channel6_IRQHandler
                0x080090bc                GPDMA2_Channel7_IRQHandler
                0x080090bc                I2C2_ER_IRQHandler
                0x080090bc                TIM8_BRK_IRQHandler
                0x080090bc                FLASH_IRQHandler
                0x080090bc                USART1_IRQHandler
                0x080090bc                EXTI10_IRQHandler
                0x080090bc                SPI3_IRQHandler
                0x080090bc                I2C1_ER_IRQHandler
                0x080090bc                FMC_IRQHandler
                0x080090bc                EXTI6_IRQHandler
                0x080090bc                LPTIM1_IRQHandler
                0x080090bc                DCMI_PSSI_IRQHandler
                0x080090bc                ICACHE_IRQHandler
                0x080090bc                EXTI2_IRQHandler
 *fill*         0x080090be        0x2 
 .text.HAL_Init
                0x080090c0       0x50 ./Drivers/STM32H5xx_HAL_Driver/Src/stm32h5xx_hal.o
                0x080090c0                HAL_Init
 .text.HAL_InitTick
                0x08009110       0xec ./Drivers/STM32H5xx_HAL_Driver/Src/stm32h5xx_hal.o
                0x08009110                HAL_InitTick
 .text.HAL_IncTick
                0x080091fc       0x28 ./Drivers/STM32H5xx_HAL_Driver/Src/stm32h5xx_hal.o
                0x080091fc                HAL_IncTick
 .text.HAL_GetTick
                0x08009224       0x18 ./Drivers/STM32H5xx_HAL_Driver/Src/stm32h5xx_hal.o
                0x08009224                HAL_GetTick
 .text.HAL_Delay
                0x0800923c       0x48 ./Drivers/STM32H5xx_HAL_Driver/Src/stm32h5xx_hal.o
                0x0800923c                HAL_Delay
 .text.LL_ADC_SetCommonClock
                0x08009284       0x26 ./Drivers/STM32H5xx_HAL_Driver/Src/stm32h5xx_hal_adc.o
 .text.LL_ADC_SetCommonPathInternalCh
                0x080092aa       0x26 ./Drivers/STM32H5xx_HAL_Driver/Src/stm32h5xx_hal_adc.o
 .text.LL_ADC_GetCommonPathInternalCh
                0x080092d0       0x1c ./Drivers/STM32H5xx_HAL_Driver/Src/stm32h5xx_hal_adc.o
 .text.LL_ADC_EnableChannelVDDcore
                0x080092ec       0x24 ./Drivers/STM32H5xx_HAL_Driver/Src/stm32h5xx_hal_adc.o
 .text.LL_ADC_EnableChannel0_GPIO
                0x08009310       0x28 ./Drivers/STM32H5xx_HAL_Driver/Src/stm32h5xx_hal_adc.o
 .text.LL_ADC_SetOffset
                0x08009338       0x48 ./Drivers/STM32H5xx_HAL_Driver/Src/stm32h5xx_hal_adc.o
 .text.LL_ADC_GetOffsetChannel
                0x08009380       0x2c ./Drivers/STM32H5xx_HAL_Driver/Src/stm32h5xx_hal_adc.o
 .text.LL_ADC_SetOffsetState
                0x080093ac       0x36 ./Drivers/STM32H5xx_HAL_Driver/Src/stm32h5xx_hal_adc.o
 .text.LL_ADC_SetOffsetSign
                0x080093e2       0x36 ./Drivers/STM32H5xx_HAL_Driver/Src/stm32h5xx_hal_adc.o
 .text.LL_ADC_SetOffsetSaturation
                0x08009418       0x36 ./Drivers/STM32H5xx_HAL_Driver/Src/stm32h5xx_hal_adc.o
 .text.LL_ADC_SetSamplingTimeCommonConfig
                0x0800944e       0x26 ./Drivers/STM32H5xx_HAL_Driver/Src/stm32h5xx_hal_adc.o
 .text.LL_ADC_REG_IsTriggerSourceSWStart
                0x08009474       0x26 ./Drivers/STM32H5xx_HAL_Driver/Src/stm32h5xx_hal_adc.o
 .text.LL_ADC_REG_SetSequencerRanks
                0x0800949a       0x58 ./Drivers/STM32H5xx_HAL_Driver/Src/stm32h5xx_hal_adc.o
 .text.LL_ADC_INJ_IsTriggerSourceSWStart
                0x080094f2       0x26 ./Drivers/STM32H5xx_HAL_Driver/Src/stm32h5xx_hal_adc.o
 .text.LL_ADC_SetChannelSamplingTime
                0x08009518       0x56 ./Drivers/STM32H5xx_HAL_Driver/Src/stm32h5xx_hal_adc.o
 *fill*         0x0800956e        0x2 
 .text.LL_ADC_SetChannelSingleDiff
                0x08009570       0x48 ./Drivers/STM32H5xx_HAL_Driver/Src/stm32h5xx_hal_adc.o
 .text.LL_ADC_GetMultimode
                0x080095b8       0x1c ./Drivers/STM32H5xx_HAL_Driver/Src/stm32h5xx_hal_adc.o
 .text.LL_ADC_GetMultiDMATransfer
                0x080095d4       0x1c ./Drivers/STM32H5xx_HAL_Driver/Src/stm32h5xx_hal_adc.o
 .text.LL_ADC_DisableDeepPowerDown
                0x080095f0       0x24 ./Drivers/STM32H5xx_HAL_Driver/Src/stm32h5xx_hal_adc.o
 .text.LL_ADC_IsDeepPowerDownEnabled
                0x08009614       0x28 ./Drivers/STM32H5xx_HAL_Driver/Src/stm32h5xx_hal_adc.o
 .text.LL_ADC_EnableInternalRegulator
                0x0800963c       0x28 ./Drivers/STM32H5xx_HAL_Driver/Src/stm32h5xx_hal_adc.o
 .text.LL_ADC_IsInternalRegulatorEnabled
                0x08009664       0x28 ./Drivers/STM32H5xx_HAL_Driver/Src/stm32h5xx_hal_adc.o
 .text.LL_ADC_IsEnabled
                0x0800968c       0x26 ./Drivers/STM32H5xx_HAL_Driver/Src/stm32h5xx_hal_adc.o
 .text.LL_ADC_REG_IsConversionOngoing
                0x080096b2       0x26 ./Drivers/STM32H5xx_HAL_Driver/Src/stm32h5xx_hal_adc.o
 .text.LL_ADC_INJ_IsConversionOngoing
                0x080096d8       0x26 ./Drivers/STM32H5xx_HAL_Driver/Src/stm32h5xx_hal_adc.o
 *fill*         0x080096fe        0x2 
 .text.HAL_ADC_Init
                0x08009700      0x2a8 ./Drivers/STM32H5xx_HAL_Driver/Src/stm32h5xx_hal_adc.o
                0x08009700                HAL_ADC_Init
 .text.HAL_ADC_IRQHandler
                0x080099a8      0x434 ./Drivers/STM32H5xx_HAL_Driver/Src/stm32h5xx_hal_adc.o
                0x080099a8                HAL_ADC_IRQHandler
 .text.HAL_ADC_LevelOutOfWindowCallback
                0x08009ddc       0x14 ./Drivers/STM32H5xx_HAL_Driver/Src/stm32h5xx_hal_adc.o
                0x08009ddc                HAL_ADC_LevelOutOfWindowCallback
 .text.HAL_ADC_ErrorCallback
                0x08009df0       0x14 ./Drivers/STM32H5xx_HAL_Driver/Src/stm32h5xx_hal_adc.o
                0x08009df0                HAL_ADC_ErrorCallback
 .text.HAL_ADC_ConfigChannel
                0x08009e04      0x820 ./Drivers/STM32H5xx_HAL_Driver/Src/stm32h5xx_hal_adc.o
                0x08009e04                HAL_ADC_ConfigChannel
 .text.HAL_ADCEx_InjectedConvCpltCallback
                0x0800a624       0x14 ./Drivers/STM32H5xx_HAL_Driver/Src/stm32h5xx_hal_adc_ex.o
                0x0800a624                HAL_ADCEx_InjectedConvCpltCallback
 .text.HAL_ADCEx_InjectedQueueOverflowCallback
                0x0800a638       0x14 ./Drivers/STM32H5xx_HAL_Driver/Src/stm32h5xx_hal_adc_ex.o
                0x0800a638                HAL_ADCEx_InjectedQueueOverflowCallback
 .text.HAL_ADCEx_LevelOutOfWindow2Callback
                0x0800a64c       0x14 ./Drivers/STM32H5xx_HAL_Driver/Src/stm32h5xx_hal_adc_ex.o
                0x0800a64c                HAL_ADCEx_LevelOutOfWindow2Callback
 .text.HAL_ADCEx_LevelOutOfWindow3Callback
                0x0800a660       0x14 ./Drivers/STM32H5xx_HAL_Driver/Src/stm32h5xx_hal_adc_ex.o
                0x0800a660                HAL_ADCEx_LevelOutOfWindow3Callback
 .text.HAL_ADCEx_EndOfSamplingCallback
                0x0800a674       0x14 ./Drivers/STM32H5xx_HAL_Driver/Src/stm32h5xx_hal_adc_ex.o
                0x0800a674                HAL_ADCEx_EndOfSamplingCallback
 .text.__NVIC_SetPriorityGrouping
                0x0800a688       0x48 ./Drivers/STM32H5xx_HAL_Driver/Src/stm32h5xx_hal_cortex.o
 .text.__NVIC_GetPriorityGrouping
                0x0800a6d0       0x1c ./Drivers/STM32H5xx_HAL_Driver/Src/stm32h5xx_hal_cortex.o
 .text.__NVIC_EnableIRQ
                0x0800a6ec       0x3c ./Drivers/STM32H5xx_HAL_Driver/Src/stm32h5xx_hal_cortex.o
 .text.__NVIC_SetPriority
                0x0800a728       0x54 ./Drivers/STM32H5xx_HAL_Driver/Src/stm32h5xx_hal_cortex.o
 .text.NVIC_EncodePriority
                0x0800a77c       0x66 ./Drivers/STM32H5xx_HAL_Driver/Src/stm32h5xx_hal_cortex.o
 .text.HAL_NVIC_SetPriorityGrouping
                0x0800a7e2       0x16 ./Drivers/STM32H5xx_HAL_Driver/Src/stm32h5xx_hal_cortex.o
                0x0800a7e2                HAL_NVIC_SetPriorityGrouping
 .text.HAL_NVIC_SetPriority
                0x0800a7f8       0x34 ./Drivers/STM32H5xx_HAL_Driver/Src/stm32h5xx_hal_cortex.o
                0x0800a7f8                HAL_NVIC_SetPriority
 .text.HAL_NVIC_EnableIRQ
                0x0800a82c       0x1c ./Drivers/STM32H5xx_HAL_Driver/Src/stm32h5xx_hal_cortex.o
                0x0800a82c                HAL_NVIC_EnableIRQ
 .text.HAL_SYSTICK_Config
                0x0800a848       0x44 ./Drivers/STM32H5xx_HAL_Driver/Src/stm32h5xx_hal_cortex.o
                0x0800a848                HAL_SYSTICK_Config
 .text.HAL_SYSTICK_CLKSourceConfig
                0x0800a88c       0xb0 ./Drivers/STM32H5xx_HAL_Driver/Src/stm32h5xx_hal_cortex.o
                0x0800a88c                HAL_SYSTICK_CLKSourceConfig
 .text.HAL_SYSTICK_GetCLKSourceConfig
                0x0800a93c       0x6c ./Drivers/STM32H5xx_HAL_Driver/Src/stm32h5xx_hal_cortex.o
                0x0800a93c                HAL_SYSTICK_GetCLKSourceConfig
 .text.HAL_DMA_Init
                0x0800a9a8      0x284 ./Drivers/STM32H5xx_HAL_Driver/Src/stm32h5xx_hal_dma.o
                0x0800a9a8                HAL_DMA_Init
 .text.HAL_DMA_IRQHandler
                0x0800ac2c      0x2c2 ./Drivers/STM32H5xx_HAL_Driver/Src/stm32h5xx_hal_dma.o
                0x0800ac2c                HAL_DMA_IRQHandler
 .text.HAL_DMA_ConfigChannelAttributes
                0x0800aeee       0x78 ./Drivers/STM32H5xx_HAL_Driver/Src/stm32h5xx_hal_dma.o
                0x0800aeee                HAL_DMA_ConfigChannelAttributes
 *fill*         0x0800af66        0x2 
 .text.DMA_Init
                0x0800af68      0x508 ./Drivers/STM32H5xx_HAL_Driver/Src/stm32h5xx_hal_dma.o
 .text.HAL_FDCAN_Init
                0x0800b470      0x2b4 ./Drivers/STM32H5xx_HAL_Driver/Src/stm32h5xx_hal_fdcan.o
                0x0800b470                HAL_FDCAN_Init
 .text.HAL_FDCAN_ConfigFilter
                0x0800b724       0xb4 ./Drivers/STM32H5xx_HAL_Driver/Src/stm32h5xx_hal_fdcan.o
                0x0800b724                HAL_FDCAN_ConfigFilter
 .text.HAL_FDCAN_ConfigGlobalFilter
                0x0800b7d8       0x62 ./Drivers/STM32H5xx_HAL_Driver/Src/stm32h5xx_hal_fdcan.o
                0x0800b7d8                HAL_FDCAN_ConfigGlobalFilter
 .text.HAL_FDCAN_ConfigTxDelayCompensation
                0x0800b83a       0x44 ./Drivers/STM32H5xx_HAL_Driver/Src/stm32h5xx_hal_fdcan.o
                0x0800b83a                HAL_FDCAN_ConfigTxDelayCompensation
 .text.HAL_FDCAN_EnableTxDelayCompensation
                0x0800b87e       0x42 ./Drivers/STM32H5xx_HAL_Driver/Src/stm32h5xx_hal_fdcan.o
                0x0800b87e                HAL_FDCAN_EnableTxDelayCompensation
 .text.HAL_FDCAN_Start
                0x0800b8c0       0x50 ./Drivers/STM32H5xx_HAL_Driver/Src/stm32h5xx_hal_fdcan.o
                0x0800b8c0                HAL_FDCAN_Start
 .text.HAL_FDCAN_AddMessageToTxFifoQ
                0x0800b910       0x88 ./Drivers/STM32H5xx_HAL_Driver/Src/stm32h5xx_hal_fdcan.o
                0x0800b910                HAL_FDCAN_AddMessageToTxFifoQ
 .text.HAL_FDCAN_GetTxFifoFreeLevel
                0x0800b998       0x24 ./Drivers/STM32H5xx_HAL_Driver/Src/stm32h5xx_hal_fdcan.o
                0x0800b998                HAL_FDCAN_GetTxFifoFreeLevel
 .text.HAL_FDCAN_ActivateNotification
                0x0800b9bc      0x1cc ./Drivers/STM32H5xx_HAL_Driver/Src/stm32h5xx_hal_fdcan.o
                0x0800b9bc                HAL_FDCAN_ActivateNotification
 .text.FDCAN_CalcultateRamBlockAddresses
                0x0800bb88       0xc4 ./Drivers/STM32H5xx_HAL_Driver/Src/stm32h5xx_hal_fdcan.o
 .text.FDCAN_CopyMessageToRAM
                0x0800bc4c       0xf8 ./Drivers/STM32H5xx_HAL_Driver/Src/stm32h5xx_hal_fdcan.o
 .text.HAL_GPIO_Init
                0x0800bd44      0x2bc ./Drivers/STM32H5xx_HAL_Driver/Src/stm32h5xx_hal_gpio.o
                0x0800bd44                HAL_GPIO_Init
 .text.HAL_GPIO_WritePin
                0x0800c000       0x30 ./Drivers/STM32H5xx_HAL_Driver/Src/stm32h5xx_hal_gpio.o
                0x0800c000                HAL_GPIO_WritePin
 .text.HAL_GPIO_TogglePin
                0x0800c030       0x34 ./Drivers/STM32H5xx_HAL_Driver/Src/stm32h5xx_hal_gpio.o
                0x0800c030                HAL_GPIO_TogglePin
 .text.HAL_RCC_OscConfig
                0x0800c064      0x870 ./Drivers/STM32H5xx_HAL_Driver/Src/stm32h5xx_hal_rcc.o
                0x0800c064                HAL_RCC_OscConfig
 .text.HAL_RCC_ClockConfig
                0x0800c8d4      0x370 ./Drivers/STM32H5xx_HAL_Driver/Src/stm32h5xx_hal_rcc.o
                0x0800c8d4                HAL_RCC_ClockConfig
 .text.HAL_RCC_GetSysClockFreq
                0x0800cc44      0x258 ./Drivers/STM32H5xx_HAL_Driver/Src/stm32h5xx_hal_rcc.o
                0x0800cc44                HAL_RCC_GetSysClockFreq
 .text.HAL_RCC_GetHCLKFreq
                0x0800ce9c       0x38 ./Drivers/STM32H5xx_HAL_Driver/Src/stm32h5xx_hal_rcc.o
                0x0800ce9c                HAL_RCC_GetHCLKFreq
 .text.HAL_RCC_GetPCLK1Freq
                0x0800ced4       0x2c ./Drivers/STM32H5xx_HAL_Driver/Src/stm32h5xx_hal_rcc.o
                0x0800ced4                HAL_RCC_GetPCLK1Freq
 .text.HAL_RCC_GetPCLK2Freq
                0x0800cf00       0x2c ./Drivers/STM32H5xx_HAL_Driver/Src/stm32h5xx_hal_rcc.o
                0x0800cf00                HAL_RCC_GetPCLK2Freq
 .text.HAL_RCC_GetPCLK3Freq
                0x0800cf2c       0x2c ./Drivers/STM32H5xx_HAL_Driver/Src/stm32h5xx_hal_rcc.o
                0x0800cf2c                HAL_RCC_GetPCLK3Freq
 .text.HAL_RCCEx_PeriphCLKConfig
                0x0800cf58     0x1380 ./Drivers/STM32H5xx_HAL_Driver/Src/stm32h5xx_hal_rcc_ex.o
                0x0800cf58                HAL_RCCEx_PeriphCLKConfig
 .text.HAL_RCCEx_GetPLL1ClockFreq
                0x0800e2d8      0x2d8 ./Drivers/STM32H5xx_HAL_Driver/Src/stm32h5xx_hal_rcc_ex.o
                0x0800e2d8                HAL_RCCEx_GetPLL1ClockFreq
 .text.HAL_RCCEx_GetPLL2ClockFreq
                0x0800e5b0      0x2d8 ./Drivers/STM32H5xx_HAL_Driver/Src/stm32h5xx_hal_rcc_ex.o
                0x0800e5b0                HAL_RCCEx_GetPLL2ClockFreq
 .text.HAL_RCCEx_GetPLL3ClockFreq
                0x0800e888      0x2d8 ./Drivers/STM32H5xx_HAL_Driver/Src/stm32h5xx_hal_rcc_ex.o
                0x0800e888                HAL_RCCEx_GetPLL3ClockFreq
 .text.HAL_RCCEx_GetPeriphCLKFreq
                0x0800eb60     0x16a0 ./Drivers/STM32H5xx_HAL_Driver/Src/stm32h5xx_hal_rcc_ex.o
                0x0800eb60                HAL_RCCEx_GetPeriphCLKFreq
 .text.RCCEx_PLL2_Config
                0x08010200      0x130 ./Drivers/STM32H5xx_HAL_Driver/Src/stm32h5xx_hal_rcc_ex.o
 .text.RCCEx_PLL3_Config
                0x08010330      0x130 ./Drivers/STM32H5xx_HAL_Driver/Src/stm32h5xx_hal_rcc_ex.o
 .text.HAL_SPI_Init
                0x08010460      0x258 ./Drivers/STM32H5xx_HAL_Driver/Src/stm32h5xx_hal_spi.o
                0x08010460                HAL_SPI_Init
 .text.HAL_SPI_Transmit
                0x080106b8      0x438 ./Drivers/STM32H5xx_HAL_Driver/Src/stm32h5xx_hal_spi.o
                0x080106b8                HAL_SPI_Transmit
 .text.HAL_SPI_Receive
                0x08010af0      0x544 ./Drivers/STM32H5xx_HAL_Driver/Src/stm32h5xx_hal_spi.o
                0x08010af0                HAL_SPI_Receive
 .text.SPI_CloseTransfer
                0x08011034      0x140 ./Drivers/STM32H5xx_HAL_Driver/Src/stm32h5xx_hal_spi.o
 .text.SPI_WaitOnFlagUntilTimeout
                0x08011174       0x5c ./Drivers/STM32H5xx_HAL_Driver/Src/stm32h5xx_hal_spi.o
 .text.SPI_GetPacketSize
                0x080111d0       0x36 ./Drivers/STM32H5xx_HAL_Driver/Src/stm32h5xx_hal_spi.o
 .text.HAL_TIM_Base_Init
                0x08011206       0xae ./Drivers/STM32H5xx_HAL_Driver/Src/stm32h5xx_hal_tim.o
                0x08011206                HAL_TIM_Base_Init
 .text.HAL_TIM_Base_Start
                0x080112b4      0x14c ./Drivers/STM32H5xx_HAL_Driver/Src/stm32h5xx_hal_tim.o
                0x080112b4                HAL_TIM_Base_Start
 .text.HAL_TIM_Base_Stop
                0x08011400       0x4e ./Drivers/STM32H5xx_HAL_Driver/Src/stm32h5xx_hal_tim.o
                0x08011400                HAL_TIM_Base_Stop
 *fill*         0x0801144e        0x2 
 .text.HAL_TIM_Base_Start_IT
                0x08011450      0x15c ./Drivers/STM32H5xx_HAL_Driver/Src/stm32h5xx_hal_tim.o
                0x08011450                HAL_TIM_Base_Start_IT
 .text.HAL_TIM_IRQHandler
                0x080115ac      0x29e ./Drivers/STM32H5xx_HAL_Driver/Src/stm32h5xx_hal_tim.o
                0x080115ac                HAL_TIM_IRQHandler
 *fill*         0x0801184a        0x2 
 .text.HAL_TIM_ConfigClockSource
                0x0801184c      0x23c ./Drivers/STM32H5xx_HAL_Driver/Src/stm32h5xx_hal_tim.o
                0x0801184c                HAL_TIM_ConfigClockSource
 .text.HAL_TIM_OC_DelayElapsedCallback
                0x08011a88       0x14 ./Drivers/STM32H5xx_HAL_Driver/Src/stm32h5xx_hal_tim.o
                0x08011a88                HAL_TIM_OC_DelayElapsedCallback
 .text.HAL_TIM_IC_CaptureCallback
                0x08011a9c       0x14 ./Drivers/STM32H5xx_HAL_Driver/Src/stm32h5xx_hal_tim.o
                0x08011a9c                HAL_TIM_IC_CaptureCallback
 .text.HAL_TIM_PWM_PulseFinishedCallback
                0x08011ab0       0x14 ./Drivers/STM32H5xx_HAL_Driver/Src/stm32h5xx_hal_tim.o
                0x08011ab0                HAL_TIM_PWM_PulseFinishedCallback
 .text.HAL_TIM_TriggerCallback
                0x08011ac4       0x14 ./Drivers/STM32H5xx_HAL_Driver/Src/stm32h5xx_hal_tim.o
                0x08011ac4                HAL_TIM_TriggerCallback
 .text.TIM_Base_SetConfig
                0x08011ad8      0x1d4 ./Drivers/STM32H5xx_HAL_Driver/Src/stm32h5xx_hal_tim.o
                0x08011ad8                TIM_Base_SetConfig
 .text.TIM_TI1_ConfigInputStage
                0x08011cac       0x5e ./Drivers/STM32H5xx_HAL_Driver/Src/stm32h5xx_hal_tim.o
 .text.TIM_TI2_ConfigInputStage
                0x08011d0a       0x60 ./Drivers/STM32H5xx_HAL_Driver/Src/stm32h5xx_hal_tim.o
 .text.TIM_ITRx_SetConfig
                0x08011d6a       0x3a ./Drivers/STM32H5xx_HAL_Driver/Src/stm32h5xx_hal_tim.o
 .text.TIM_ETR_SetConfig
                0x08011da4       0x40 ./Drivers/STM32H5xx_HAL_Driver/Src/stm32h5xx_hal_tim.o
                0x08011da4                TIM_ETR_SetConfig
 .text.HAL_TIMEx_MasterConfigSynchronization
                0x08011de4      0x1a0 ./Drivers/STM32H5xx_HAL_Driver/Src/stm32h5xx_hal_tim_ex.o
                0x08011de4                HAL_TIMEx_MasterConfigSynchronization
 .text.HAL_TIMEx_CommutCallback
                0x08011f84       0x14 ./Drivers/STM32H5xx_HAL_Driver/Src/stm32h5xx_hal_tim_ex.o
                0x08011f84                HAL_TIMEx_CommutCallback
 .text.HAL_TIMEx_BreakCallback
                0x08011f98       0x14 ./Drivers/STM32H5xx_HAL_Driver/Src/stm32h5xx_hal_tim_ex.o
                0x08011f98                HAL_TIMEx_BreakCallback
 .text.HAL_TIMEx_Break2Callback
                0x08011fac       0x14 ./Drivers/STM32H5xx_HAL_Driver/Src/stm32h5xx_hal_tim_ex.o
                0x08011fac                HAL_TIMEx_Break2Callback
 .text.HAL_TIMEx_EncoderIndexCallback
                0x08011fc0       0x14 ./Drivers/STM32H5xx_HAL_Driver/Src/stm32h5xx_hal_tim_ex.o
                0x08011fc0                HAL_TIMEx_EncoderIndexCallback
 .text.HAL_TIMEx_DirectionChangeCallback
                0x08011fd4       0x14 ./Drivers/STM32H5xx_HAL_Driver/Src/stm32h5xx_hal_tim_ex.o
                0x08011fd4                HAL_TIMEx_DirectionChangeCallback
 .text.HAL_TIMEx_IndexErrorCallback
                0x08011fe8       0x14 ./Drivers/STM32H5xx_HAL_Driver/Src/stm32h5xx_hal_tim_ex.o
                0x08011fe8                HAL_TIMEx_IndexErrorCallback
 .text.HAL_TIMEx_TransitionErrorCallback
                0x08011ffc       0x14 ./Drivers/STM32H5xx_HAL_Driver/Src/stm32h5xx_hal_tim_ex.o
                0x08011ffc                HAL_TIMEx_TransitionErrorCallback
 .text.HAL_UART_Init
                0x08012010       0xa0 ./Drivers/STM32H5xx_HAL_Driver/Src/stm32h5xx_hal_uart.o
                0x08012010                HAL_UART_Init
 .text.UART_SetConfig
                0x080120b0      0x35c ./Drivers/STM32H5xx_HAL_Driver/Src/stm32h5xx_hal_uart.o
                0x080120b0                UART_SetConfig
 .text.UART_AdvFeatureConfig
                0x0801240c      0x144 ./Drivers/STM32H5xx_HAL_Driver/Src/stm32h5xx_hal_uart.o
                0x0801240c                UART_AdvFeatureConfig
 .text.UART_CheckIdleState
                0x08012550      0x154 ./Drivers/STM32H5xx_HAL_Driver/Src/stm32h5xx_hal_uart.o
                0x08012550                UART_CheckIdleState
 .text.UART_WaitOnFlagUntilTimeout
                0x080126a4       0xda ./Drivers/STM32H5xx_HAL_Driver/Src/stm32h5xx_hal_uart.o
                0x080126a4                UART_WaitOnFlagUntilTimeout
 .text.UART_EndRxTransfer
                0x0801277e       0xcc ./Drivers/STM32H5xx_HAL_Driver/Src/stm32h5xx_hal_uart.o
 .text.HAL_UARTEx_DisableFifoMode
                0x0801284a       0x72 ./Drivers/STM32H5xx_HAL_Driver/Src/stm32h5xx_hal_uart_ex.o
                0x0801284a                HAL_UARTEx_DisableFifoMode
 .text.HAL_UARTEx_SetTxFifoThreshold
                0x080128bc       0x7c ./Drivers/STM32H5xx_HAL_Driver/Src/stm32h5xx_hal_uart_ex.o
                0x080128bc                HAL_UARTEx_SetTxFifoThreshold
 .text.HAL_UARTEx_SetRxFifoThreshold
                0x08012938       0x7c ./Drivers/STM32H5xx_HAL_Driver/Src/stm32h5xx_hal_uart_ex.o
                0x08012938                HAL_UARTEx_SetRxFifoThreshold
 .text.UARTEx_SetNbDataToProcess
                0x080129b4       0x9c ./Drivers/STM32H5xx_HAL_Driver/Src/stm32h5xx_hal_uart_ex.o
 .text.calloc   0x08012a50       0x10 /Applications/STM32CubeIDE.app/Contents/Eclipse/plugins/com.st.stm32cube.ide.mcu.externaltools.gnu-tools-for-stm32.12.3.rel1.macos64_1.1.100.202509120712/tools/bin/../lib/gcc/arm-none-eabi/12.3.1/../../../../arm-none-eabi/lib/thumb/v8-m.main+fp/hard/libc_nano.a(libc_a-calloc.o)
                0x08012a50                calloc
 .text._calloc_r
                0x08012a60       0x28 /Applications/STM32CubeIDE.app/Contents/Eclipse/plugins/com.st.stm32cube.ide.mcu.externaltools.gnu-tools-for-stm32.12.3.rel1.macos64_1.1.100.202509120712/tools/bin/../lib/gcc/arm-none-eabi/12.3.1/../../../../arm-none-eabi/lib/thumb/v8-m.main+fp/hard/libc_nano.a(libc_a-callocr.o)
                0x08012a60                _calloc_r
 .text.exit     0x08012a88       0x24 /Applications/STM32CubeIDE.app/Contents/Eclipse/plugins/com.st.stm32cube.ide.mcu.externaltools.gnu-tools-for-stm32.12.3.rel1.macos64_1.1.100.202509120712/tools/bin/../lib/gcc/arm-none-eabi/12.3.1/../../../../arm-none-eabi/lib/thumb/v8-m.main+fp/hard/libc_nano.a(libc_a-exit.o)
                0x08012a88                exit
 .text.__cvt    0x08012aac       0xca /Applications/STM32CubeIDE.app/Contents/Eclipse/plugins/com.st.stm32cube.ide.mcu.externaltools.gnu-tools-for-stm32.12.3.rel1.macos64_1.1.100.202509120712/tools/bin/../lib/gcc/arm-none-eabi/12.3.1/../../../../arm-none-eabi/lib/thumb/v8-m.main+fp/hard/libc_nano.a(libc_a-nano-vfprintf_float.o)
                0x08012aac                __cvt
 .text.__exponent
                0x08012b76       0x72 /Applications/STM32CubeIDE.app/Contents/Eclipse/plugins/com.st.stm32cube.ide.mcu.externaltools.gnu-tools-for-stm32.12.3.rel1.macos64_1.1.100.202509120712/tools/bin/../lib/gcc/arm-none-eabi/12.3.1/../../../../arm-none-eabi/lib/thumb/v8-m.main+fp/hard/libc_nano.a(libc_a-nano-vfprintf_float.o)
                0x08012b76                __exponent
 .text._printf_float
                0x08012be8      0x454 /Applications/STM32CubeIDE.app/Contents/Eclipse/plugins/com.st.stm32cube.ide.mcu.externaltools.gnu-tools-for-stm32.12.3.rel1.macos64_1.1.100.202509120712/tools/bin/../lib/gcc/arm-none-eabi/12.3.1/../../../../arm-none-eabi/lib/thumb/v8-m.main+fp/hard/libc_nano.a(libc_a-nano-vfprintf_float.o)
                0x08012be8                _printf_float
 .text.malloc   0x0801303c       0x10 /Applications/STM32CubeIDE.app/Contents/Eclipse/plugins/com.st.stm32cube.ide.mcu.externaltools.gnu-tools-for-stm32.12.3.rel1.macos64_1.1.100.202509120712/tools/bin/../lib/gcc/arm-none-eabi/12.3.1/../../../../arm-none-eabi/lib/thumb/v8-m.main+fp/hard/libc_nano.a(libc_a-malloc.o)
                0x0801303c                malloc
 .text.free     0x0801304c       0x10 /Applications/STM32CubeIDE.app/Contents/Eclipse/plugins/com.st.stm32cube.ide.mcu.externaltools.gnu-tools-for-stm32.12.3.rel1.macos64_1.1.100.202509120712/tools/bin/../lib/gcc/arm-none-eabi/12.3.1/../../../../arm-none-eabi/lib/thumb/v8-m.main+fp/hard/libc_nano.a(libc_a-malloc.o)
                0x0801304c                free
 .text.sbrk_aligned
                0x0801305c       0x44 /Applications/STM32CubeIDE.app/Contents/Eclipse/plugins/com.st.stm32cube.ide.mcu.externaltools.gnu-tools-for-stm32.12.3.rel1.macos64_1.1.100.202509120712/tools/bin/../lib/gcc/arm-none-eabi/12.3.1/../../../../arm-none-eabi/lib/thumb/v8-m.main+fp/hard/libc_nano.a(libc_a-mallocr.o)
 .text._malloc_r
                0x080130a0      0x100 /Applications/STM32CubeIDE.app/Contents/Eclipse/plugins/com.st.stm32cube.ide.mcu.externaltools.gnu-tools-for-stm32.12.3.rel1.macos64_1.1.100.202509120712/tools/bin/../lib/gcc/arm-none-eabi/12.3.1/../../../../arm-none-eabi/lib/thumb/v8-m.main+fp/hard/libc_nano.a(libc_a-mallocr.o)
                0x080130a0                _malloc_r
 .text._printf_common
                0x080131a0       0xe4 /Applications/STM32CubeIDE.app/Contents/Eclipse/plugins/com.st.stm32cube.ide.mcu.externaltools.gnu-tools-for-stm32.12.3.rel1.macos64_1.1.100.202509120712/tools/bin/../lib/gcc/arm-none-eabi/12.3.1/../../../../arm-none-eabi/lib/thumb/v8-m.main+fp/hard/libc_nano.a(libc_a-nano-vfprintf_i.o)
                0x080131a0                _printf_common
 .text._printf_i
                0x08013284      0x240 /Applications/STM32CubeIDE.app/Contents/Eclipse/plugins/com.st.stm32cube.ide.mcu.externaltools.gnu-tools-for-stm32.12.3.rel1.macos64_1.1.100.202509120712/tools/bin/../lib/gcc/arm-none-eabi/12.3.1/../../../../arm-none-eabi/lib/thumb/v8-m.main+fp/hard/libc_nano.a(libc_a-nano-vfprintf_i.o)
                0x08013284                _printf_i
 .text.__malloc_lock
                0x080134c4        0xc /Applications/STM32CubeIDE.app/Contents/Eclipse/plugins/com.st.stm32cube.ide.mcu.externaltools.gnu-tools-for-stm32.12.3.rel1.macos64_1.1.100.202509120712/tools/bin/../lib/gcc/arm-none-eabi/12.3.1/../../../../arm-none-eabi/lib/thumb/v8-m.main+fp/hard/libc_nano.a(libc_a-mlock.o)
                0x080134c4                __malloc_lock
 .text.__malloc_unlock
                0x080134d0        0xc /Applications/STM32CubeIDE.app/Contents/Eclipse/plugins/com.st.stm32cube.ide.mcu.externaltools.gnu-tools-for-stm32.12.3.rel1.macos64_1.1.100.202509120712/tools/bin/../lib/gcc/arm-none-eabi/12.3.1/../../../../arm-none-eabi/lib/thumb/v8-m.main+fp/hard/libc_nano.a(libc_a-mlock.o)
                0x080134d0                __malloc_unlock
 .text.std      0x080134dc       0x6c /Applications/STM32CubeIDE.app/Contents/Eclipse/plugins/com.st.stm32cube.ide.mcu.externaltools.gnu-tools-for-stm32.12.3.rel1.macos64_1.1.100.202509120712/tools/bin/../lib/gcc/arm-none-eabi/12.3.1/../../../../arm-none-eabi/lib/thumb/v8-m.main+fp/hard/libc_nano.a(libc_a-findfp.o)
 .text.stdio_exit_handler
                0x08013548       0x18 /Applications/STM32CubeIDE.app/Contents/Eclipse/plugins/com.st.stm32cube.ide.mcu.externaltools.gnu-tools-for-stm32.12.3.rel1.macos64_1.1.100.202509120712/tools/bin/../lib/gcc/arm-none-eabi/12.3.1/../../../../arm-none-eabi/lib/thumb/v8-m.main+fp/hard/libc_nano.a(libc_a-findfp.o)
 .text.cleanup_stdio
                0x08013560       0x40 /Applications/STM32CubeIDE.app/Contents/Eclipse/plugins/com.st.stm32cube.ide.mcu.externaltools.gnu-tools-for-stm32.12.3.rel1.macos64_1.1.100.202509120712/tools/bin/../lib/gcc/arm-none-eabi/12.3.1/../../../../arm-none-eabi/lib/thumb/v8-m.main+fp/hard/libc_nano.a(libc_a-findfp.o)
 .text.global_stdio_init.part.0
                0x080135a0       0x3c /Applications/STM32CubeIDE.app/Contents/Eclipse/plugins/com.st.stm32cube.ide.mcu.externaltools.gnu-tools-for-stm32.12.3.rel1.macos64_1.1.100.202509120712/tools/bin/../lib/gcc/arm-none-eabi/12.3.1/../../../../arm-none-eabi/lib/thumb/v8-m.main+fp/hard/libc_nano.a(libc_a-findfp.o)
 .text.__sfp_lock_acquire
                0x080135dc        0xc /Applications/STM32CubeIDE.app/Contents/Eclipse/plugins/com.st.stm32cube.ide.mcu.externaltools.gnu-tools-for-stm32.12.3.rel1.macos64_1.1.100.202509120712/tools/bin/../lib/gcc/arm-none-eabi/12.3.1/../../../../arm-none-eabi/lib/thumb/v8-m.main+fp/hard/libc_nano.a(libc_a-findfp.o)
                0x080135dc                __sfp_lock_acquire
 .text.__sfp_lock_release
                0x080135e8        0xc /Applications/STM32CubeIDE.app/Contents/Eclipse/plugins/com.st.stm32cube.ide.mcu.externaltools.gnu-tools-for-stm32.12.3.rel1.macos64_1.1.100.202509120712/tools/bin/../lib/gcc/arm-none-eabi/12.3.1/../../../../arm-none-eabi/lib/thumb/v8-m.main+fp/hard/libc_nano.a(libc_a-findfp.o)
                0x080135e8                __sfp_lock_release
 .text.__sinit  0x080135f4       0x30 /Applications/STM32CubeIDE.app/Contents/Eclipse/plugins/com.st.stm32cube.ide.mcu.externaltools.gnu-tools-for-stm32.12.3.rel1.macos64_1.1.100.202509120712/tools/bin/../lib/gcc/arm-none-eabi/12.3.1/../../../../arm-none-eabi/lib/thumb/v8-m.main+fp/hard/libc_nano.a(libc_a-findfp.o)
                0x080135f4                __sinit
 .text._fwalk_sglue
                0x08013624       0x3c /Applications/STM32CubeIDE.app/Contents/Eclipse/plugins/com.st.stm32cube.ide.mcu.externaltools.gnu-tools-for-stm32.12.3.rel1.macos64_1.1.100.202509120712/tools/bin/../lib/gcc/arm-none-eabi/12.3.1/../../../../arm-none-eabi/lib/thumb/v8-m.main+fp/hard/libc_nano.a(libc_a-fwalk.o)
                0x08013624                _fwalk_sglue
 .text.printf   0x08013660       0x24 /Applications/STM32CubeIDE.app/Contents/Eclipse/plugins/com.st.stm32cube.ide.mcu.externaltools.gnu-tools-for-stm32.12.3.rel1.macos64_1.1.100.202509120712/tools/bin/../lib/gcc/arm-none-eabi/12.3.1/../../../../arm-none-eabi/lib/thumb/v8-m.main+fp/hard/libc_nano.a(libc_a-printf.o)
                0x08013660                printf
                0x08013660                iprintf
 .text._puts_r  0x08013684       0xaa /Applications/STM32CubeIDE.app/Contents/Eclipse/plugins/com.st.stm32cube.ide.mcu.externaltools.gnu-tools-for-stm32.12.3.rel1.macos64_1.1.100.202509120712/tools/bin/../lib/gcc/arm-none-eabi/12.3.1/../../../../arm-none-eabi/lib/thumb/v8-m.main+fp/hard/libc_nano.a(libc_a-puts.o)
                0x08013684                _puts_r
 *fill*         0x0801372e        0x2 
 .text.puts     0x08013730       0x10 /Applications/STM32CubeIDE.app/Contents/Eclipse/plugins/com.st.stm32cube.ide.mcu.externaltools.gnu-tools-for-stm32.12.3.rel1.macos64_1.1.100.202509120712/tools/bin/../lib/gcc/arm-none-eabi/12.3.1/../../../../arm-none-eabi/lib/thumb/v8-m.main+fp/hard/libc_nano.a(libc_a-puts.o)
                0x08013730                puts
 .text.memset   0x08013740       0x10 /Applications/STM32CubeIDE.app/Contents/Eclipse/plugins/com.st.stm32cube.ide.mcu.externaltools.gnu-tools-for-stm32.12.3.rel1.macos64_1.1.100.202509120712/tools/bin/../lib/gcc/arm-none-eabi/12.3.1/../../../../arm-none-eabi/lib/thumb/v8-m.main+fp/hard/libc_nano.a(libc_a-memset.o)
                0x08013740                memset
 .text._localeconv_r
                0x08013750        0x8 /Applications/STM32CubeIDE.app/Contents/Eclipse/plugins/com.st.stm32cube.ide.mcu.externaltools.gnu-tools-for-stm32.12.3.rel1.macos64_1.1.100.202509120712/tools/bin/../lib/gcc/arm-none-eabi/12.3.1/../../../../arm-none-eabi/lib/thumb/v8-m.main+fp/hard/libc_nano.a(libc_a-localeconv.o)
                0x08013750                _localeconv_r
 .text._sbrk_r  0x08013758       0x20 /Applications/STM32CubeIDE.app/Contents/Eclipse/plugins/com.st.stm32cube.ide.mcu.externaltools.gnu-tools-for-stm32.12.3.rel1.macos64_1.1.100.202509120712/tools/bin/../lib/gcc/arm-none-eabi/12.3.1/../../../../arm-none-eabi/lib/thumb/v8-m.main+fp/hard/libc_nano.a(libc_a-sbrkr.o)
                0x08013758                _sbrk_r
 .text.__errno  0x08013778        0xc /Applications/STM32CubeIDE.app/Contents/Eclipse/plugins/com.st.stm32cube.ide.mcu.externaltools.gnu-tools-for-stm32.12.3.rel1.macos64_1.1.100.202509120712/tools/bin/../lib/gcc/arm-none-eabi/12.3.1/../../../../arm-none-eabi/lib/thumb/v8-m.main+fp/hard/libc_nano.a(libc_a-errno.o)
                0x08013778                __errno
 .text.__libc_init_array
                0x08013784       0x48 /Applications/STM32CubeIDE.app/Contents/Eclipse/plugins/com.st.stm32cube.ide.mcu.externaltools.gnu-tools-for-stm32.12.3.rel1.macos64_1.1.100.202509120712/tools/bin/../lib/gcc/arm-none-eabi/12.3.1/../../../../arm-none-eabi/lib/thumb/v8-m.main+fp/hard/libc_nano.a(libc_a-init.o)
                0x08013784                __libc_init_array
 .text.__retarget_lock_init_recursive
                0x080137cc        0x2 /Applications/STM32CubeIDE.app/Contents/Eclipse/plugins/com.st.stm32cube.ide.mcu.externaltools.gnu-tools-for-stm32.12.3.rel1.macos64_1.1.100.202509120712/tools/bin/../lib/gcc/arm-none-eabi/12.3.1/../../../../arm-none-eabi/lib/thumb/v8-m.main+fp/hard/libc_nano.a(libc_a-lock.o)
                0x080137cc                __retarget_lock_init_recursive
 .text.__retarget_lock_acquire_recursive
                0x080137ce        0x2 /Applications/STM32CubeIDE.app/Contents/Eclipse/plugins/com.st.stm32cube.ide.mcu.externaltools.gnu-tools-for-stm32.12.3.rel1.macos64_1.1.100.202509120712/tools/bin/../lib/gcc/arm-none-eabi/12.3.1/../../../../arm-none-eabi/lib/thumb/v8-m.main+fp/hard/libc_nano.a(libc_a-lock.o)
                0x080137ce                __retarget_lock_acquire_recursive
 .text.__retarget_lock_release_recursive
                0x080137d0        0x2 /Applications/STM32CubeIDE.app/Contents/Eclipse/plugins/com.st.stm32cube.ide.mcu.externaltools.gnu-tools-for-stm32.12.3.rel1.macos64_1.1.100.202509120712/tools/bin/../lib/gcc/arm-none-eabi/12.3.1/../../../../arm-none-eabi/lib/thumb/v8-m.main+fp/hard/libc_nano.a(libc_a-lock.o)
                0x080137d0                __retarget_lock_release_recursive
 .text.memchr   0x080137d2       0x1c /Applications/STM32CubeIDE.app/Contents/Eclipse/plugins/com.st.stm32cube.ide.mcu.externaltools.gnu-tools-for-stm32.12.3.rel1.macos64_1.1.100.202509120712/tools/bin/../lib/gcc/arm-none-eabi/12.3.1/../../../../arm-none-eabi/lib/thumb/v8-m.main+fp/hard/libc_nano.a(libc_a-memchr-stub.o)
                0x080137d2                memchr
 .text.memcpy   0x080137ee       0x1a /Applications/STM32CubeIDE.app/Contents/Eclipse/plugins/com.st.stm32cube.ide.mcu.externaltools.gnu-tools-for-stm32.12.3.rel1.macos64_1.1.100.202509120712/tools/bin/../lib/gcc/arm-none-eabi/12.3.1/../../../../arm-none-eabi/lib/thumb/v8-m.main+fp/hard/libc_nano.a(libc_a-memcpy-stub.o)
                0x080137ee                memcpy
 .text.quorem   0x08013808      0x11a /Applications/STM32CubeIDE.app/Contents/Eclipse/plugins/com.st.stm32cube.ide.mcu.externaltools.gnu-tools-for-stm32.12.3.rel1.macos64_1.1.100.202509120712/tools/bin/../lib/gcc/arm-none-eabi/12.3.1/../../../../arm-none-eabi/lib/thumb/v8-m.main+fp/hard/libc_nano.a(libc_a-dtoa.o)
 *fill*         0x08013922        0x6 
 .text._dtoa_r  0x08013928      0xb88 /Applications/STM32CubeIDE.app/Contents/Eclipse/plugins/com.st.stm32cube.ide.mcu.externaltools.gnu-tools-for-stm32.12.3.rel1.macos64_1.1.100.202509120712/tools/bin/../lib/gcc/arm-none-eabi/12.3.1/../../../../arm-none-eabi/lib/thumb/v8-m.main+fp/hard/libc_nano.a(libc_a-dtoa.o)
                0x08013928                _dtoa_r
 .text._free_r  0x080144b0       0x94 /Applications/STM32CubeIDE.app/Contents/Eclipse/plugins/com.st.stm32cube.ide.mcu.externaltools.gnu-tools-for-stm32.12.3.rel1.macos64_1.1.100.202509120712/tools/bin/../lib/gcc/arm-none-eabi/12.3.1/../../../../arm-none-eabi/lib/thumb/v8-m.main+fp/hard/libc_nano.a(libc_a-freer.o)
                0x080144b0                _free_r
 .text.__sfputc_r
                0x08014544       0x2e /Applications/STM32CubeIDE.app/Contents/Eclipse/plugins/com.st.stm32cube.ide.mcu.externaltools.gnu-tools-for-stm32.12.3.rel1.macos64_1.1.100.202509120712/tools/bin/../lib/gcc/arm-none-eabi/12.3.1/../../../../arm-none-eabi/lib/thumb/v8-m.main+fp/hard/libc_nano.a(libc_a-nano-vfprintf.o)
 .text.__sfputs_r
                0x08014572       0x24 /Applications/STM32CubeIDE.app/Contents/Eclipse/plugins/com.st.stm32cube.ide.mcu.externaltools.gnu-tools-for-stm32.12.3.rel1.macos64_1.1.100.202509120712/tools/bin/../lib/gcc/arm-none-eabi/12.3.1/../../../../arm-none-eabi/lib/thumb/v8-m.main+fp/hard/libc_nano.a(libc_a-nano-vfprintf.o)
                0x08014572                __sfputs_r
 *fill*         0x08014596        0x2 
 .text._vfprintf_r
                0x08014598      0x230 /Applications/STM32CubeIDE.app/Contents/Eclipse/plugins/com.st.stm32cube.ide.mcu.externaltools.gnu-tools-for-stm32.12.3.rel1.macos64_1.1.100.202509120712/tools/bin/../lib/gcc/arm-none-eabi/12.3.1/../../../../arm-none-eabi/lib/thumb/v8-m.main+fp/hard/libc_nano.a(libc_a-nano-vfprintf.o)
                0x08014598                _vfiprintf_r
                0x08014598                _vfprintf_r
 .text.__sflush_r
                0x080147c8      0x108 /Applications/STM32CubeIDE.app/Contents/Eclipse/plugins/com.st.stm32cube.ide.mcu.externaltools.gnu-tools-for-stm32.12.3.rel1.macos64_1.1.100.202509120712/tools/bin/../lib/gcc/arm-none-eabi/12.3.1/../../../../arm-none-eabi/lib/thumb/v8-m.main+fp/hard/libc_nano.a(libc_a-fflush.o)
                0x080147c8                __sflush_r
 .text._fflush_r
                0x080148d0       0x50 /Applications/STM32CubeIDE.app/Contents/Eclipse/plugins/com.st.stm32cube.ide.mcu.externaltools.gnu-tools-for-stm32.12.3.rel1.macos64_1.1.100.202509120712/tools/bin/../lib/gcc/arm-none-eabi/12.3.1/../../../../arm-none-eabi/lib/thumb/v8-m.main+fp/hard/libc_nano.a(libc_a-fflush.o)
                0x080148d0                _fflush_r
 .text._Balloc  0x08014920       0x80 /Applications/STM32CubeIDE.app/Contents/Eclipse/plugins/com.st.stm32cube.ide.mcu.externaltools.gnu-tools-for-stm32.12.3.rel1.macos64_1.1.100.202509120712/tools/bin/../lib/gcc/arm-none-eabi/12.3.1/../../../../arm-none-eabi/lib/thumb/v8-m.main+fp/hard/libc_nano.a(libc_a-mprec.o)
                0x08014920                _Balloc
 .text._Bfree   0x080149a0       0x44 /Applications/STM32CubeIDE.app/Contents/Eclipse/plugins/com.st.stm32cube.ide.mcu.externaltools.gnu-tools-for-stm32.12.3.rel1.macos64_1.1.100.202509120712/tools/bin/../lib/gcc/arm-none-eabi/12.3.1/../../../../arm-none-eabi/lib/thumb/v8-m.main+fp/hard/libc_nano.a(libc_a-mprec.o)
                0x080149a0                _Bfree
 .text.__multadd
                0x080149e4       0x90 /Applications/STM32CubeIDE.app/Contents/Eclipse/plugins/com.st.stm32cube.ide.mcu.externaltools.gnu-tools-for-stm32.12.3.rel1.macos64_1.1.100.202509120712/tools/bin/../lib/gcc/arm-none-eabi/12.3.1/../../../../arm-none-eabi/lib/thumb/v8-m.main+fp/hard/libc_nano.a(libc_a-mprec.o)
                0x080149e4                __multadd
 .text.__hi0bits
                0x08014a74       0x3e /Applications/STM32CubeIDE.app/Contents/Eclipse/plugins/com.st.stm32cube.ide.mcu.externaltools.gnu-tools-for-stm32.12.3.rel1.macos64_1.1.100.202509120712/tools/bin/../lib/gcc/arm-none-eabi/12.3.1/../../../../arm-none-eabi/lib/thumb/v8-m.main+fp/hard/libc_nano.a(libc_a-mprec.o)
                0x08014a74                __hi0bits
 .text.__lo0bits
                0x08014ab2       0x5a /Applications/STM32CubeIDE.app/Contents/Eclipse/plugins/com.st.stm32cube.ide.mcu.externaltools.gnu-tools-for-stm32.12.3.rel1.macos64_1.1.100.202509120712/tools/bin/../lib/gcc/arm-none-eabi/12.3.1/../../../../arm-none-eabi/lib/thumb/v8-m.main+fp/hard/libc_nano.a(libc_a-mprec.o)
                0x08014ab2                __lo0bits
 .text.__i2b    0x08014b0c       0x2c /Applications/STM32CubeIDE.app/Contents/Eclipse/plugins/com.st.stm32cube.ide.mcu.externaltools.gnu-tools-for-stm32.12.3.rel1.macos64_1.1.100.202509120712/tools/bin/../lib/gcc/arm-none-eabi/12.3.1/../../../../arm-none-eabi/lib/thumb/v8-m.main+fp/hard/libc_nano.a(libc_a-mprec.o)
                0x08014b0c                __i2b
 .text.__multiply
                0x08014b38      0x154 /Applications/STM32CubeIDE.app/Contents/Eclipse/plugins/com.st.stm32cube.ide.mcu.externaltools.gnu-tools-for-stm32.12.3.rel1.macos64_1.1.100.202509120712/tools/bin/../lib/gcc/arm-none-eabi/12.3.1/../../../../arm-none-eabi/lib/thumb/v8-m.main+fp/hard/libc_nano.a(libc_a-mprec.o)
                0x08014b38                __multiply
 .text.__pow5mult
                0x08014c8c       0xb4 /Applications/STM32CubeIDE.app/Contents/Eclipse/plugins/com.st.stm32cube.ide.mcu.externaltools.gnu-tools-for-stm32.12.3.rel1.macos64_1.1.100.202509120712/tools/bin/../lib/gcc/arm-none-eabi/12.3.1/../../../../arm-none-eabi/lib/thumb/v8-m.main+fp/hard/libc_nano.a(libc_a-mprec.o)
                0x08014c8c                __pow5mult
 .text.__lshift
                0x08014d40       0xd8 /Applications/STM32CubeIDE.app/Contents/Eclipse/plugins/com.st.stm32cube.ide.mcu.externaltools.gnu-tools-for-stm32.12.3.rel1.macos64_1.1.100.202509120712/tools/bin/../lib/gcc/arm-none-eabi/12.3.1/../../../../arm-none-eabi/lib/thumb/v8-m.main+fp/hard/libc_nano.a(libc_a-mprec.o)
                0x08014d40                __lshift
 .text.__mcmp   0x08014e18       0x36 /Applications/STM32CubeIDE.app/Contents/Eclipse/plugins/com.st.stm32cube.ide.mcu.externaltools.gnu-tools-for-stm32.12.3.rel1.macos64_1.1.100.202509120712/tools/bin/../lib/gcc/arm-none-eabi/12.3.1/../../../../arm-none-eabi/lib/thumb/v8-m.main+fp/hard/libc_nano.a(libc_a-mprec.o)
                0x08014e18                __mcmp
 *fill*         0x08014e4e        0x2 
 .text.__mdiff  0x08014e50      0x130 /Applications/STM32CubeIDE.app/Contents/Eclipse/plugins/com.st.stm32cube.ide.mcu.externaltools.gnu-tools-for-stm32.12.3.rel1.macos64_1.1.100.202509120712/tools/bin/../lib/gcc/arm-none-eabi/12.3.1/../../../../arm-none-eabi/lib/thumb/v8-m.main+fp/hard/libc_nano.a(libc_a-mprec.o)
                0x08014e50                __mdiff
 .text.__d2b    0x08014f80       0xb0 /Applications/STM32CubeIDE.app/Contents/Eclipse/plugins/com.st.stm32cube.ide.mcu.externaltools.gnu-tools-for-stm32.12.3.rel1.macos64_1.1.100.202509120712/tools/bin/../lib/gcc/arm-none-eabi/12.3.1/../../../../arm-none-eabi/lib/thumb/v8-m.main+fp/hard/libc_nano.a(libc_a-mprec.o)
                0x08014f80                __d2b
 .text.__sread  0x08015030       0x22 /Applications/STM32CubeIDE.app/Contents/Eclipse/plugins/com.st.stm32cube.ide.mcu.externaltools.gnu-tools-for-stm32.12.3.rel1.macos64_1.1.100.202509120712/tools/bin/../lib/gcc/arm-none-eabi/12.3.1/../../../../arm-none-eabi/lib/thumb/v8-m.main+fp/hard/libc_nano.a(libc_a-stdio.o)
                0x08015030                __sread
 .text.__swrite
                0x08015052       0x38 /Applications/STM32CubeIDE.app/Contents/Eclipse/plugins/com.st.stm32cube.ide.mcu.externaltools.gnu-tools-for-stm32.12.3.rel1.macos64_1.1.100.202509120712/tools/bin/../lib/gcc/arm-none-eabi/12.3.1/../../../../arm-none-eabi/lib/thumb/v8-m.main+fp/hard/libc_nano.a(libc_a-stdio.o)
                0x08015052                __swrite
 .text.__sseek  0x0801508a       0x24 /Applications/STM32CubeIDE.app/Contents/Eclipse/plugins/com.st.stm32cube.ide.mcu.externaltools.gnu-tools-for-stm32.12.3.rel1.macos64_1.1.100.202509120712/tools/bin/../lib/gcc/arm-none-eabi/12.3.1/../../../../arm-none-eabi/lib/thumb/v8-m.main+fp/hard/libc_nano.a(libc_a-stdio.o)
                0x0801508a                __sseek
 .text.__sclose
                0x080150ae        0x8 /Applications/STM32CubeIDE.app/Contents/Eclipse/plugins/com.st.stm32cube.ide.mcu.externaltools.gnu-tools-for-stm32.12.3.rel1.macos64_1.1.100.202509120712/tools/bin/../lib/gcc/arm-none-eabi/12.3.1/../../../../arm-none-eabi/lib/thumb/v8-m.main+fp/hard/libc_nano.a(libc_a-stdio.o)
                0x080150ae                __sclose
 .text.__swbuf_r
                0x080150b6       0x7c /Applications/STM32CubeIDE.app/Contents/Eclipse/plugins/com.st.stm32cube.ide.mcu.externaltools.gnu-tools-for-stm32.12.3.rel1.macos64_1.1.100.202509120712/tools/bin/../lib/gcc/arm-none-eabi/12.3.1/../../../../arm-none-eabi/lib/thumb/v8-m.main+fp/hard/libc_nano.a(libc_a-wbuf.o)
                0x080150b6                __swbuf_r
 *fill*         0x08015132        0x2 
 .text.__swsetup_r
                0x08015134       0xac /Applications/STM32CubeIDE.app/Contents/Eclipse/plugins/com.st.stm32cube.ide.mcu.externaltools.gnu-tools-for-stm32.12.3.rel1.macos64_1.1.100.202509120712/tools/bin/../lib/gcc/arm-none-eabi/12.3.1/../../../../arm-none-eabi/lib/thumb/v8-m.main+fp/hard/libc_nano.a(libc_a-wsetup.o)
                0x08015134                __swsetup_r
 .text.__swhatbuf_r
                0x080151e0       0x4a /Applications/STM32CubeIDE.app/Contents/Eclipse/plugins/com.st.stm32cube.ide.mcu.externaltools.gnu-tools-for-stm32.12.3.rel1.macos64_1.1.100.202509120712/tools/bin/../lib/gcc/arm-none-eabi/12.3.1/../../../../arm-none-eabi/lib/thumb/v8-m.main+fp/hard/libc_nano.a(libc_a-makebuf.o)
                0x080151e0                __swhatbuf_r
 .text.__smakebuf_r
                0x0801522a       0x78 /Applications/STM32CubeIDE.app/Contents/Eclipse/plugins/com.st.stm32cube.ide.mcu.externaltools.gnu-tools-for-stm32.12.3.rel1.macos64_1.1.100.202509120712/tools/bin/../lib/gcc/arm-none-eabi/12.3.1/../../../../arm-none-eabi/lib/thumb/v8-m.main+fp/hard/libc_nano.a(libc_a-makebuf.o)
                0x0801522a                __smakebuf_r
 *fill*         0x080152a2        0x2 
 .text._close_r
                0x080152a4       0x20 /Applications/STM32CubeIDE.app/Contents/Eclipse/plugins/com.st.stm32cube.ide.mcu.externaltools.gnu-tools-for-stm32.12.3.rel1.macos64_1.1.100.202509120712/tools/bin/../lib/gcc/arm-none-eabi/12.3.1/../../../../arm-none-eabi/lib/thumb/v8-m.main+fp/hard/libc_nano.a(libc_a-closer.o)
                0x080152a4                _close_r
 .text._fstat_r
                0x080152c4       0x24 /Applications/STM32CubeIDE.app/Contents/Eclipse/plugins/com.st.stm32cube.ide.mcu.externaltools.gnu-tools-for-stm32.12.3.rel1.macos64_1.1.100.202509120712/tools/bin/../lib/gcc/arm-none-eabi/12.3.1/../../../../arm-none-eabi/lib/thumb/v8-m.main+fp/hard/libc_nano.a(libc_a-fstatr.o)
                0x080152c4                _fstat_r
 .text._isatty_r
                0x080152e8       0x20 /Applications/STM32CubeIDE.app/Contents/Eclipse/plugins/com.st.stm32cube.ide.mcu.externaltools.gnu-tools-for-stm32.12.3.rel1.macos64_1.1.100.202509120712/tools/bin/../lib/gcc/arm-none-eabi/12.3.1/../../../../arm-none-eabi/lib/thumb/v8-m.main+fp/hard/libc_nano.a(libc_a-isattyr.o)
                0x080152e8                _isatty_r
 .text._lseek_r
                0x08015308       0x24 /Applications/STM32CubeIDE.app/Contents/Eclipse/plugins/com.st.stm32cube.ide.mcu.externaltools.gnu-tools-for-stm32.12.3.rel1.macos64_1.1.100.202509120712/tools/bin/../lib/gcc/arm-none-eabi/12.3.1/../../../../arm-none-eabi/lib/thumb/v8-m.main+fp/hard/libc_nano.a(libc_a-lseekr.o)
                0x08015308                _lseek_r
 .text._read_r  0x0801532c       0x24 /Applications/STM32CubeIDE.app/Contents/Eclipse/plugins/com.st.stm32cube.ide.mcu.externaltools.gnu-tools-for-stm32.12.3.rel1.macos64_1.1.100.202509120712/tools/bin/../lib/gcc/arm-none-eabi/12.3.1/../../../../arm-none-eabi/lib/thumb/v8-m.main+fp/hard/libc_nano.a(libc_a-readr.o)
                0x0801532c                _read_r
 .text._write_r
                0x08015350       0x24 /Applications/STM32CubeIDE.app/Contents/Eclipse/plugins/com.st.stm32cube.ide.mcu.externaltools.gnu-tools-for-stm32.12.3.rel1.macos64_1.1.100.202509120712/tools/bin/../lib/gcc/arm-none-eabi/12.3.1/../../../../arm-none-eabi/lib/thumb/v8-m.main+fp/hard/libc_nano.a(libc_a-writer.o)
                0x08015350                _write_r
 .text.__assert_func
                0x08015374       0x3c /Applications/STM32CubeIDE.app/Contents/Eclipse/plugins/com.st.stm32cube.ide.mcu.externaltools.gnu-tools-for-stm32.12.3.rel1.macos64_1.1.100.202509120712/tools/bin/../lib/gcc/arm-none-eabi/12.3.1/../../../../arm-none-eabi/lib/thumb/v8-m.main+fp/hard/libc_nano.a(libc_a-assert.o)
                0x08015374                __assert_func
 .text.__ascii_mbtowc
                0x080153b0       0x24 /Applications/STM32CubeIDE.app/Contents/Eclipse/plugins/com.st.stm32cube.ide.mcu.externaltools.gnu-tools-for-stm32.12.3.rel1.macos64_1.1.100.202509120712/tools/bin/../lib/gcc/arm-none-eabi/12.3.1/../../../../arm-none-eabi/lib/thumb/v8-m.main+fp/hard/libc_nano.a(libc_a-mbtowc_r.o)
                0x080153b0                __ascii_mbtowc
 .text.fprintf  0x080153d4       0x24 /Applications/STM32CubeIDE.app/Contents/Eclipse/plugins/com.st.stm32cube.ide.mcu.externaltools.gnu-tools-for-stm32.12.3.rel1.macos64_1.1.100.202509120712/tools/bin/../lib/gcc/arm-none-eabi/12.3.1/../../../../arm-none-eabi/lib/thumb/v8-m.main+fp/hard/libc_nano.a(libc_a-fprintf.o)
                0x080153d4                fprintf
                0x080153d4                fiprintf
 .text.__ascii_wctomb
                0x080153f8       0x1a /Applications/STM32CubeIDE.app/Contents/Eclipse/plugins/com.st.stm32cube.ide.mcu.externaltools.gnu-tools-for-stm32.12.3.rel1.macos64_1.1.100.202509120712/tools/bin/../lib/gcc/arm-none-eabi/12.3.1/../../../../arm-none-eabi/lib/thumb/v8-m.main+fp/hard/libc_nano.a(libc_a-wctomb_r.o)
                0x080153f8                __ascii_wctomb
 .text.abort    0x08015412        0xe /Applications/STM32CubeIDE.app/Contents/Eclipse/plugins/com.st.stm32cube.ide.mcu.externaltools.gnu-tools-for-stm32.12.3.rel1.macos64_1.1.100.202509120712/tools/bin/../lib/gcc/arm-none-eabi/12.3.1/../../../../arm-none-eabi/lib/thumb/v8-m.main+fp/hard/libc_nano.a(libc_a-abort.o)
                0x08015412                abort
 .text._raise_r
                0x08015420       0x50 /Applications/STM32CubeIDE.app/Contents/Eclipse/plugins/com.st.stm32cube.ide.mcu.externaltools.gnu-tools-for-stm32.12.3.rel1.macos64_1.1.100.202509120712/tools/bin/../lib/gcc/arm-none-eabi/12.3.1/../../../../arm-none-eabi/lib/thumb/v8-m.main+fp/hard/libc_nano.a(libc_a-signal.o)
                0x08015420                _raise_r
 .text.raise    0x08015470       0x10 /Applications/STM32CubeIDE.app/Contents/Eclipse/plugins/com.st.stm32cube.ide.mcu.externaltools.gnu-tools-for-stm32.12.3.rel1.macos64_1.1.100.202509120712/tools/bin/../lib/gcc/arm-none-eabi/12.3.1/../../../../arm-none-eabi/lib/thumb/v8-m.main+fp/hard/libc_nano.a(libc_a-signal.o)
                0x08015470                raise
 .text._kill_r  0x08015480       0x24 /Applications/STM32CubeIDE.app/Contents/Eclipse/plugins/com.st.stm32cube.ide.mcu.externaltools.gnu-tools-for-stm32.12.3.rel1.macos64_1.1.100.202509120712/tools/bin/../lib/gcc/arm-none-eabi/12.3.1/../../../../arm-none-eabi/lib/thumb/v8-m.main+fp/hard/libc_nano.a(libc_a-signalr.o)
                0x08015480                _kill_r
 .text._getpid_r
                0x080154a4        0x4 /Applications/STM32CubeIDE.app/Contents/Eclipse/plugins/com.st.stm32cube.ide.mcu.externaltools.gnu-tools-for-stm32.12.3.rel1.macos64_1.1.100.202509120712/tools/bin/../lib/gcc/arm-none-eabi/12.3.1/../../../../arm-none-eabi/lib/thumb/v8-m.main+fp/hard/libc_nano.a(libc_a-signalr.o)
                0x080154a4                _getpid_r
 *(.glue_7)
 .glue_7        0x080154a8        0x0 linker stubs
 *(.glue_7t)
 .glue_7t       0x080154a8        0x0 linker stubs
 *(.eh_frame)
 .eh_frame      0x080154a8        0x0 /Applications/STM32CubeIDE.app/Contents/Eclipse/plugins/com.st.stm32cube.ide.mcu.externaltools.gnu-tools-for-stm32.12.3.rel1.macos64_1.1.100.202509120712/tools/bin/../lib/gcc/arm-none-eabi/12.3.1/thumb/v8-m.main+fp/hard/crtbegin.o
 *(.init)
 .init          0x080154a8        0x4 /Applications/STM32CubeIDE.app/Contents/Eclipse/plugins/com.st.stm32cube.ide.mcu.externaltools.gnu-tools-for-stm32.12.3.rel1.macos64_1.1.100.202509120712/tools/bin/../lib/gcc/arm-none-eabi/12.3.1/thumb/v8-m.main+fp/hard/crti.o
                0x080154a8                _init
 .init          0x080154ac        0x8 /Applications/STM32CubeIDE.app/Contents/Eclipse/plugins/com.st.stm32cube.ide.mcu.externaltools.gnu-tools-for-stm32.12.3.rel1.macos64_1.1.100.202509120712/tools/bin/../lib/gcc/arm-none-eabi/12.3.1/thumb/v8-m.main+fp/hard/crtn.o
 *(.fini)
 .fini          0x080154b4        0x4 /Applications/STM32CubeIDE.app/Contents/Eclipse/plugins/com.st.stm32cube.ide.mcu.externaltools.gnu-tools-for-stm32.12.3.rel1.macos64_1.1.100.202509120712/tools/bin/../lib/gcc/arm-none-eabi/12.3.1/thumb/v8-m.main+fp/hard/crti.o
                0x080154b4                _fini
 .fini          0x080154b8        0x8 /Applications/STM32CubeIDE.app/Contents/Eclipse/plugins/com.st.stm32cube.ide.mcu.externaltools.gnu-tools-for-stm32.12.3.rel1.macos64_1.1.100.202509120712/tools/bin/../lib/gcc/arm-none-eabi/12.3.1/thumb/v8-m.main+fp/hard/crtn.o
                0x080154c0                        . = ALIGN (0x4)
                0x080154c0                        _etext = .

.vfp11_veneer   0x080154c0        0x0
 .vfp11_veneer  0x080154c0        0x0 linker stubs

.v4_bx          0x080154c0        0x0
 .v4_bx         0x080154c0        0x0 linker stubs

.iplt           0x080154c0        0x0
 .iplt          0x080154c0        0x0 /Applications/STM32CubeIDE.app/Contents/Eclipse/plugins/com.st.stm32cube.ide.mcu.externaltools.gnu-tools-for-stm32.12.3.rel1.macos64_1.1.100.202509120712/tools/bin/../lib/gcc/arm-none-eabi/12.3.1/thumb/v8-m.main+fp/hard/crtbegin.o

.rodata         0x080154c0     0x1448
                0x080154c0                        . = ALIGN (0x4)
 *(.rodata)
 .rodata        0x080154c0       0x8e ./Core/ADBMS6830/src/adBms6830GenericType.o
 *fill*         0x0801554e        0x2 
 .rodata        0x08015550       0xf3 ./Core/ADBMS6830/src/adBms6830ParseCreate.o
 *fill*         0x08015643        0x1 
 .rodata        0x08015644      0xcef ./Core/ADBMS6830/src/serialPrintResult.o
 *(.rodata*)
 *fill*         0x08016333        0x1 
 .rodata.Crc15Table
                0x08016334      0x200 ./Core/ADBMS6830/src/adBms6830GenericType.o
                0x08016334                Crc15Table
 .rodata.rev4_lut
                0x08016534       0x10 ./Core/ADBMS6830/src/custom_calc_func.o
                0x08016534                rev4_lut
 .rodata.AHBPrescTable
                0x08016544       0x10 ./Core/Src/system_stm32h5xx.o
                0x08016544                AHBPrescTable
 .rodata.APBPrescTable
                0x08016554        0x8 ./Core/Src/system_stm32h5xx.o
                0x08016554                APBPrescTable
 .rodata.DLCtoBytes
                0x0801655c       0x10 ./Drivers/STM32H5xx_HAL_Driver/Src/stm32h5xx_hal_fdcan.o
 .rodata.UARTPrescTable
                0x0801656c       0x18 ./Drivers/STM32H5xx_HAL_Driver/Src/stm32h5xx_hal_uart.o
                0x0801656c                UARTPrescTable
 .rodata.numerator.1
                0x08016584        0x8 ./Drivers/STM32H5xx_HAL_Driver/Src/stm32h5xx_hal_uart_ex.o
 .rodata.denominator.0
                0x0801658c        0x8 ./Drivers/STM32H5xx_HAL_Driver/Src/stm32h5xx_hal_uart_ex.o
 .rodata._printf_float.str1.1
                0x08016594       0x12 /Applications/STM32CubeIDE.app/Contents/Eclipse/plugins/com.st.stm32cube.ide.mcu.externaltools.gnu-tools-for-stm32.12.3.rel1.macos64_1.1.100.202509120712/tools/bin/../lib/gcc/arm-none-eabi/12.3.1/../../../../arm-none-eabi/lib/thumb/v8-m.main+fp/hard/libc_nano.a(libc_a-nano-vfprintf_float.o)
 .rodata._printf_i.str1.1
                0x080165a6       0x22 /Applications/STM32CubeIDE.app/Contents/Eclipse/plugins/com.st.stm32cube.ide.mcu.externaltools.gnu-tools-for-stm32.12.3.rel1.macos64_1.1.100.202509120712/tools/bin/../lib/gcc/arm-none-eabi/12.3.1/../../../../arm-none-eabi/lib/thumb/v8-m.main+fp/hard/libc_nano.a(libc_a-nano-vfprintf_i.o)
 .rodata._dtoa_r.str1.1
                0x080165c8       0x8d /Applications/STM32CubeIDE.app/Contents/Eclipse/plugins/com.st.stm32cube.ide.mcu.externaltools.gnu-tools-for-stm32.12.3.rel1.macos64_1.1.100.202509120712/tools/bin/../lib/gcc/arm-none-eabi/12.3.1/../../../../arm-none-eabi/lib/thumb/v8-m.main+fp/hard/libc_nano.a(libc_a-dtoa.o)
                                 0x8f (size before relaxing)
 .rodata._vfprintf_r.str1.1
                0x08016655       0x11 /Applications/STM32CubeIDE.app/Contents/Eclipse/plugins/com.st.stm32cube.ide.mcu.externaltools.gnu-tools-for-stm32.12.3.rel1.macos64_1.1.100.202509120712/tools/bin/../lib/gcc/arm-none-eabi/12.3.1/../../../../arm-none-eabi/lib/thumb/v8-m.main+fp/hard/libc_nano.a(libc_a-nano-vfprintf.o)
 .rodata._Balloc.str1.1
                0x08016666       0x59 /Applications/STM32CubeIDE.app/Contents/Eclipse/plugins/com.st.stm32cube.ide.mcu.externaltools.gnu-tools-for-stm32.12.3.rel1.macos64_1.1.100.202509120712/tools/bin/../lib/gcc/arm-none-eabi/12.3.1/../../../../arm-none-eabi/lib/thumb/v8-m.main+fp/hard/libc_nano.a(libc_a-mprec.o)
                                 0x70 (size before relaxing)
 .rodata.__multadd.str1.1
                0x080166bf       0x11 /Applications/STM32CubeIDE.app/Contents/Eclipse/plugins/com.st.stm32cube.ide.mcu.externaltools.gnu-tools-for-stm32.12.3.rel1.macos64_1.1.100.202509120712/tools/bin/../lib/gcc/arm-none-eabi/12.3.1/../../../../arm-none-eabi/lib/thumb/v8-m.main+fp/hard/libc_nano.a(libc_a-mprec.o)
 *fill*         0x080166bf        0x1 
 .rodata.p05.0  0x080166c0        0xc /Applications/STM32CubeIDE.app/Contents/Eclipse/plugins/com.st.stm32cube.ide.mcu.externaltools.gnu-tools-for-stm32.12.3.rel1.macos64_1.1.100.202509120712/tools/bin/../lib/gcc/arm-none-eabi/12.3.1/../../../../arm-none-eabi/lib/thumb/v8-m.main+fp/hard/libc_nano.a(libc_a-mprec.o)
 *fill*         0x080166cc        0x4 
 .rodata.__mprec_bigtens
                0x080166d0       0x28 /Applications/STM32CubeIDE.app/Contents/Eclipse/plugins/com.st.stm32cube.ide.mcu.externaltools.gnu-tools-for-stm32.12.3.rel1.macos64_1.1.100.202509120712/tools/bin/../lib/gcc/arm-none-eabi/12.3.1/../../../../arm-none-eabi/lib/thumb/v8-m.main+fp/hard/libc_nano.a(libc_a-mprec.o)
                0x080166d0                __mprec_bigtens
 .rodata.__mprec_tens
                0x080166f8       0xc8 /Applications/STM32CubeIDE.app/Contents/Eclipse/plugins/com.st.stm32cube.ide.mcu.externaltools.gnu-tools-for-stm32.12.3.rel1.macos64_1.1.100.202509120712/tools/bin/../lib/gcc/arm-none-eabi/12.3.1/../../../../arm-none-eabi/lib/thumb/v8-m.main+fp/hard/libc_nano.a(libc_a-mprec.o)
                0x080166f8                __mprec_tens
 .rodata._setlocale_r.str1.1