../Core/Src/fdcan.c:66:6:MX_FDCAN1_Init	8	static
../Core/Src/fdcan.c:104:6:MX_FDCAN2_Init	8	static
../Core/Src/fdcan.c:144:6:HAL_FDCAN_MspInit	264	static
../Core/Src/fdcan.c:225:6:HAL_FDCAN_MspDeInit	16	static
../Core/Src/fdcan.c:273:6:canFraming	48	static
../Core/Src/fdcan.c:347:6:CAN_Charger_Init	16	static
../Core/Src/fdcan.c:383:6:CAN_Charger_transmit	8	static
../Core/Src/fdcan.c:408:6:CAN_Data_Init	8	static
../Core/Src/fdcan.c:518:6:HAL_FDCAN_RxFifo0Callback	16	static
../Core/Src/fdcan.c:540:6:Parse_Charger_Message	24	static
../Core/Src/fdcan.c:560:6:CAN_DataTX_1s	8	static
