../Core/Src/main.c:108:5:main	8	static
../Core/Src/main.c:228:6:SystemClock_Config	120	static
../Core/Src/main.c:288:6:PeriphCommonClock_Config	216	static
../Core/Src/main.c:314:6:HAL_ADC_ConvCpltCallback	16	static
../Core/Src/main.c:320:6:getMCUTemp	8	static
../Core/Src/main.c:329:6:HAL_TIM_PeriodElapsedCallback	16	static
../Core/Src/main.c:349:6:Fan_All	16	static
../Core/Src/main.c:368:6:Fan_1	16	static
../Core/Src/main.c:381:6:Fan_2	16	static
../Core/Src/main.c:393:6:Fan_3	16	static
../Core/Src/main.c:404:6:Fan_4	16	static
../Core/Src/main.c:414:6:Fan_5	16	static
../Core/Src/main.c:434:6:Error_Handler	4	static,ignoring_inline_asm
