19:14:16 **** Incremental Build of configuration Debug for project AMS_H523 ****
make -j7 all 
arm-none-eabi-gcc "../Core/Src/main.c" -mcpu=cortex-m33 -std=gnu11 -g3 -DDEBUG -DUSE_HAL_DRIVER -DSTM32H523xx -c -I../Core/Inc -I/Users/vaibhavmb/Documents/AMS/AMS_H523/Core/ADBMS6830/inc -I/Users/vaibhavmb/Documents/AMS/AMS_H523/Core/ADBMS2950/inc -I../Drivers/STM32H5xx_HAL_Driver/Inc -I../Drivers/STM32H5xx_HAL_Driver/Inc/Legacy -I../Drivers/CMSIS/Device/ST/STM32H5xx/Include -I../Drivers/CMSIS/Include -O0 -ffunction-sections -fdata-sections -Wall -fstack-usage -fcyclomatic-complexity -MMD -MP -MF"Core/Src/main.d" -MT"Core/Src/main.o" --specs=nano.specs -mfpu=fpv5-sp-d16 -mfloat-abi=hard -mthumb -o "Core/Src/main.o"
../Core/Src/main.c: In function 'main':
../Core/Src/main.c:188:19: warning: implicit declaration of function 'readI' [-Wimplicit-function-declaration]
  188 |                   readI();
      |                   ^~~~~
../Core/Src/main.c:189:19: warning: implicit declaration of function 'ad29Delay_us' [-Wimplicit-function-declaration]
  189 |                   ad29Delay_us(2500);
      |                   ^~~~~~~~~~~~
arm-none-eabi-gcc -o "AMS_H523.elf" @"objects.list"   -mcpu=cortex-m33 -T"/Users/vaibhavmb/Documents/AMS/AMS_H523/STM32H523CETX_FLASH.ld" --specs=nosys.specs -Wl,-Map="AMS_H523.map" -Wl,--gc-sections -static -u _printf_float --specs=nano.specs -mfpu=fpv5-sp-d16 -mfloat-abi=hard -mthumb -Wl,--start-group -lc -lm -Wl,--end-group
Finished building target: AMS_H523.elf
 
arm-none-eabi-size  AMS_H523.elf 
arm-none-eabi-objdump -h -S AMS_H523.elf  > "AMS_H523.list"
   text	   data	    bss	    dec	    hex	filename
 107956	    552	   8152	 116660	  1c7b4	AMS_H523.elf
Finished building: default.size.stdout
 
Finished building: AMS_H523.list
 

19:14:17 Build Finished. 0 errors, 2 warnings. (took 1s.662ms)

