14:10:45 **** Incremental Build of configuration Debug for project AMS_H523 ****
make -j7 all 
arm-none-eabi-gcc "../Core/Src/main.c" -mcpu=cortex-m33 -std=gnu11 -g3 -DDEBUG -DUSE_HAL_DRIVER -DSTM32H523xx -c -I../Core/Inc -I/Users/vaibhavmb/Documents/AMS/AMS_H523/Core/ADBMS6830/inc -I/Users/vaibhavmb/Documents/AMS/AMS_H523/Core/ADBMS2950/inc -I../Drivers/STM32H5xx_HAL_Driver/Inc -I../Drivers/STM32H5xx_HAL_Driver/Inc/Legacy -I../Drivers/CMSIS/Device/ST/STM32H5xx/Include -I../Drivers/CMSIS/Include -O0 -ffunction-sections -fdata-sections -Wall -fstack-usage -fcyclomatic-complexity -MMD -MP -MF"Core/Src/main.d" -MT"Core/Src/main.o" --specs=nano.specs -mfpu=fpv5-sp-d16 -mfloat-abi=hard -mthumb -o "Core/Src/main.o"
../Core/Src/main.c: In function 'main':
../Core/Src/main.c:172:19: warning: implicit declaration of function 'readI' [-Wimplicit-function-declaration]
  172 |                   readI();
      |                   ^~~~~
../Core/Src/main.c:173:19: warning: implicit declaration of function 'ad29Delay_us' [-Wimplicit-function-declaration]
  173 |                   ad29Delay_us(2500);
      |                   ^~~~~~~~~~~~
arm-none-eabi-gcc -o "AMS_H523.elf" @"objects.list"   -mcpu=cortex-m33 -T"/Users/vaibhavmb/Documents/AMS/AMS_H523/STM32H523CETX_FLASH.ld" --specs=nosys.specs -Wl,-Map="AMS_H523.map" -Wl,--gc-sections -static -u _printf_float --specs=nano.specs -mfpu=fpv5-sp-d16 -mfloat-abi=hard -mthumb -Wl,--start-group -lc -lm -Wl,--end-group
Finished building target: AMS_H523.elf
 
arm-none-eabi-size  AMS_H523.elf 
arm-none-eabi-objdump -h -S AMS_H523.elf  > "AMS_H523.list"
   text	   data	    bss	    dec	    hex	filename
 109676	    584	   8808	 119068	  1d11c	AMS_H523.elf
Finished building: default.size.stdout
 
Finished building: AMS_H523.list
 
14:51:20 **** Incremental Build of configuration Debug for project AMS_H523 ****
make -j7 all 
arm-none-eabi-gcc "../Core/Src/adc.c" -mcpu=cortex-m33 -std=gnu11 -g3 -DDEBUG -DUSE_HAL_DRIVER -DSTM32H523xx -c -I../Core/Inc -I/Users/vaibhavmb/Documents/AMS/AMS_H523/Core/ADBMS6830/inc -I/Users/vaibhavmb/Documents/AMS/AMS_H523/Core/ADBMS2950/inc -I../Drivers/STM32H5xx_HAL_Driver/Inc -I../Drivers/STM32H5xx_HAL_Driver/Inc/Legacy -I../Drivers/CMSIS/Device/ST/STM32H5xx/Include -I../Drivers/CMSIS/Include -O0 -ffunction-sections -fdata-sections -Wall -fstack-usage -fcyclomatic-complexity -MMD -MP -MF"Core/Src/adc.d" -MT"Core/Src/adc.o" --specs=nano.specs -mfpu=fpv5-sp-d16 -mfloat-abi=hard -mthumb -o "Core/Src/adc.o"
arm-none-eabi-gcc "../Core/Src/fdcan.c" -mcpu=cortex-m33 -std=gnu11 -g3 -DDEBUG -DUSE_HAL_DRIVER -DSTM32H523xx -c -I../Core/Inc -I/Users/vaibhavmb/Documents/AMS/AMS_H523/Core/ADBMS6830/inc -I/Users/vaibhavmb/Documents/AMS/AMS_H523/Core/ADBMS2950/inc -I../Drivers/STM32H5xx_HAL_Driver/Inc -I../Drivers/STM32H5xx_HAL_Driver/Inc/Legacy -I../Drivers/CMSIS/Device/ST/STM32H5xx/Include -I../Drivers/CMSIS/Include -O0 -ffunction-sections -fdata-sections -Wall -fstack-usage -fcyclomatic-complexity -MMD -MP -MF"Core/Src/fdcan.d" -MT"Core/Src/fdcan.o" --specs=nano.specs -mfpu=fpv5-sp-d16 -mfloat-abi=hard -mthumb -o "Core/Src/fdcan.o"
arm-none-eabi-gcc "../Core/Src/gpdma.c" -mcpu=cortex-m33 -std=gnu11 -g3 -DDEBUG -DUSE_HAL_DRIVER -DSTM32H523xx -c -I../Core/Inc -I/Users/vaibhavmb/Documents/AMS/AMS_H523/Core/ADBMS6830/inc -I/Users/vaibhavmb/Documents/AMS/AMS_H523/Core/ADBMS2950/inc -I../Drivers/STM32H5xx_HAL_Driver/Inc -I../Drivers/STM32H5xx_HAL_Driver/Inc/Legacy -I../Drivers/CMSIS/Device/ST/STM32H5xx/Include -I../Drivers/CMSIS/Include -O0 -ffunction-sections -fdata-sections -Wall -fstack-usage -fcyclomatic-complexity -MMD -MP -MF"Core/Src/gpdma.d" -MT"Core/Src/gpdma.o" --specs=nano.specs -mfpu=fpv5-sp-d16 -mfloat-abi=hard -mthumb -o "Core/Src/gpdma.o"
arm-none-eabi-gcc "../Core/Src/gpio.c" -mcpu=cortex-m33 -std=gnu11 -g3 -DDEBUG -DUSE_HAL_DRIVER -DSTM32H523xx -c -I../Core/Inc -I/Users/vaibhavmb/Documents/AMS/AMS_H523/Core/ADBMS6830/inc -I/Users/vaibhavmb/Documents/AMS/AMS_H523/Core/ADBMS2950/inc -I../Drivers/STM32H5xx_HAL_Driver/Inc -I../Drivers/STM32H5xx_HAL_Driver/Inc/Legacy -I../Drivers/CMSIS/Device/ST/STM32H5xx/Include -I../Drivers/CMSIS/Include -O0 -ffunction-sections -fdata-sections -Wall -fstack-usage -fcyclomatic-complexity -MMD -MP -MF"Core/Src/gpio.d" -MT"Core/Src/gpio.o" --specs=nano.specs -mfpu=fpv5-sp-d16 -mfloat-abi=hard -mthumb -o "Core/Src/gpio.o"
arm-none-eabi-gcc "../Core/Src/main.c" -mcpu=cortex-m33 -std=gnu11 -g3 -DDEBUG -DUSE_HAL_DRIVER -DSTM32H523xx -c -I../Core/Inc -I/Users/vaibhavmb/Documents/AMS/AMS_H523/Core/ADBMS6830/inc -I/Users/vaibhavmb/Documents/AMS/AMS_H523/Core/ADBMS2950/inc -I../Drivers/STM32H5xx_HAL_Driver/Inc -I../Drivers/STM32H5xx_HAL_Driver/Inc/Legacy -I../Drivers/CMSIS/Device/ST/STM32H5xx/Include -I../Drivers/CMSIS/Include -O0 -ffunction-sections -fdata-sections -Wall -fstack-usage -fcyclomatic-complexity -MMD -MP -MF"Core/Src/main.d" -MT"Core/Src/main.o" --specs=nano.specs -mfpu=fpv5-sp-d16 -mfloat-abi=hard -mthumb -o "Core/Src/main.o"
arm-none-eabi-gcc "../Core/Src/spi.c" -mcpu=cortex-m33 -std=gnu11 -g3 -DDEBUG -DUSE_HAL_DRIVER -DSTM32H523xx -c -I../Core/Inc -I/Users/vaibhavmb/Documents/AMS/AMS_H523/Core/ADBMS6830/inc -I/Users/vaibhavmb/Documents/AMS/AMS_H523/Core/ADBMS2950/inc -I../Drivers/STM32H5xx_HAL_Driver/Inc -I../Drivers/STM32H5xx_HAL_Driver/Inc/Legacy -I../Drivers/CMSIS/Device/ST/STM32H5xx/Include -I../Drivers/CMSIS/Include -O0 -ffunction-sections -fdata-sections -Wall -fstack-usage -fcyclomatic-complexity -MMD -MP -MF"Core/Src/spi.d" -MT"Core/Src/spi.o" --specs=nano.specs -mfpu=fpv5-sp-d16 -mfloat-abi=hard -mthumb -o "Core/Src/spi.o"
arm-none-eabi-gcc "../Core/Src/stm32h5xx_hal_msp.c" -mcpu=cortex-m33 -std=gnu11 -g3 -DDEBUG -DUSE_HAL_DRIVER -DSTM32H523xx -c -I../Core/Inc -I/Users/vaibhavmb/Documents/AMS/AMS_H523/Core/ADBMS6830/inc -I/Users/vaibhavmb/Documents/AMS/AMS_H523/Core/ADBMS2950/inc -I../Drivers/STM32H5xx_HAL_Driver/Inc -I../Drivers/STM32H5xx_HAL_Driver/Inc/Legacy -I../Drivers/CMSIS/Device/ST/STM32H5xx/Include -I../Drivers/CMSIS/Include -O0 -ffunction-sections -fdata-sections -Wall -fstack-usage -fcyclomatic-complexity -MMD -MP -MF"Core/Src/stm32h5xx_hal_msp.d" -MT"Core/Src/stm32h5xx_hal_msp.o" --specs=nano.specs -mfpu=fpv5-sp-d16 -mfloat-abi=hard -mthumb -o "Core/Src/stm32h5xx_hal_msp.o"
../Core/Src/main.c: In function 'main':
../Core/Src/main.c:187:19: warning: implicit declaration of function 'readI' [-Wimplicit-function-declaration]
  187 |                   readI();
      |                   ^~~~~
../Core/Src/main.c:188:19: warning: implicit declaration of function 'ad29Delay_us' [-Wimplicit-function-declaration]
  188 |                   ad29Delay_us(2500);
      |                   ^~~~~~~~~~~~
arm-none-eabi-gcc "../Core/Src/stm32h5xx_it.c" -mcpu=cortex-m33 -std=gnu11 -g3 -DDEBUG -DUSE_HAL_DRIVER -DSTM32H523xx -c -I../Core/Inc -I/Users/vaibhavmb/Documents/AMS/AMS_H523/Core/ADBMS6830/inc -I/Users/vaibhavmb/Documents/AMS/AMS_H523/Core/ADBMS2950/inc -I../Drivers/STM32H5xx_HAL_Driver/Inc -I../Drivers/STM32H5xx_HAL_Driver/Inc/Legacy -I../Drivers/CMSIS/Device/ST/STM32H5xx/Include -I../Drivers/CMSIS/Include -O0 -ffunction-sections -fdata-sections -Wall -fstack-usage -fcyclomatic-complexity -MMD -MP -MF"Core/Src/stm32h5xx_it.d" -MT"Core/Src/stm32h5xx_it.o" --specs=nano.specs -mfpu=fpv5-sp-d16 -mfloat-abi=hard -mthumb -o "Core/Src/stm32h5xx_it.o"
../Core/ADBMS6830/src/adBms_Application.c:436:1: warning: "/*" within comment [-Wcomment]
arm-none-eabi-gcc "../Core/Src/tim.c" -mcpu=cortex-m33 -std=gnu11 -g3 -DDEBUG -DUSE_HAL_DRIVER -DSTM32H523xx -c -I../Core/Inc -I/Users/vaibhavmb/Documents/AMS/AMS_H523/Core/ADBMS6830/inc -I/Users/vaibhavmb/Documents/AMS/AMS_H523/Core/ADBMS2950/inc -I../Drivers/STM32H5xx_HAL_Driver/Inc -I../Drivers/STM32H5xx_HAL_Driver/Inc/Legacy -I../Drivers/CMSIS/Device/ST/STM32H5xx/Include -I../Drivers/CMSIS/Include -O0 -ffunction-sections -fdata-sections -Wall -fstack-usage -fcyclomatic-complexity -MMD -MP -MF"Core/Src/tim.d" -MT"Core/Src/tim.o" --specs=nano.specs -mfpu=fpv5-sp-d16 -mfloat-abi=hard -mthumb -o "Core/Src/tim.o"
  436 | /**
      |  
arm-none-eabi-gcc "../Core/Src/usart.c" -mcpu=cortex-m33 -std=gnu11 -g3 -DDEBUG -DUSE_HAL_DRIVER -DSTM32H523xx -c -I../Core/Inc -I/Users/vaibhavmb/Documents/AMS/AMS_H523/Core/ADBMS6830/inc -I/Users/vaibhavmb/Documents/AMS/AMS_H523/Core/ADBMS2950/inc -I../Drivers/STM32H5xx_HAL_Driver/Inc -I../Drivers/STM32H5xx_HAL_Driver/Inc/Legacy -I../Drivers/CMSIS/Device/ST/STM32H5xx/Include -I../Drivers/CMSIS/Include -O0 -ffunction-sections -fdata-sections -Wall -fstack-usage -fcyclomatic-complexity -MMD -MP -MF"Core/Src/usart.d" -MT"Core/Src/usart.o" --specs=nano.specs -mfpu=fpv5-sp-d16 -mfloat-abi=hard -mthumb -o "Core/Src/usart.o"
arm-none-eabi-gcc "../Core/ADBMS6830/src/adBms6830GenericType.c" -mcpu=cortex-m33 -std=gnu11 -g3 -DDEBUG -DUSE_HAL_DRIVER -DSTM32H523xx -c -I../Core/Inc -I/Users/vaibhavmb/Documents/AMS/AMS_H523/Core/ADBMS6830/inc -I/Users/vaibhavmb/Documents/AMS/AMS_H523/Core/ADBMS2950/inc -I../Drivers/STM32H5xx_HAL_Driver/Inc -I../Drivers/STM32H5xx_HAL_Driver/Inc/Legacy -I../Drivers/CMSIS/Device/ST/STM32H5xx/Include -I../Drivers/CMSIS/Include -O0 -ffunction-sections -fdata-sections -Wall -fstack-usage -fcyclomatic-complexity -MMD -MP -MF"Core/ADBMS6830/src/adBms6830GenericType.d" -MT"Core/ADBMS6830/src/adBms6830GenericType.o" --specs=nano.specs -mfpu=fpv5-sp-d16 -mfloat-abi=hard -mthumb -o "Core/ADBMS6830/src/adBms6830GenericType.o"
arm-none-eabi-gcc "../Core/ADBMS6830/src/adBms6830ParseCreate.c" -mcpu=cortex-m33 -std=gnu11 -g3 -DDEBUG -DUSE_HAL_DRIVER -DSTM32H523xx -c -I../Core/Inc -I/Users/vaibhavmb/Documents/AMS/AMS_H523/Core/ADBMS6830/inc -I/Users/vaibhavmb/Documents/AMS/AMS_H523/Core/ADBMS2950/inc -I../Drivers/STM32H5xx_HAL_Driver/Inc -I../Drivers/STM32H5xx_HAL_Driver/Inc/Legacy -I../Drivers/CMSIS/Device/ST/STM32H5xx/Include -I../Drivers/CMSIS/Include -O0 -ffunction-sections -fdata-sections -Wall -fstack-usage -fcyclomatic-complexity -MMD -MP -MF"Core/ADBMS6830/src/adBms6830ParseCreate.d" -MT"Core/ADBMS6830/src/adBms6830ParseCreate.o" --specs=nano.specs -mfpu=fpv5-sp-d16 -mfloat-abi=hard -mthumb -o "Core/ADBMS6830/src/adBms6830ParseCreate.o"
arm-none-eabi-gcc "../Core/ADBMS6830/src/adBms_Application.c" -mcpu=cortex-m33 -std=gnu11 -g3 -DDEBUG -DUSE_HAL_DRIVER -DSTM32H523xx -c -I../Core/Inc -I/Users/vaibhavmb/Documents/AMS/AMS_H523/Core/ADBMS6830/inc -I/Users/vaibhavmb/Documents/AMS/AMS_H523/Core/ADBMS2950/inc -I../Drivers/STM32H5xx_HAL_Driver/Inc -I../Drivers/STM32H5xx_HAL_Driver/Inc/Legacy -I../Drivers/CMSIS/Device/ST/STM32H5xx/Include -I../Drivers/CMSIS/Include -O0 -ffunction-sections -fdata-sections -Wall -fstack-usage -fcyclomatic-complexity -MMD -MP -MF"Core/ADBMS6830/src/adBms_Application.d" -MT"Core/ADBMS6830/src/adBms_Application.o" --specs=nano.specs -mfpu=fpv5-sp-d16 -mfloat-abi=hard -mthumb -o "Core/ADBMS6830/src/adBms_Application.o"
arm-none-eabi-gcc "../Core/ADBMS6830/src/custom_calc_func.c" -mcpu=cortex-m33 -std=gnu11 -g3 -DDEBUG -DUSE_HAL_DRIVER -DSTM32H523xx -c -I../Core/Inc -I/Users/vaibhavmb/Documents/AMS/AMS_H523/Core/ADBMS6830/inc -I/Users/vaibhavmb/Documents/AMS/AMS_H523/Core/ADBMS2950/inc -I../Drivers/STM32H5xx_HAL_Driver/Inc -I../Drivers/STM32H5xx_HAL_Driver/Inc/Legacy -I../Drivers/CMSIS/Device/ST/STM32H5xx/Include -I../Drivers/CMSIS/Include -O0 -ffunction-sections -fdata-sections -Wall -fstack-usage -fcyclomatic-complexity -MMD -MP -MF"Core/ADBMS6830/src/custom_calc_func.d" -MT"Core/ADBMS6830/src/custom_calc_func.o" --specs=nano.specs -mfpu=fpv5-sp-d16 -mfloat-abi=hard -mthumb -o "Core/ADBMS6830/src/custom_calc_func.o"
../Core/ADBMS6830/src/adBms6830GenericType.c: In function 'adBmsWriteData':
arm-none-eabi-gcc "../Core/ADBMS6830/src/mcuWrapper.c" -mcpu=cortex-m33 -std=gnu11 -g3 -DDEBUG -DUSE_HAL_DRIVER -DSTM32H523xx -c -I../Core/Inc -I/Users/vaibhavmb/Documents/AMS/AMS_H523/Core/ADBMS6830/inc -I/Users/vaibhavmb/Documents/AMS/AMS_H523/Core/ADBMS2950/inc -I../Drivers/STM32H5xx_HAL_Driver/Inc -I../Drivers/STM32H5xx_HAL_Driver/Inc/Legacy -I../Drivers/CMSIS/Device/ST/STM32H5xx/Include -I../Drivers/CMSIS/Include -O0 -ffunction-sections -fdata-sections -Wall -fstack-usage -fcyclomatic-complexity -MMD -MP -MF"Core/ADBMS6830/src/mcuWrapper.d" -MT"Core/ADBMS6830/src/mcuWrapper.o" --specs=nano.specs -mfpu=fpv5-sp-d16 -mfloat-abi=hard -mthumb -o "Core/ADBMS6830/src/mcuWrapper.o"
arm-none-eabi-gcc "../Core/ADBMS6830/src/serialPrintResult.c" -mcpu=cortex-m33 -std=gnu11 -g3 -DDEBUG -DUSE_HAL_DRIVER -DSTM32H523xx -c -I../Core/Inc -I/Users/vaibhavmb/Documents/AMS/AMS_H523/Core/ADBMS6830/inc -I/Users/vaibhavmb/Documents/AMS/AMS_H523/Core/ADBMS2950/inc -I../Drivers/STM32H5xx_HAL_Driver/Inc -I../Drivers/STM32H5xx_HAL_Driver/Inc/Legacy -I../Drivers/CMSIS/Device/ST/STM32H5xx/Include -I../Drivers/CMSIS/Include -O0 -ffunction-sections -fdata-sections -Wall -fstack-usage -fcyclomatic-complexity -MMD -MP -MF"Core/ADBMS6830/src/serialPrintResult.d" -MT"Core/ADBMS6830/src/serialPrintResult.o" --specs=nano.specs -mfpu=fpv5-sp-d16 -mfloat-abi=hard -mthumb -o "Core/ADBMS6830/src/serialPrintResult.o"
arm-none-eabi-gcc "../Core/ADBMS2950/src/adbms_2950.c" -mcpu=cortex-m33 -std=gnu11 -g3 -DDEBUG -DUSE_HAL_DRIVER -DSTM32H523xx -c -I../Core/Inc -I/Users/vaibhavmb/Documents/AMS/AMS_H523/Core/ADBMS6830/inc -I/Users/vaibhavmb/Documents/AMS/AMS_H523/Core/ADBMS2950/inc -I../Drivers/STM32H5xx_HAL_Driver/Inc -I../Drivers/STM32H5xx_HAL_Driver/Inc/Legacy -I../Drivers/CMSIS/Device/ST/STM32H5xx/Include -I../Drivers/CMSIS/Include -O0 -ffunction-sections -fdata-sections -Wall -fstack-usage -fcyclomatic-complexity -MMD -MP -MF"Core/ADBMS2950/src/adbms_2950.d" -MT"Core/ADBMS2950/src/adbms_2950.o" --specs=nano.specs -mfpu=fpv5-sp-d16 -mfloat-abi=hard -mthumb -o "Core/ADBMS2950/src/adbms_2950.o"
arm-none-eabi-gcc "../Core/ADBMS2950/src/pal.c" -mcpu=cortex-m33 -std=gnu11 -g3 -DDEBUG -DUSE_HAL_DRIVER -DSTM32H523xx -c -I../Core/Inc -I/Users/vaibhavmb/Documents/AMS/AMS_H523/Core/ADBMS6830/inc -I/Users/vaibhavmb/Documents/AMS/AMS_H523/Core/ADBMS2950/inc -I../Drivers/STM32H5xx_HAL_Driver/Inc -I../Drivers/STM32H5xx_HAL_Driver/Inc/Legacy -I../Drivers/CMSIS/Device/ST/STM32H5xx/Include -I../Drivers/CMSIS/Include -O0 -ffunction-sections -fdata-sections -Wall -fstack-usage -fcyclomatic-complexity -MMD -MP -MF"Core/ADBMS2950/src/pal.d" -MT"Core/ADBMS2950/src/pal.o" --specs=nano.specs -mfpu=fpv5-sp-d16 -mfloat-abi=hard -mthumb -o "Core/ADBMS2950/src/pal.o"
arm-none-eabi-gcc -o "AMS_H523.elf" @"objects.list"   -mcpu=cortex-m33 -T"/Users/vaibhavmb/Documents/AMS/AMS_H523/STM32H523CETX_FLASH.ld" --specs=nosys.specs -Wl,-Map="AMS_H523.map" -Wl,--gc-sections -static -u _printf_float --specs=nano.specs -mfpu=fpv5-sp-d16 -mfloat-abi=hard -mthumb -Wl,--start-group -lc -lm -Wl,--end-group
../Core/ADBMS6830/src/adBms6830GenericType.c:721:7: warning: enumeration value 'ALL_GRP' not handled in switch [-Wswitch]
Finished building target: AMS_H523.elf
  721 |       switch (group)
      |       ^~~~~~
../Core/ADBMS6830/src/adBms6830GenericType.c:721:7: warning: enumeration value 'C' not handled in switch [-Wswitch]
 
arm-none-eabi-size  AMS_H523.elf 
arm-none-eabi-objdump -h -S AMS_H523.elf  > "AMS_H523.list"
../Core/ADBMS6830/src/adBms6830GenericType.c:721:7: warning: enumeration value 'D' not handled in switch [-Wswitch]
../Core/ADBMS6830/src/adBms6830GenericType.c:721:7: warning: enumeration value 'E' not handled in switch [-Wswitch]
   text	   data	    bss	    dec	    hex	filename
../Core/ADBMS6830/src/adBms6830GenericType.c:721:7: warning: enumeration value 'F' not handled in switch [-Wswitch]
 109804	    584	   8808	 119196	  1d19c	AMS_H523.elf
../Core/ADBMS6830/src/adBms6830GenericType.c:721:7: warning: enumeration value 'NONE' not handled in switch [-Wswitch]
../Core/ADBMS6830/src/adBms6830GenericType.c:758:7: warning: enumeration value 'ALL_GRP' not handled in switch [-Wswitch]
  758 |       switch (group)
      |       ^~~~~~
../Core/ADBMS6830/src/adBms6830GenericType.c:758:7: warning: enumeration value 'C' not handled in switch [-Wswitch]
../Core/ADBMS6830/src/adBms6830GenericType.c:758:7: warning: enumeration value 'D' not handled in switch [-Wswitch]
../Core/ADBMS6830/src/adBms6830GenericType.c:758:7: warning: enumeration value 'E' not handled in switch [-Wswitch]
../Core/ADBMS6830/src/adBms6830GenericType.c:758:7: warning: enumeration value 'F' not handled in switch [-Wswitch]
../Core/ADBMS6830/src/adBms6830GenericType.c:758:7: warning: enumeration value 'NONE' not handled in switch [-Wswitch]
Finished building: default.size.stdout
 
Finished building: AMS_H523.list
 
14:53:48 **** Incremental Build of configuration Debug for project AMS_H523 ****
make -j7 all 
arm-none-eabi-size  AMS_H523.elf 
   text	   data	    bss	    dec	    hex	filename
 109804	    584	   8808	 119196	  1d19c	AMS_H523.elf
Finished building: default.size.stdout
 
14:55:36 **** Incremental Build of configuration Debug for project AMS_H523 ****
make -j7 all 
arm-none-eabi-gcc "../Core/ADBMS6830/src/adBms_Application.c" -mcpu=cortex-m33 -std=gnu11 -g3 -DDEBUG -DUSE_HAL_DRIVER -DSTM32H523xx -c -I../Core/Inc -I/Users/vaibhavmb/Documents/AMS/AMS_H523/Core/ADBMS6830/inc -I/Users/vaibhavmb/Documents/AMS/AMS_H523/Core/ADBMS2950/inc -I../Drivers/STM32H5xx_HAL_Driver/Inc -I../Drivers/STM32H5xx_HAL_Driver/Inc/Legacy -I../Drivers/CMSIS/Device/ST/STM32H5xx/Include -I../Drivers/CMSIS/Include -O0 -ffunction-sections -fdata-sections -Wall -fstack-usage -fcyclomatic-complexity -MMD -MP -MF"Core/ADBMS6830/src/adBms_Application.d" -MT"Core/ADBMS6830/src/adBms_Application.o" --specs=nano.specs -mfpu=fpv5-sp-d16 -mfloat-abi=hard -mthumb -o "Core/ADBMS6830/src/adBms_Application.o"
../Core/ADBMS6830/src/adBms_Application.c:436:1: warning: "/*" within comment [-Wcomment]
  436 | /**
      |  
arm-none-eabi-gcc -o "AMS_H523.elf" @"objects.list"   -mcpu=cortex-m33 -T"/Users/vaibhavmb/Documents/AMS/AMS_H523/STM32H523CETX_FLASH.ld" --specs=nosys.specs -Wl,-Map="AMS_H523.map" -Wl,--gc-sections -static -u _printf_float --specs=nano.specs -mfpu=fpv5-sp-d16 -mfloat-abi=hard -mthumb -Wl,--start-group -lc -lm -Wl,--end-group
Finished building target: AMS_H523.elf
 
arm-none-eabi-size  AMS_H523.elf 
arm-none-eabi-objdump -h -S AMS_H523.elf  > "AMS_H523.list"
   text	   data	    bss	    dec	    hex	filename
 109804	    584	   8216	 118604	  1cf4c	AMS_H523.elf
Finished building: default.size.stdout
 
Finished building: AMS_H523.list
 
14:56:24 **** Incremental Build of configuration Debug for project AMS_H523 ****
make -j7 all 
arm-none-eabi-gcc "../Core/Src/main.c" -mcpu=cortex-m33 -std=gnu11 -g3 -DDEBUG -DUSE_HAL_DRIVER -DSTM32H523xx -c -I../Core/Inc -I/Users/vaibhavmb/Documents/AMS/AMS_H523/Core/ADBMS6830/inc -I/Users/vaibhavmb/Documents/AMS/AMS_H523/Core/ADBMS2950/inc -I../Drivers/STM32H5xx_HAL_Driver/Inc -I../Drivers/STM32H5xx_HAL_Driver/Inc/Legacy -I../Drivers/CMSIS/Device/ST/STM32H5xx/Include -I../Drivers/CMSIS/Include -O0 -ffunction-sections -fdata-sections -Wall -fstack-usage -fcyclomatic-complexity -MMD -MP -MF"Core/Src/main.d" -MT"Core/Src/main.o" --specs=nano.specs -mfpu=fpv5-sp-d16 -mfloat-abi=hard -mthumb -o "Core/Src/main.o"
../Core/Src/main.c: In function 'main':
../Core/Src/main.c:187:19: warning: implicit declaration of function 'readI' [-Wimplicit-function-declaration]
  187 |                   readI();
      |                   ^~~~~
../Core/Src/main.c:188:19: warning: implicit declaration of function 'ad29Delay_us' [-Wimplicit-function-declaration]
  188 |                   ad29Delay_us(2500);
      |                   ^~~~~~~~~~~~
arm-none-eabi-gcc -o "AMS_H523.elf" @"objects.list"   -mcpu=cortex-m33 -T"/Users/vaibhavmb/Documents/AMS/AMS_H523/STM32H523CETX_FLASH.ld" --specs=nosys.specs -Wl,-Map="AMS_H523.map" -Wl,--gc-sections -static -u _printf_float --specs=nano.specs -mfpu=fpv5-sp-d16 -mfloat-abi=hard -mthumb -Wl,--start-group -lc -lm -Wl,--end-group
Finished building target: AMS_H523.elf
 
arm-none-eabi-size  AMS_H523.elf 
arm-none-eabi-objdump -h -S AMS_H523.elf  > "AMS_H523.list"
   text	   data	    bss	    dec	    hex	filename
 108452	    552	   8208	 117212	  1c9dc	AMS_H523.elf
Finished building: default.size.stdout
 
Finished building: AMS_H523.list
 
14:57:20 **** Incremental Build of configuration Debug for project AMS_H523 ****
make -j7 all 
arm-none-eabi-gcc "../Core/Src/main.c" -mcpu=cortex-m33 -std=gnu11 -g3 -DDEBUG -DUSE_HAL_DRIVER -DSTM32H523xx -c -I../Core/Inc -I/Users/vaibhavmb/Documents/AMS/AMS_H523/Core/ADBMS6830/inc -I/Users/vaibhavmb/Documents/AMS/AMS_H523/Core/ADBMS2950/inc -I../Drivers/STM32H5xx_HAL_Driver/Inc -I../Drivers/STM32H5xx_HAL_Driver/Inc/Legacy -I../Drivers/CMSIS/Device/ST/STM32H5xx/Include -I../Drivers/CMSIS/Include -O0 -ffunction-sections -fdata-sections -Wall -fstack-usage -fcyclomatic-complexity -MMD -MP -MF"Core/Src/main.d" -MT"Core/Src/main.o" --specs=nano.specs -mfpu=fpv5-sp-d16 -mfloat-abi=hard -mthumb -o "Core/Src/main.o"
../Core/Src/main.c: In function 'main':
../Core/Src/main.c:187:19: warning: implicit declaration of function 'readI' [-Wimplicit-function-declaration]
  187 |                   readI();
      |                   ^~~~~
../Core/Src/main.c:188:19: warning: implicit declaration of function 'ad29Delay_us' [-Wimplicit-function-declaration]
  188 |                   ad29Delay_us(2500);
      |                   ^~~~~~~~~~~~
arm-none-eabi-gcc -o "AMS_H523.elf" @"objects.list"   -mcpu=cortex-m33 -T"/Users/vaibhavmb/Documents/AMS/AMS_H523/STM32H523CETX_FLASH.ld" --specs=nosys.specs -Wl,-Map="AMS_H523.map" -Wl,--gc-sections -static -u _printf_float --specs=nano.specs -mfpu=fpv5-sp-d16 -mfloat-abi=hard -mthumb -Wl,--start-group -lc -lm -Wl,--end-group
Finished building target: AMS_H523.elf
 
arm-none-eabi-size  AMS_H523.elf 
arm-none-eabi-objdump -h -S AMS_H523.elf  > "AMS_H523.list"
   text	   data	    bss	    dec	    hex	filename
 107956	    552	   8152	 116660	  1c7b4	AMS_H523.elf
Finished building: default.size.stdout
 
Finished building: AMS_H523.list
 
15:19:34 **** Incremental Build of configuration Debug for project AMS_H523 ****
make -j7 all 
arm-none-eabi-size  AMS_H523.elf 
   text	   data	    bss	    dec	    hex	filename
 107956	    552	   8152	 116660	  1c7b4	AMS_H523.elf
Finished building: default.size.stdout
 
15:20:21 **** Incremental Build of configuration Debug for project AMS_H523 ****
make -j7 all 
arm-none-eabi-size  AMS_H523.elf 
   text	   data	    bss	    dec	    hex	filename
 107956	    552	   8152	 116660	  1c7b4	AMS_H523.elf
Finished building: default.size.stdout
 
15:21:48 **** Incremental Build of configuration Debug for project AMS_H523 ****
make -j7 all 
arm-none-eabi-gcc "../Core/Src/main.c" -mcpu=cortex-m33 -std=gnu11 -g3 -DDEBUG -DUSE_HAL_DRIVER -DSTM32H523xx -c -I../Core/Inc -I/Users/vaibhavmb/Documents/AMS/AMS_H523/Core/ADBMS6830/inc -I/Users/vaibhavmb/Documents/AMS/AMS_H523/Core/ADBMS2950/inc -I../Drivers/STM32H5xx_HAL_Driver/Inc -I../Drivers/STM32H5xx_HAL_Driver/Inc/Legacy -I../Drivers/CMSIS/Device/ST/STM32H5xx/Include -I../Drivers/CMSIS/Include -O0 -ffunction-sections -fdata-sections -Wall -fstack-usage -fcyclomatic-complexity -MMD -MP -MF"Core/Src/main.d" -MT"Core/Src/main.o" --specs=nano.specs -mfpu=fpv5-sp-d16 -mfloat-abi=hard -mthumb -o "Core/Src/main.o"
../Core/Src/main.c: In function 'main':
../Core/Src/main.c:187:19: warning: implicit declaration of function 'readI' [-Wimplicit-function-declaration]
  187 |                   readI();
      |                   ^~~~~
../Core/Src/main.c:188:19: warning: implicit declaration of function 'ad29Delay_us' [-Wimplicit-function-declaration]
  188 |                   ad29Delay_us(2500);
      |                   ^~~~~~~~~~~~
arm-none-eabi-gcc -o "AMS_H523.elf" @"objects.list"   -mcpu=cortex-m33 -T"/Users/vaibhavmb/Documents/AMS/AMS_H523/STM32H523CETX_FLASH.ld" --specs=nosys.specs -Wl,-Map="AMS_H523.map" -Wl,--gc-sections -static -u _printf_float --specs=nano.specs -mfpu=fpv5-sp-d16 -mfloat-abi=hard -mthumb -Wl,--start-group -lc -lm -Wl,--end-group
Finished building target: AMS_H523.elf
 
arm-none-eabi-size  AMS_H523.elf 
arm-none-eabi-objdump -h -S AMS_H523.elf  > "AMS_H523.list"
   text	   data	    bss	    dec	    hex	filename
 107956	    552	   8152	 116660	  1c7b4	AMS_H523.elf
Finished building: default.size.stdout
 
Finished building: AMS_H523.list
 
19:14:16 **** Incremental Build of configuration Debug for project AMS_H523 ****
make -j7 all 
arm-none-eabi-gcc "../Core/Src/main.c" -mcpu=cortex-m33 -std=gnu11 -g3 -DDEBUG -DUSE_HAL_DRIVER -DSTM32H523xx -c -I../Core/Inc -I/Users/vaibhavmb/Documents/AMS/AMS_H523/Core/ADBMS6830/inc -I/Users/vaibhavmb/Documents/AMS/AMS_H523/Core/ADBMS2950/inc -I../Drivers/STM32H5xx_HAL_Driver/Inc -I../Drivers/STM32H5xx_HAL_Driver/Inc/Legacy -I../Drivers/CMSIS/Device/ST/STM32H5xx/Include -I../Drivers/CMSIS/Include -O0 -ffunction-sections -fdata-sections -Wall -fstack-usage -fcyclomatic-complexity -MMD -MP -MF"Core/Src/main.d" -MT"Core/Src/main.o" --specs=nano.specs -mfpu=fpv5-sp-d16 -mfloat-abi=hard -mthumb -o "Core/Src/main.o"
../Core/Src/main.c: In function 'main':
../Core/Src/main.c:188:19: warning: implicit declaration of function 'readI' [-Wimplicit-function-declaration]
  188 |                   readI();
      |                   ^~~~~
../Core/Src/main.c:189:19: warning: implicit declaration of function 'ad29Delay_us' [-Wimplicit-function-declaration]
  189 |                   ad29Delay_us(2500);
      |                   ^~~~~~~~~~~~
arm-none-eabi-gcc -o "AMS_H523.elf" @"objects.list"   -mcpu=cortex-m33 -T"/Users/vaibhavmb/Documents/AMS/AMS_H523/STM32H523CETX_FLASH.ld" --specs=nosys.specs -Wl,-Map="AMS_H523.map" -Wl,--gc-sections -static -u _printf_float --specs=nano.specs -mfpu=fpv5-sp-d16 -mfloat-abi=hard -mthumb -Wl,--start-group -lc -lm -Wl,--end-group
Finished building target: AMS_H523.elf
 
arm-none-eabi-size  AMS_H523.elf 
arm-none-eabi-objdump -h -S AMS_H523.elf  > "AMS_H523.list"
   text	   data	    bss	    dec	    hex	filename
 107956	    552	   8152	 116660	  1c7b4	AMS_H523.elf
Finished building: default.size.stdout
 
Finished building: AMS_H523.list
 
